Archive member included to satisfy reference by file (symbol)

/opt/altera/15.0/nios2eds/bin/gnu/H-x86_64-pc-linux-gnu/bin/../lib/gcc/nios2-elf/4.9.1/../../../../../H-x86_64-pc-linux-gnu/nios2-elf/lib/libc.a(lib_a-printf.o)
                              obj/default/hello_world.o (printf)
/opt/altera/15.0/nios2eds/bin/gnu/H-x86_64-pc-linux-gnu/bin/../lib/gcc/nios2-elf/4.9.1/../../../../../H-x86_64-pc-linux-gnu/nios2-elf/lib/libc.a(lib_a-puts.o)
                              obj/default/hello_world.o (puts)
/opt/altera/15.0/nios2eds/bin/gnu/H-x86_64-pc-linux-gnu/bin/../lib/gcc/nios2-elf/4.9.1/../../../../../H-x86_64-pc-linux-gnu/nios2-elf/lib/libc.a(lib_a-strlen.o)
                              /opt/altera/15.0/nios2eds/bin/gnu/H-x86_64-pc-linux-gnu/bin/../lib/gcc/nios2-elf/4.9.1/../../../../../H-x86_64-pc-linux-gnu/nios2-elf/lib/libc.a(lib_a-puts.o) (strlen)
/opt/altera/15.0/nios2eds/bin/gnu/H-x86_64-pc-linux-gnu/bin/../lib/gcc/nios2-elf/4.9.1/../../../../../H-x86_64-pc-linux-gnu/nios2-elf/lib/libc.a(lib_a-vfprintf.o)
                              /opt/altera/15.0/nios2eds/bin/gnu/H-x86_64-pc-linux-gnu/bin/../lib/gcc/nios2-elf/4.9.1/../../../../../H-x86_64-pc-linux-gnu/nios2-elf/lib/libc.a(lib_a-printf.o) (___vfprintf_internal_r)
/opt/altera/15.0/nios2eds/bin/gnu/H-x86_64-pc-linux-gnu/bin/../lib/gcc/nios2-elf/4.9.1/../../../../../H-x86_64-pc-linux-gnu/nios2-elf/lib/libc.a(lib_a-wsetup.o)
                              /opt/altera/15.0/nios2eds/bin/gnu/H-x86_64-pc-linux-gnu/bin/../lib/gcc/nios2-elf/4.9.1/../../../../../H-x86_64-pc-linux-gnu/nios2-elf/lib/libc.a(lib_a-vfprintf.o) (__swsetup_r)
/opt/altera/15.0/nios2eds/bin/gnu/H-x86_64-pc-linux-gnu/bin/../lib/gcc/nios2-elf/4.9.1/../../../../../H-x86_64-pc-linux-gnu/nios2-elf/lib/libc.a(lib_a-dtoa.o)
                              /opt/altera/15.0/nios2eds/bin/gnu/H-x86_64-pc-linux-gnu/bin/../lib/gcc/nios2-elf/4.9.1/../../../../../H-x86_64-pc-linux-gnu/nios2-elf/lib/libc.a(lib_a-vfprintf.o) (_dtoa_r)
/opt/altera/15.0/nios2eds/bin/gnu/H-x86_64-pc-linux-gnu/bin/../lib/gcc/nios2-elf/4.9.1/../../../../../H-x86_64-pc-linux-gnu/nios2-elf/lib/libc.a(lib_a-fflush.o)
                              /opt/altera/15.0/nios2eds/bin/gnu/H-x86_64-pc-linux-gnu/bin/../lib/gcc/nios2-elf/4.9.1/../../../../../H-x86_64-pc-linux-gnu/nios2-elf/lib/libc.a(lib_a-vfprintf.o) (_fflush_r)
/opt/altera/15.0/nios2eds/bin/gnu/H-x86_64-pc-linux-gnu/bin/../lib/gcc/nios2-elf/4.9.1/../../../../../H-x86_64-pc-linux-gnu/nios2-elf/lib/libc.a(lib_a-findfp.o)
                              /opt/altera/15.0/nios2eds/bin/gnu/H-x86_64-pc-linux-gnu/bin/../lib/gcc/nios2-elf/4.9.1/../../../../../H-x86_64-pc-linux-gnu/nios2-elf/lib/libc.a(lib_a-vfprintf.o) (__sinit)
/opt/altera/15.0/nios2eds/bin/gnu/H-x86_64-pc-linux-gnu/bin/../lib/gcc/nios2-elf/4.9.1/../../../../../H-x86_64-pc-linux-gnu/nios2-elf/lib/libc.a(lib_a-freer.o)
                              /opt/altera/15.0/nios2eds/bin/gnu/H-x86_64-pc-linux-gnu/bin/../lib/gcc/nios2-elf/4.9.1/../../../../../H-x86_64-pc-linux-gnu/nios2-elf/lib/libc.a(lib_a-wsetup.o) (_free_r)
/opt/altera/15.0/nios2eds/bin/gnu/H-x86_64-pc-linux-gnu/bin/../lib/gcc/nios2-elf/4.9.1/../../../../../H-x86_64-pc-linux-gnu/nios2-elf/lib/libc.a(lib_a-fvwrite.o)
                              /opt/altera/15.0/nios2eds/bin/gnu/H-x86_64-pc-linux-gnu/bin/../lib/gcc/nios2-elf/4.9.1/../../../../../H-x86_64-pc-linux-gnu/nios2-elf/lib/libc.a(lib_a-puts.o) (__sfvwrite_r)
/opt/altera/15.0/nios2eds/bin/gnu/H-x86_64-pc-linux-gnu/bin/../lib/gcc/nios2-elf/4.9.1/../../../../../H-x86_64-pc-linux-gnu/nios2-elf/lib/libc.a(lib_a-fwalk.o)
                              /opt/altera/15.0/nios2eds/bin/gnu/H-x86_64-pc-linux-gnu/bin/../lib/gcc/nios2-elf/4.9.1/../../../../../H-x86_64-pc-linux-gnu/nios2-elf/lib/libc.a(lib_a-findfp.o) (_fwalk)
/opt/altera/15.0/nios2eds/bin/gnu/H-x86_64-pc-linux-gnu/bin/../lib/gcc/nios2-elf/4.9.1/../../../../../H-x86_64-pc-linux-gnu/nios2-elf/lib/libc.a(lib_a-impure.o)
                              /opt/altera/15.0/nios2eds/bin/gnu/H-x86_64-pc-linux-gnu/bin/../lib/gcc/nios2-elf/4.9.1/../../../../../H-x86_64-pc-linux-gnu/nios2-elf/lib/libc.a(lib_a-fflush.o) (_global_impure_ptr)
/opt/altera/15.0/nios2eds/bin/gnu/H-x86_64-pc-linux-gnu/bin/../lib/gcc/nios2-elf/4.9.1/../../../../../H-x86_64-pc-linux-gnu/nios2-elf/lib/libc.a(lib_a-locale.o)
                              /opt/altera/15.0/nios2eds/bin/gnu/H-x86_64-pc-linux-gnu/bin/../lib/gcc/nios2-elf/4.9.1/../../../../../H-x86_64-pc-linux-gnu/nios2-elf/lib/libc.a(lib_a-vfprintf.o) (_localeconv_r)
/opt/altera/15.0/nios2eds/bin/gnu/H-x86_64-pc-linux-gnu/bin/../lib/gcc/nios2-elf/4.9.1/../../../../../H-x86_64-pc-linux-gnu/nios2-elf/lib/libc.a(lib_a-makebuf.o)
                              /opt/altera/15.0/nios2eds/bin/gnu/H-x86_64-pc-linux-gnu/bin/../lib/gcc/nios2-elf/4.9.1/../../../../../H-x86_64-pc-linux-gnu/nios2-elf/lib/libc.a(lib_a-wsetup.o) (__smakebuf_r)
[...]
Memory Configuration

Name             Origin             Length             Attributes
reset            0x0000000008000000 0x0000000000000020
sdram            0x0000000008000020 0x0000000003ffffe0
*default*        0x0000000000000000 0xffffffffffffffff

Linker script and memory map

LOAD ../exfour_bsp//obj/HAL/src/crt0.o
LOAD obj/default/hello_world.o
LOAD /opt/altera/15.0/nios2eds/bin/gnu/H-x86_64-pc-linux-gnu/bin/../lib/gcc/nios2-elf/4.9.1/../../../../../H-x86_64-pc-linux-gnu/nios2-elf/lib/libstdc++.a
LOAD /opt/altera/15.0/nios2eds/bin/gnu/H-x86_64-pc-linux-gnu/bin/../lib/gcc/nios2-elf/4.9.1/../../../../../H-x86_64-pc-linux-gnu/nios2-elf/lib/libm.a
LOAD /opt/altera/15.0/nios2eds/bin/gnu/H-x86_64-pc-linux-gnu/bin/../lib/gcc/nios2-elf/4.9.1/libgcc.a
START GROUP
LOAD /opt/altera/15.0/nios2eds/bin/gnu/H-x86_64-pc-linux-gnu/bin/../lib/gcc/nios2-elf/4.9.1/../../../../../H-x86_64-pc-linux-gnu/nios2-elf/lib/libc.a
LOAD /opt/altera/15.0/nios2eds/bin/gnu/H-x86_64-pc-linux-gnu/bin/../lib/gcc/nios2-elf/4.9.1/libgcc.a
LOAD ../exfour_bsp//libhal_bsp.a
LOAD /opt/altera/15.0/nios2eds/bin/gnu/H-x86_64-pc-linux-gnu/bin/../lib/gcc/nios2-elf/4.9.1/../../../../../H-x86_64-pc-linux-gnu/nios2-elf/lib/libm.a
END GROUP
LOAD /opt/altera/15.0/nios2eds/bin/gnu/H-x86_64-pc-linux-gnu/bin/../lib/gcc/nios2-elf/4.9.1/libgcc.a
                0x0000000008000000                __alt_mem_sdram = 0x8000000

.entry          0x0000000008000000       0x20
 *(.entry)
 .entry         0x0000000008000000       0x20 ../exfour_bsp//obj/HAL/src/crt0.o
                0x0000000008000000                __reset

.exceptions     0x0000000008000020      0x19c
                0x0000000008000020                PROVIDE (__ram_exceptions_start, ABSOLUTE (.))
                0x0000000008000020                . = ALIGN (0x20)
 *(.irq)
 *(.exceptions.entry.label)
 .exceptions.entry.label
                0x0000000008000020        0x0 ../exfour_bsp//libhal_bsp.a(alt_irq_entry.o)
                0x0000000008000020                alt_irq_entry
 .exceptions.entry.label
                0x0000000008000020        0x0 ../exfour_bsp//libhal_bsp.a(alt_exception_entry.o)
                0x0000000008000020                alt_exception
 *(.exceptions.entry.user)
 *(.exceptions.entry.ecc_fatal)
 *(.exceptions.entry)
 .exceptions.entry
                0x0000000008000020       0x54 ../exfour_bsp//libhal_bsp.a(alt_exception_entry.o)
 *(.exceptions.irqtest.user)
 *(.exceptions.irqtest)
 .exceptions.irqtest
                0x0000000008000074       0x10 ../exfour_bsp//libhal_bsp.a(alt_irq_entry.o)
 *(.exceptions.irqhandler.user)
 *(.exceptions.irqhandler)
 .exceptions.irqhandler
                0x0000000008000084        0x4 ../exfour_bsp//libhal_bsp.a(alt_irq_entry.o)
 *(.exceptions.irqreturn.user)
 *(.exceptions.irqreturn)
 .exceptions.irqreturn
                0x0000000008000088        0x4 ../exfour_bsp//libhal_bsp.a(alt_irq_entry.o)
 *(.exceptions.notirq.label)
 .exceptions.notirq.label
                0x000000000800008c        0x0 ../exfour_bsp//libhal_bsp.a(alt_irq_entry.o)
 *(.exceptions.notirq.user)
 *(.exceptions.notirq)
 .exceptions.notirq
                0x000000000800008c        0x8 ../exfour_bsp//libhal_bsp.a(alt_exception_entry.o)
 *(.exceptions.soft.user)
 *(.exceptions.soft)
 *(.exceptions.unknown.user)
 *(.exceptions.unknown)
 .exceptions.unknown
                0x0000000008000094        0x4 ../exfour_bsp//libhal_bsp.a(alt_exception_entry.o)
 *(.exceptions.exit.label)
 .exceptions.exit.label
                0x0000000008000098        0x0 ../exfour_bsp//libhal_bsp.a(alt_irq_entry.o)
 .exceptions.exit.label
                0x0000000008000098        0x0 ../exfour_bsp//libhal_bsp.a(alt_exception_entry.o)
 *(.exceptions.exit.user)
 *(.exceptions.exit)
 .exceptions.exit
                0x0000000008000098       0x54 ../exfour_bsp//libhal_bsp.a(alt_exception_entry.o)
 *(.exceptions)
 .exceptions    0x00000000080000ec       0xd0 ../exfour_bsp//libhal_bsp.a(alt_irq_handler.o)
                0x00000000080000ec                alt_irq_handler
                0x00000000080001bc                PROVIDE (__ram_exceptions_end, ABSOLUTE (.))
                0x0000000008000020                PROVIDE (__flash_exceptions_start, LOADADDR (.exceptions))

.text           0x00000000080001bc     0xf02c
                0x00000000080001bc                PROVIDE (stext, ABSOLUTE (.))
 *(.interp)
 *(.hash)
 *(.dynsym)
 *(.dynstr)
 *(.gnu.version)
 *(.gnu.version_d)
 *(.gnu.version_r)
 *(.rel.init)
 *(.rela.init)
 *(.rel.text .rel.text.* .rel.gnu.linkonce.t.*)
 *(.rela.text .rela.text.* .rela.gnu.linkonce.t.*)
 *(.rel.fini)
 *(.rela.fini)
 *(.rel.rodata .rel.rodata.* .rel.gnu.linkonce.r.*)
 *(.rela.rodata .rela.rodata.* .rela.gnu.linkonce.r.*)
 *(.rel.data .rel.data.* .rel.gnu.linkonce.d.*)
 *(.rela.data .rela.data.* .rela.gnu.linkonce.d.*)
 *(.rel.tdata .rel.tdata.* .rel.gnu.linkonce.td.*)
 *(.rela.tdata .rela.tdata.* .rela.gnu.linkonce.td.*)
 *(.rel.tbss .rel.tbss.* .rel.gnu.linkonce.tb.*)
 *(.rela.tbss .rela.tbss.* .rela.gnu.linkonce.tb.*)
 *(.rel.ctors)
 *(.rela.ctors)
 *(.rel.dtors)
 *(.rela.dtors)
 *(.rel.got)
 *(.rela.got)
 *(.rel.sdata .rel.sdata.* .rel.gnu.linkonce.s.*)
 *(.rela.sdata .rela.sdata.* .rela.gnu.linkonce.s.*)
 *(.rel.sbss .rel.sbss.* .rel.gnu.linkonce.sb.*)
 *(.rela.sbss .rela.sbss.* .rela.gnu.linkonce.sb.*)
 *(.rel.sdata2 .rel.sdata2.* .rel.gnu.linkonce.s2.*)
 *(.rela.sdata2 .rela.sdata2.* .rela.gnu.linkonce.s2.*)
 *(.rel.sbss2 .rel.sbss2.* .rel.gnu.linkonce.sb2.*)
 *(.rela.sbss2 .rela.sbss2.* .rela.gnu.linkonce.sb2.*)
 *(.rel.bss .rel.bss.* .rel.gnu.linkonce.b.*)
 *(.rela.bss .rela.bss.* .rela.gnu.linkonce.b.*)
 *(.rel.plt)
 *(.rela.plt)
 *(.rel.dyn)
 *(.init)
 *(.plt)
 *(.text .stub .text.* .gnu.linkonce.t.*)
 .text          0x00000000080001bc       0x3c ../exfour_bsp//obj/HAL/src/crt0.o
                0x00000000080001bc                _start
 .text          0x00000000080001f8      0x4e8 obj/default/hello_world.o
                0x00000000080001f8                main
                0x000000000800027c                Init_RS232
                0x00000000080002b8                putcharRS232
                0x0000000008000308                getcharRS232
                0x0000000008000358                RS232TestForReceivedData
                0x0000000008000388                Init_Touch
                0x0000000008000448                ScreenTouched
                0x0000000008000478                WaitForTouch
                0x00000000080004a8                GetPress
                0x00000000080005c4                GetRelease
 .text          0x00000000080006e0       0x68 /opt/altera/15.0/nios2eds/bin/gnu/H-x86_64-pc-linux-gnu/bin/../lib/gcc/nios2-elf/4.9.1/../../../../../H-x86_64-pc-linux-gnu/nios2-elf/lib/libc.a(lib_a-printf.o)
                0x00000000080006e0                _printf_r
                0x000000000800070c                printf
 .text          0x0000000008000748       0xcc /opt/altera/15.0/nios2eds/bin/gnu/H-x86_64-pc-linux-gnu/bin/../lib/gcc/nios2-elf/4.9.1/../../../../../H-x86_64-pc-linux-gnu/nios2-elf/lib/libc.a(lib_a-puts.o)
                0x0000000008000748                _puts_r
                0x0000000008000800                puts
 .text          0x0000000008000814       0x98 /opt/altera/15.0/nios2eds/bin/gnu/H-x86_64-pc-linux-gnu/bin/../lib/gcc/nios2-elf/4.9.1/../../../../../H-x86_64-pc-linux-gnu/nios2-elf/lib/libc.a(lib_a-strlen.o)
                0x0000000008000814                strlen
 .text          0x00000000080008ac     0x2020 /opt/altera/15.0/nios2eds/bin/gnu/H-x86_64-pc-linux-gnu/bin/../lib/gcc/nios2-elf/4.9.1/../../../../../H-x86_64-pc-linux-gnu/nios2-elf/lib/libc.a(lib_a-vfprintf.o)
                0x00000000080008ac                ___vfprintf_internal_r
                0x00000000080028a8                __vfprintf_internal
 .text          0x00000000080028cc      0x130 /opt/altera/15.0/nios2eds/bin/gnu/H-x86_64-pc-linux-gnu/bin/../lib/gcc/nios2-elf/4.9.1/../../../../../H-x86_64-pc-linux-gnu/nios2-elf/lib/libc.a(lib_a-wsetup.o)
                0x00000000080028cc                __swsetup_r
 .text          0x00000000080029fc     0x1928 /opt/altera/15.0/nios2eds/bin/gnu/H-x86_64-pc-linux-gnu/bin/../lib/gcc/nios2-elf/4.9.1/../../../../../H-x86_64-pc-linux-gnu/nios2-elf/lib/libc.a(lib_a-dtoa.o)
                0x0000000008002bfc                _dtoa_r
 .text          0x0000000008004324      0x258 /opt/altera/15.0/nios2eds/bin/gnu/H-x86_64-pc-linux-gnu/bin/../lib/gcc/nios2-elf/4.9.1/../../../../../H-x86_64-pc-linux-gnu/nios2-elf/lib/libc.a(lib_a-fflush.o)
                0x0000000008004324                _fflush_r
                0x000000000800454c                fflush
 .text          0x000000000800457c      0x3a0 /opt/altera/15.0/nios2eds/bin/gnu/H-x86_64-pc-linux-gnu/bin/../lib/gcc/nios2-elf/4.9.1/../../../../../H-x86_64-pc-linux-gnu/nios2-elf/lib/libc.a(lib_a-findfp.o)
                0x000000000800458c                _cleanup_r
                0x0000000008004738                __sfmoreglue
                0x000000000800479c                __sfp
                0x00000000080048b4                _cleanup
                0x00000000080048cc                __sinit
                0x00000000080048dc                __sfp_lock_acquire
                0x00000000080048e0                __sfp_lock_release
                0x00000000080048e4                __sinit_lock_acquire
                0x00000000080048e8                __sinit_lock_release
                0x00000000080048ec                __fp_lock_all
                0x0000000008004904                __fp_unlock_all
 .text          0x000000000800491c      0x414 /opt/altera/15.0/nios2eds/bin/gnu/H-x86_64-pc-linux-gnu/bin/../lib/gcc/nios2-elf/4.9.1/../../../../../H-x86_64-pc-linux-gnu/nios2-elf/lib/libc.a(lib_a-freer.o)
                0x000000000800491c                _malloc_trim_r
                0x0000000008004a40                _free_r
 .text          0x0000000008004d30      0x4a4 /opt/altera/15.0/nios2eds/bin/gnu/H-x86_64-pc-linux-gnu/bin/../lib/gcc/nios2-elf/4.9.1/../../../../../H-x86_64-pc-linux-gnu/nios2-elf/lib/libc.a(lib_a-fvwrite.o)
                0x0000000008004d30                __sfvwrite_r
 .text          0x00000000080051d4      0x170 /opt/altera/15.0/nios2eds/bin/gnu/H-x86_64-pc-linux-gnu/bin/../lib/gcc/nios2-elf/4.9.1/../../../../../H-x86_64-pc-linux-gnu/nios2-elf/lib/libc.a(lib_a-fwalk.o)
                0x00000000080051d4                _fwalk
                0x000000000800528c                _fwalk_reent
 .text          0x0000000008005344        0x0 /opt/altera/15.0/nios2eds/bin/gnu/H-x86_64-pc-linux-gnu/bin/../lib/gcc/nios2-elf/4.9.1/../../../../../H-x86_64-pc-linux-gnu/nios2-elf/lib/libc.a(lib_a-impure.o)
 .text          0x0000000008005344       0xe0 /opt/altera/15.0/nios2eds/bin/gnu/H-x86_64-pc-linux-gnu/bin/../lib/gcc/nios2-elf/4.9.1/../../../../../H-x86_64-pc-linux-gnu/nios2-elf/lib/libc.a(lib_a-locale.o)
                0x0000000008005344                _setlocale_r
                0x00000000080053c0                __locale_charset
                0x00000000080053cc                __locale_mb_cur_max
                0x00000000080053dc                __locale_msgcharset
                0x00000000080053e8                __locale_cjk_lang
                0x00000000080053f0                _localeconv_r
                0x00000000080053fc                setlocale
                0x0000000008005418                localeconv
 .text          0x0000000008005424      0x1b8 /opt/altera/15.0/nios2eds/bin/gnu/H-x86_64-pc-linux-gnu/bin/../lib/gcc/nios2-elf/4.9.1/../../../../../H-x86_64-pc-linux-gnu/nios2-elf/lib/libc.a(lib_a-makebuf.o)
                0x0000000008005424                __smakebuf_r
 .text          0x00000000080055dc      0x7a8 /opt/altera/15.0/nios2eds/bin/gnu/H-x86_64-pc-linux-gnu/bin/../lib/gcc/nios2-elf/4.9.1/../../../../../H-x86_64-pc-linux-gnu/nios2-elf/lib/libc.a(lib_a-mallocr.o)
                0x00000000080055dc                _malloc_r
 .text          0x0000000008005d84       0xe8 /opt/altera/15.0/nios2eds/bin/gnu/H-x86_64-pc-linux-gnu/bin/../lib/gcc/nios2-elf/4.9.1/../../../../../H-x86_64-pc-linux-gnu/nios2-elf/lib/libc.a(lib_a-memchr.o)
                0x0000000008005d84                memchr
 .text          0x0000000008005e6c      0x138 /opt/altera/15.0/nios2eds/bin/gnu/H-x86_64-pc-linux-gnu/bin/../lib/gcc/nios2-elf/4.9.1/../../../../../H-x86_64-pc-linux-gnu/nios2-elf/lib/libc.a(lib_a-memcpy.o)
                0x0000000008005e6c                memcpy
 .text          0x0000000008005fa4      0x15c /opt/altera/15.0/nios2eds/bin/gnu/H-x86_64-pc-linux-gnu/bin/../lib/gcc/nios2-elf/4.9.1/../../../../../H-x86_64-pc-linux-gnu/nios2-elf/lib/libc.a(lib_a-memmove.o)
                0x0000000008005fa4                memmove
 .text          0x0000000008006100      0x124 /opt/altera/15.0/nios2eds/bin/gnu/H-x86_64-pc-linux-gnu/bin/../lib/gcc/nios2-elf/4.9.1/../../../../../H-x86_64-pc-linux-gnu/nios2-elf/lib/libc.a(lib_a-memset.o)
                0x0000000008006100                memset
 .text          0x0000000008006224      0xf8c /opt/altera/15.0/nios2eds/bin/gnu/H-x86_64-pc-linux-gnu/bin/../lib/gcc/nios2-elf/4.9.1/../../../../../H-x86_64-pc-linux-gnu/nios2-elf/lib/libc.a(lib_a-mprec.o)
                0x0000000008006224                _Balloc
                0x00000000080062cc                _Bfree
                0x00000000080062f4                __multadd
                0x0000000008006408                __s2b
                0x000000000800650c                __hi0bits
                0x0000000008006574                __lo0bits
                0x0000000008006624                __i2b
                0x0000000008006660                __multiply
                0x000000000800685c                __pow5mult
                0x000000000800699c                __lshift
                0x0000000008006ae4                __mcmp
                0x0000000008006b44                __mdiff
                0x0000000008006cdc                __ulp
                0x0000000008006d3c                __b2d
                0x0000000008006e58                __d2b
                0x0000000008006f94                __ratio
                0x0000000008007038                _mprec_log10
                0x00000000080070ac                __copybits
                0x0000000008007124                __any_on
 .text          0x00000000080071b0      0x5a0 /opt/altera/15.0/nios2eds/bin/gnu/H-x86_64-pc-linux-gnu/bin/../lib/gcc/nios2-elf/4.9.1/../../../../../H-x86_64-pc-linux-gnu/nios2-elf/lib/libc.a(lib_a-reallocr.o)
                0x00000000080071b0                _realloc_r
 .text          0x0000000008007750       0x74 /opt/altera/15.0/nios2eds/bin/gnu/H-x86_64-pc-linux-gnu/bin/../lib/gcc/nios2-elf/4.9.1/../../../../../H-x86_64-pc-linux-gnu/nios2-elf/lib/libc.a(lib_a-s_fpclassify.o)
                0x0000000008007750                __fpclassifyd
 .text          0x00000000080077c4       0x54 /opt/altera/15.0/nios2eds/bin/gnu/H-x86_64-pc-linux-gnu/bin/../lib/gcc/nios2-elf/4.9.1/../../../../../H-x86_64-pc-linux-gnu/nios2-elf/lib/libc.a(lib_a-sbrkr.o)
                0x00000000080077c4                _sbrk_r
 .text          0x0000000008007818      0x13c /opt/altera/15.0/nios2eds/bin/gnu/H-x86_64-pc-linux-gnu/bin/../lib/gcc/nios2-elf/4.9.1/../../../../../H-x86_64-pc-linux-gnu/nios2-elf/lib/libc.a(lib_a-stdio.o)
                0x0000000008007818                __sread
                0x000000000800786c                __seofread
                0x0000000008007874                __swrite
                0x00000000080078f0                __sseek
                0x000000000800794c                __sclose
 .text          0x0000000008007954       0xa4 /opt/altera/15.0/nios2eds/bin/gnu/H-x86_64-pc-linux-gnu/bin/../lib/gcc/nios2-elf/4.9.1/../../../../../H-x86_64-pc-linux-gnu/nios2-elf/lib/libc.a(lib_a-strcmp.o)
                0x0000000008007954                strcmp
 .text          0x00000000080079f8     0x1494 /opt/altera/15.0/nios2eds/bin/gnu/H-x86_64-pc-linux-gnu/bin/../lib/gcc/nios2-elf/4.9.1/../../../../../H-x86_64-pc-linux-gnu/nios2-elf/lib/libc.a(lib_a-vfiprintf.o)
                0x0000000008007af4                __sprint_r
                0x0000000008007b0c                ___vfiprintf_internal_r
                0x0000000008008e68                __vfiprintf_internal
 .text          0x0000000008008e8c       0x5c /opt/altera/15.0/nios2eds/bin/gnu/H-x86_64-pc-linux-gnu/bin/../lib/gcc/nios2-elf/4.9.1/../../../../../H-x86_64-pc-linux-gnu/nios2-elf/lib/libc.a(lib_a-writer.o)
                0x0000000008008e8c                _write_r
 .text          0x0000000008008ee8       0x54 /opt/altera/15.0/nios2eds/bin/gnu/H-x86_64-pc-linux-gnu/bin/../lib/gcc/nios2-elf/4.9.1/../../../../../H-x86_64-pc-linux-gnu/nios2-elf/lib/libc.a(closer.o)
                0x0000000008008ee8                _close_r
 .text          0x0000000008008f3c       0xc4 /opt/altera/15.0/nios2eds/bin/gnu/H-x86_64-pc-linux-gnu/bin/../lib/gcc/nios2-elf/4.9.1/../../../../../H-x86_64-pc-linux-gnu/nios2-elf/lib/libc.a(lib_a-callocr.o)
                0x0000000008008f3c                _calloc_r
 .text          0x0000000008009000      0x114 /opt/altera/15.0/nios2eds/bin/gnu/H-x86_64-pc-linux-gnu/bin/../lib/gcc/nios2-elf/4.9.1/../../../../../H-x86_64-pc-linux-gnu/nios2-elf/lib/libc.a(lib_a-fclose.o)
                0x0000000008009000                _fclose_r
                0x0000000008009100                fclose
 .text          0x0000000008009114      0x1dc /opt/altera/15.0/nios2eds/bin/gnu/H-x86_64-pc-linux-gnu/bin/../lib/gcc/nios2-elf/4.9.1/../../../../../H-x86_64-pc-linux-gnu/nios2-elf/lib/libc.a(lib_a-fputwc.o)
                0x0000000008009114                _fputwc_r
                0x0000000008009298                fputwc
 .text          0x00000000080092f0       0x58 /opt/altera/15.0/nios2eds/bin/gnu/H-x86_64-pc-linux-gnu/bin/../lib/gcc/nios2-elf/4.9.1/../../../../../H-x86_64-pc-linux-gnu/nios2-elf/lib/libc.a(lib_a-fstatr.o)
                0x00000000080092f0                _fstat_r
 .text          0x0000000008009348        0x0 /opt/altera/15.0/nios2eds/bin/gnu/H-x86_64-pc-linux-gnu/bin/../lib/gcc/nios2-elf/4.9.1/../../../../../H-x86_64-pc-linux-gnu/nios2-elf/lib/libc.a(lib_a-int_errno.o)
 .text          0x0000000008009348       0x54 /opt/altera/15.0/nios2eds/bin/gnu/H-x86_64-pc-linux-gnu/bin/../lib/gcc/nios2-elf/4.9.1/../../../../../H-x86_64-pc-linux-gnu/nios2-elf/lib/libc.a(lib_a-isattyr.o)
                0x0000000008009348                _isatty_r
 .text          0x000000000800939c       0x5c /opt/altera/15.0/nios2eds/bin/gnu/H-x86_64-pc-linux-gnu/bin/../lib/gcc/nios2-elf/4.9.1/../../../../../H-x86_64-pc-linux-gnu/nios2-elf/lib/libc.a(lib_a-lseekr.o)
                0x000000000800939c                _lseek_r
 .text          0x00000000080093f8       0x5c /opt/altera/15.0/nios2eds/bin/gnu/H-x86_64-pc-linux-gnu/bin/../lib/gcc/nios2-elf/4.9.1/../../../../../H-x86_64-pc-linux-gnu/nios2-elf/lib/libc.a(lib_a-readr.o)
                0x00000000080093f8                _read_r
 .text          0x0000000008009454      0x170 /opt/altera/15.0/nios2eds/bin/gnu/H-x86_64-pc-linux-gnu/bin/../lib/gcc/nios2-elf/4.9.1/../../../../../H-x86_64-pc-linux-gnu/nios2-elf/lib/libc.a(lib_a-wbuf.o)
                0x0000000008009454                __swbuf_r
                0x00000000080095a8                __swbuf
 .text          0x00000000080095c4      0x174 /opt/altera/15.0/nios2eds/bin/gnu/H-x86_64-pc-linux-gnu/bin/../lib/gcc/nios2-elf/4.9.1/../../../../../H-x86_64-pc-linux-gnu/nios2-elf/lib/libc.a(lib_a-wcrtomb.o)
                0x00000000080095c4                _wcrtomb_r
                0x0000000008009660                wcrtomb
 .text          0x0000000008009738       0x8c /opt/altera/15.0/nios2eds/bin/gnu/H-x86_64-pc-linux-gnu/bin/../lib/gcc/nios2-elf/4.9.1/../../../../../H-x86_64-pc-linux-gnu/nios2-elf/lib/libc.a(lib_a-wctomb_r.o)
                0x0000000008009738                __ascii_wctomb
                0x0000000008009768                _wctomb_r
 .text          0x00000000080097c4      0x5c0 /opt/altera/15.0/nios2eds/bin/gnu/H-x86_64-pc-linux-gnu/bin/../lib/gcc/nios2-elf/4.9.1/libgcc.a(_udivdi3.o)
                0x00000000080097c4                __udivdi3
 .text          0x0000000008009d84      0x590 /opt/altera/15.0/nios2eds/bin/gnu/H-x86_64-pc-linux-gnu/bin/../lib/gcc/nios2-elf/4.9.1/libgcc.a(_umoddi3.o)
                0x0000000008009d84                __umoddi3
 .text          0x000000000800a314      0x12c /opt/altera/15.0/nios2eds/bin/gnu/H-x86_64-pc-linux-gnu/bin/../lib/gcc/nios2-elf/4.9.1/libgcc.a(lib2-divmod.o)
                0x000000000800a380                __divsi3
                0x000000000800a3d4                __modsi3
                0x000000000800a430                __udivsi3
                0x000000000800a438                __umodsi3
 .text          0x000000000800a440      0x89c /opt/altera/15.0/nios2eds/bin/gnu/H-x86_64-pc-linux-gnu/bin/../lib/gcc/nios2-elf/4.9.1/libgcc.a(adddf3.o)
                0x000000000800a440                __adddf3
 .text          0x000000000800acdc      0x8cc /opt/altera/15.0/nios2eds/bin/gnu/H-x86_64-pc-linux-gnu/bin/../lib/gcc/nios2-elf/4.9.1/libgcc.a(divdf3.o)
                0x000000000800acdc                __divdf3
 .text          0x000000000800b5a8       0x84 /opt/altera/15.0/nios2eds/bin/gnu/H-x86_64-pc-linux-gnu/bin/../lib/gcc/nios2-elf/4.9.1/libgcc.a(eqdf2.o)
                0x000000000800b5a8                __eqdf2
                0x000000000800b5a8                __nedf2
 .text          0x000000000800b62c       0xe0 /opt/altera/15.0/nios2eds/bin/gnu/H-x86_64-pc-linux-gnu/bin/../lib/gcc/nios2-elf/4.9.1/libgcc.a(gedf2.o)
                0x000000000800b62c                __gtdf2
                0x000000000800b62c                __gedf2
 .text          0x000000000800b70c       0xe0 /opt/altera/15.0/nios2eds/bin/gnu/H-x86_64-pc-linux-gnu/bin/../lib/gcc/nios2-elf/4.9.1/libgcc.a(ledf2.o)
                0x000000000800b70c                __ltdf2
                0x000000000800b70c                __ledf2
 .text          0x000000000800b7ec      0x724 /opt/altera/15.0/nios2eds/bin/gnu/H-x86_64-pc-linux-gnu/bin/../lib/gcc/nios2-elf/4.9.1/libgcc.a(muldf3.o)
                0x000000000800b7ec                __muldf3
 .text          0x000000000800bf10      0x8d0 /opt/altera/15.0/nios2eds/bin/gnu/H-x86_64-pc-linux-gnu/bin/../lib/gcc/nios2-elf/4.9.1/libgcc.a(subdf3.o)
                0x000000000800bf10                __subdf3
 .text          0x000000000800c7e0       0x88 /opt/altera/15.0/nios2eds/bin/gnu/H-x86_64-pc-linux-gnu/bin/../lib/gcc/nios2-elf/4.9.1/libgcc.a(fixdfsi.o)
                0x000000000800c7e0                __fixdfsi
 .text          0x000000000800c868       0xd0 /opt/altera/15.0/nios2eds/bin/gnu/H-x86_64-pc-linux-gnu/bin/../lib/gcc/nios2-elf/4.9.1/libgcc.a(floatsidf.o)
                0x000000000800c868                __floatsidf
 .text          0x000000000800c938       0xa4 /opt/altera/15.0/nios2eds/bin/gnu/H-x86_64-pc-linux-gnu/bin/../lib/gcc/nios2-elf/4.9.1/libgcc.a(floatunsidf.o)
                0x000000000800c938                __floatunsidf
 .text          0x000000000800c9dc        0x0 /opt/altera/15.0/nios2eds/bin/gnu/H-x86_64-pc-linux-gnu/bin/../lib/gcc/nios2-elf/4.9.1/libgcc.a(_clz.o)
 .text          0x000000000800c9dc       0x64 /opt/altera/15.0/nios2eds/bin/gnu/H-x86_64-pc-linux-gnu/bin/../lib/gcc/nios2-elf/4.9.1/libgcc.a(_clzsi2.o)
                0x000000000800c9dc                __clzsi2
 .text          0x000000000800ca40      0x120 ../exfour_bsp//libhal_bsp.a(alt_close.o)
                0x000000000800ca90                close
 .text          0x000000000800cb60       0x2c ../exfour_bsp//libhal_bsp.a(alt_dev.o)
 .text          0x000000000800cb8c        0x0 ../exfour_bsp//libhal_bsp.a(alt_errno.o)
 .text          0x000000000800cb8c      0x100 ../exfour_bsp//libhal_bsp.a(alt_fstat.o)
                0x000000000800cbdc                fstat
 .text          0x000000000800cc8c       0xf4 ../exfour_bsp//libhal_bsp.a(alt_isatty.o)
                0x000000000800ccdc                isatty
 .text          0x000000000800cd80       0xe4 ../exfour_bsp//libhal_bsp.a(alt_load.o)
                0x000000000800cde4                alt_load
 .text          0x000000000800ce64      0x124 ../exfour_bsp//libhal_bsp.a(alt_lseek.o)
                0x000000000800ceb4                lseek
 .text          0x000000000800cf88       0x78 ../exfour_bsp//libhal_bsp.a(alt_main.o)
                0x000000000800cf88                alt_main
 .text          0x000000000800d000       0x40 ../exfour_bsp//libhal_bsp.a(alt_malloc_lock.o)
                0x000000000800d000                __malloc_lock
                0x000000000800d020                __malloc_unlock
 .text          0x000000000800d040      0x14c ../exfour_bsp//libhal_bsp.a(alt_read.o)
                0x000000000800d090                read
 .text          0x000000000800d18c       0x60 ../exfour_bsp//libhal_bsp.a(alt_release_fd.o)
                0x000000000800d18c                alt_release_fd
 .text          0x000000000800d1ec       0xb0 ../exfour_bsp//libhal_bsp.a(alt_sbrk.o)
                0x000000000800d1ec                sbrk
 .text          0x000000000800d29c      0x148 ../exfour_bsp//libhal_bsp.a(alt_write.o)
                0x000000000800d2ec                write
 .text          0x000000000800d3e4       0xc4 ../exfour_bsp//libhal_bsp.a(alt_sys_init.o)
                0x000000000800d41c                alt_irq_init
                0x000000000800d450                alt_sys_init
 .text          0x000000000800d4a8      0x164 ../exfour_bsp//libhal_bsp.a(altera_avalon_jtag_uart_fd.o)
                0x000000000800d4a8                altera_avalon_jtag_uart_read_fd
                0x000000000800d508                altera_avalon_jtag_uart_write_fd
                0x000000000800d568                altera_avalon_jtag_uart_close_fd
                0x000000000800d5b8                altera_avalon_jtag_uart_ioctl_fd
 .text          0x000000000800d60c      0x3d8 ../exfour_bsp//libhal_bsp.a(altera_avalon_jtag_uart_init.o)
                0x000000000800d60c                altera_avalon_jtag_uart_init
                0x000000000800d97c                altera_avalon_jtag_uart_close
 .text          0x000000000800d9e4       0xec ../exfour_bsp//libhal_bsp.a(altera_avalon_jtag_uart_ioctl.o)
                0x000000000800d9e4                altera_avalon_jtag_uart_ioctl
 .text          0x000000000800dad0      0x20c ../exfour_bsp//libhal_bsp.a(altera_avalon_jtag_uart_read.o)
                0x000000000800dad0                altera_avalon_jtag_uart_read
 .text          0x000000000800dcdc      0x218 ../exfour_bsp//libhal_bsp.a(altera_avalon_jtag_uart_write.o)
                0x000000000800dcdc                altera_avalon_jtag_uart_write
 .text          0x000000000800def4       0xfc ../exfour_bsp//libhal_bsp.a(altera_avalon_timer_sc.o)
                0x000000000800df68                alt_avalon_timer_sc_init
 .text          0x000000000800dff0      0x140 ../exfour_bsp//libhal_bsp.a(alt_alarm_start.o)
                0x000000000800dff0                alt_alarm_start
 .text          0x000000000800e130       0x1c ../exfour_bsp//libhal_bsp.a(alt_dcache_flush_all.o)
                0x000000000800e130                alt_dcache_flush_all
 .text          0x000000000800e14c       0xf4 ../exfour_bsp//libhal_bsp.a(alt_dev_llist_insert.o)
                0x000000000800e19c                alt_dev_llist_insert
 .text          0x000000000800e240       0x5c ../exfour_bsp//libhal_bsp.a(alt_do_ctors.o)
                0x000000000800e240                _do_ctors
 .text          0x000000000800e29c       0x5c ../exfour_bsp//libhal_bsp.a(alt_do_dtors.o)
                0x000000000800e29c                _do_dtors
 .text          0x000000000800e2f8       0x30 ../exfour_bsp//libhal_bsp.a(alt_icache_flush_all.o)
                0x000000000800e2f8                alt_icache_flush_all
 .text          0x000000000800e328      0x1e0 ../exfour_bsp//libhal_bsp.a(alt_iic.o)
                0x000000000800e328                alt_ic_isr_register
                0x000000000800e378                alt_ic_irq_enable
                0x000000000800e418                alt_ic_irq_disable
                0x000000000800e4bc                alt_ic_irq_enabled
 .text          0x000000000800e508       0xf0 ../exfour_bsp//libhal_bsp.a(alt_iic_isr_register.o)
                0x000000000800e508                alt_iic_isr_register
 .text          0x000000000800e5f8      0x138 ../exfour_bsp//libhal_bsp.a(alt_io_redirect.o)
                0x000000000800e6b8                alt_io_redirect
 .text          0x000000000800e730        0x0 ../exfour_bsp//libhal_bsp.a(alt_irq_entry.o)
 .text          0x000000000800e730        0x0 ../exfour_bsp//libhal_bsp.a(alt_irq_handler.o)
 .text          0x000000000800e730        0x0 ../exfour_bsp//libhal_bsp.a(alt_irq_vars.o)
 .text          0x000000000800e730      0x274 ../exfour_bsp//libhal_bsp.a(alt_open.o)
                0x000000000800e84c                open
 .text          0x000000000800e9a4      0x19c ../exfour_bsp//libhal_bsp.a(alt_tick.o)
                0x000000000800e9a4                alt_alarm_stop
                0x000000000800ea3c                alt_tick
 .text          0x000000000800eb40       0x20 ../exfour_bsp//libhal_bsp.a(altera_nios2_qsys_irq.o)
                0x000000000800eb40                altera_nios2_qsys_irq_init
 .text          0x000000000800eb60        0x0 ../exfour_bsp//libhal_bsp.a(alt_exception_entry.o)
 .text          0x000000000800eb60       0x90 ../exfour_bsp//libhal_bsp.a(alt_find_dev.o)
                0x000000000800eb60                alt_find_dev
 .text          0x000000000800ebf0      0x114 ../exfour_bsp//libhal_bsp.a(alt_find_file.o)
                0x000000000800ebf0                alt_find_file
 .text          0x000000000800ed04       0xb4 ../exfour_bsp//libhal_bsp.a(alt_get_fd.o)
                0x000000000800ed04                alt_get_fd
 .text          0x000000000800edb8       0x8c ../exfour_bsp//libhal_bsp.a(alt_icache_flush.o)
                0x000000000800edb8                alt_icache_flush
 .text          0x000000000800ee44       0x14 /opt/altera/15.0/nios2eds/bin/gnu/H-x86_64-pc-linux-gnu/bin/../lib/gcc/nios2-elf/4.9.1/../../../../../H-x86_64-pc-linux-gnu/nios2-elf/lib/libc.a(lib_a-atexit.o)
                0x000000000800ee44                atexit
 .text          0x000000000800ee58       0x38 /opt/altera/15.0/nios2eds/bin/gnu/H-x86_64-pc-linux-gnu/bin/../lib/gcc/nios2-elf/4.9.1/../../../../../H-x86_64-pc-linux-gnu/nios2-elf/lib/libc.a(lib_a-exit.o)
                0x000000000800ee58                exit
 .text          0x000000000800ee90       0x7c /opt/altera/15.0/nios2eds/bin/gnu/H-x86_64-pc-linux-gnu/bin/../lib/gcc/nios2-elf/4.9.1/../../../../../H-x86_64-pc-linux-gnu/nios2-elf/lib/libc.a(lib_a-memcmp.o)
                0x000000000800ee90                memcmp
 .text          0x000000000800ef0c      0x114 /opt/altera/15.0/nios2eds/bin/gnu/H-x86_64-pc-linux-gnu/bin/../lib/gcc/nios2-elf/4.9.1/../../../../../H-x86_64-pc-linux-gnu/nios2-elf/lib/libc.a(lib_a-__atexit.o)
                0x000000000800ef0c                __register_exitproc
 .text          0x000000000800f020      0x194 /opt/altera/15.0/nios2eds/bin/gnu/H-x86_64-pc-linux-gnu/bin/../lib/gcc/nios2-elf/4.9.1/../../../../../H-x86_64-pc-linux-gnu/nios2-elf/lib/libc.a(lib_a-__call_atexit.o)
                0x000000000800f020                __call_exitprocs
 .text          0x000000000800f1b4       0x34 ../exfour_bsp//libhal_bsp.a(alt_exit.o)
                0x000000000800f1b4                _exit
 *(.gnu.warning.*)
 *(.fini)
                0x000000000800f1e8                PROVIDE (__etext, ABSOLUTE (.))
                0x000000000800f1e8                PROVIDE (_etext, ABSOLUTE (.))
                0x000000000800f1e8                PROVIDE (etext, ABSOLUTE (.))
 *(.eh_frame_hdr)
                0x000000000800f1e8                . = ALIGN (0x4)
                0x000000000800f1e8                PROVIDE (__preinit_array_start, ABSOLUTE (.))
 *(.preinit_array)
                0x000000000800f1e8                PROVIDE (__preinit_array_end, ABSOLUTE (.))
                0x000000000800f1e8                PROVIDE (__init_array_start, ABSOLUTE (.))
 *(.init_array)
                0x000000000800f1e8                PROVIDE (__init_array_end, ABSOLUTE (.))
                0x000000000800f1e8                PROVIDE (__fini_array_start, ABSOLUTE (.))
 *(.fini_array)
                0x000000000800f1e8                PROVIDE (__fini_array_end, ABSOLUTE (.))
 *(.eh_frame)
 *(.gcc_except_table .gcc_except_table.*)
 *(.dynamic)
                0x000000000800f1e8                PROVIDE (__CTOR_LIST__, ABSOLUTE (.))
 *(.ctors)
 *(SORT(.ctors.*))
                0x000000000800f1e8                PROVIDE (__CTOR_END__, ABSOLUTE (.))
                0x000000000800f1e8                PROVIDE (__DTOR_LIST__, ABSOLUTE (.))
 *(.dtors)
 *(SORT(.dtors.*))
                0x000000000800f1e8                PROVIDE (__DTOR_END__, ABSOLUTE (.))
 *(.jcr)
                0x000000000800f1e8                . = ALIGN (0x4)

.rodata         0x000000000800f1e8      0x338
                0x000000000800f1e8                PROVIDE (__ram_rodata_start, ABSOLUTE (.))
                0x000000000800f1e8                . = ALIGN (0x4)
 *(.rodata .rodata.* .gnu.linkonce.r.*)
 .rodata        0x000000000800f1e8       0x38 obj/default/hello_world.o
 .rodata.str1.4
                0x000000000800f220        0x2 /opt/altera/15.0/nios2eds/bin/gnu/H-x86_64-pc-linux-gnu/bin/../lib/gcc/nios2-elf/4.9.1/../../../../../H-x86_64-pc-linux-gnu/nios2-elf/lib/libc.a(lib_a-puts.o)
                                          0x4 (size before relaxing)
 *fill*         0x000000000800f222        0x2 
 .rodata.str1.4
                0x000000000800f224       0x42 /opt/altera/15.0/nios2eds/bin/gnu/H-x86_64-pc-linux-gnu/bin/../lib/gcc/nios2-elf/4.9.1/../../../../../H-x86_64-pc-linux-gnu/nios2-elf/lib/libc.a(lib_a-vfprintf.o)
                                         0x44 (size before relaxing)
 .rodata        0x000000000800f266       0x20 /opt/altera/15.0/nios2eds/bin/gnu/H-x86_64-pc-linux-gnu/bin/../lib/gcc/nios2-elf/4.9.1/../../../../../H-x86_64-pc-linux-gnu/nios2-elf/lib/libc.a(lib_a-vfprintf.o)
 *fill*         0x000000000800f286        0x2 
 .rodata.str1.4
                0x000000000800f288       0x10 /opt/altera/15.0/nios2eds/bin/gnu/H-x86_64-pc-linux-gnu/bin/../lib/gcc/nios2-elf/4.9.1/../../../../../H-x86_64-pc-linux-gnu/nios2-elf/lib/libc.a(lib_a-dtoa.o)
                                         0x14 (size before relaxing)
 .rodata.str1.4
                0x000000000800f298        0x2 /opt/altera/15.0/nios2eds/bin/gnu/H-x86_64-pc-linux-gnu/bin/../lib/gcc/nios2-elf/4.9.1/../../../../../H-x86_64-pc-linux-gnu/nios2-elf/lib/libc.a(lib_a-impure.o)
                                          0x4 (size before relaxing)
 *fill*         0x000000000800f29a        0x2 
 .rodata.str1.4
                0x000000000800f29c        0xc /opt/altera/15.0/nios2eds/bin/gnu/H-x86_64-pc-linux-gnu/bin/../lib/gcc/nios2-elf/4.9.1/../../../../../H-x86_64-pc-linux-gnu/nios2-elf/lib/libc.a(lib_a-locale.o)
                                         0x14 (size before relaxing)
 .rodata        0x000000000800f2a8      0x124 /opt/altera/15.0/nios2eds/bin/gnu/H-x86_64-pc-linux-gnu/bin/../lib/gcc/nios2-elf/4.9.1/../../../../../H-x86_64-pc-linux-gnu/nios2-elf/lib/libc.a(lib_a-mprec.o)
                0x000000000800f2b4                __mprec_tinytens
                0x000000000800f2dc                __mprec_bigtens
                0x000000000800f304                __mprec_tens
 .rodata.str1.4
                0x0000000000000000       0x30 /opt/altera/15.0/nios2eds/bin/gnu/H-x86_64-pc-linux-gnu/bin/../lib/gcc/nios2-elf/4.9.1/../../../../../H-x86_64-pc-linux-gnu/nios2-elf/lib/libc.a(lib_a-vfiprintf.o)
 .rodata        0x000000000800f3cc       0x20 /opt/altera/15.0/nios2eds/bin/gnu/H-x86_64-pc-linux-gnu/bin/../lib/gcc/nios2-elf/4.9.1/../../../../../H-x86_64-pc-linux-gnu/nios2-elf/lib/libc.a(lib_a-vfiprintf.o)
 .rodata        0x000000000800f3ec      0x100 /opt/altera/15.0/nios2eds/bin/gnu/H-x86_64-pc-linux-gnu/bin/../lib/gcc/nios2-elf/4.9.1/libgcc.a(_clz.o)
                0x000000000800f3ec                __clz_tab
 .rodata        0x000000000800f4ec        0xc ../exfour_bsp//libhal_bsp.a(alt_dev.o)
 .rodata        0x000000000800f4f8       0x14 ../exfour_bsp//libhal_bsp.a(alt_main.o)
 .rodata        0x000000000800f50c       0x14 ../exfour_bsp//libhal_bsp.a(alt_sys_init.o)
 *(.rodata1)
                0x000000000800f520                . = ALIGN (0x4)
                0x000000000800f520                PROVIDE (__ram_rodata_end, ABSOLUTE (.))
                0x000000000800f1e8                PROVIDE (__flash_rodata_start, LOADADDR (.rodata))

.rwdata         0x000000000800f520     0x1aec load address 0x000000000801100c
                0x000000000800f520                PROVIDE (__ram_rwdata_start, ABSOLUTE (.))
                0x000000000800f520                . = ALIGN (0x4)
 *(.got.plt)
 *(.got)
 *(.data1)
 *(.data .data.* .gnu.linkonce.d.*)
 .data          0x000000000800f520        0x0 ../exfour_bsp//obj/HAL/src/crt0.o
 .data          0x000000000800f520        0x0 obj/default/hello_world.o
 .data          0x000000000800f520        0x0 /opt/altera/15.0/nios2eds/bin/gnu/H-x86_64-pc-linux-gnu/bin/../lib/gcc/nios2-elf/4.9.1/../../../../../H-x86_64-pc-linux-gnu/nios2-elf/lib/libc.a(lib_a-printf.o)
 .data          0x000000000800f520        0x0 /opt/altera/15.0/nios2eds/bin/gnu/H-x86_64-pc-linux-gnu/bin/../lib/gcc/nios2-elf/4.9.1/../../../../../H-x86_64-pc-linux-gnu/nios2-elf/lib/libc.a(lib_a-puts.o)
 .data          0x000000000800f520        0x0 /opt/altera/15.0/nios2eds/bin/gnu/H-x86_64-pc-linux-gnu/bin/../lib/gcc/nios2-elf/4.9.1/../../../../../H-x86_64-pc-linux-gnu/nios2-elf/lib/libc.a(lib_a-strlen.o)
 .data          0x000000000800f520        0x0 /opt/altera/15.0/nios2eds/bin/gnu/H-x86_64-pc-linux-gnu/bin/../lib/gcc/nios2-elf/4.9.1/../../../../../H-x86_64-pc-linux-gnu/nios2-elf/lib/libc.a(lib_a-vfprintf.o)
 .data          0x000000000800f520        0x0 /opt/altera/15.0/nios2eds/bin/gnu/H-x86_64-pc-linux-gnu/bin/../lib/gcc/nios2-elf/4.9.1/../../../../../H-x86_64-pc-linux-gnu/nios2-elf/lib/libc.a(lib_a-wsetup.o)
 .data          0x000000000800f520        0x0 /opt/altera/15.0/nios2eds/bin/gnu/H-x86_64-pc-linux-gnu/bin/../lib/gcc/nios2-elf/4.9.1/../../../../../H-x86_64-pc-linux-gnu/nios2-elf/lib/libc.a(lib_a-dtoa.o)
 .data          0x000000000800f520        0x0 /opt/altera/15.0/nios2eds/bin/gnu/H-x86_64-pc-linux-gnu/bin/../lib/gcc/nios2-elf/4.9.1/../../../../../H-x86_64-pc-linux-gnu/nios2-elf/lib/libc.a(lib_a-fflush.o)
 .data          0x000000000800f520        0x0 /opt/altera/15.0/nios2eds/bin/gnu/H-x86_64-pc-linux-gnu/bin/../lib/gcc/nios2-elf/4.9.1/../../../../../H-x86_64-pc-linux-gnu/nios2-elf/lib/libc.a(lib_a-findfp.o)
 .data          0x000000000800f520        0x0 /opt/altera/15.0/nios2eds/bin/gnu/H-x86_64-pc-linux-gnu/bin/../lib/gcc/nios2-elf/4.9.1/../../../../../H-x86_64-pc-linux-gnu/nios2-elf/lib/libc.a(lib_a-freer.o)
 .data          0x000000000800f520        0x0 /opt/altera/15.0/nios2eds/bin/gnu/H-x86_64-pc-linux-gnu/bin/../lib/gcc/nios2-elf/4.9.1/../../../../../H-x86_64-pc-linux-gnu/nios2-elf/lib/libc.a(lib_a-fvwrite.o)
 .data          0x000000000800f520        0x0 /opt/altera/15.0/nios2eds/bin/gnu/H-x86_64-pc-linux-gnu/bin/../lib/gcc/nios2-elf/4.9.1/../../../../../H-x86_64-pc-linux-gnu/nios2-elf/lib/libc.a(lib_a-fwalk.o)
 .data          0x000000000800f520      0x424 /opt/altera/15.0/nios2eds/bin/gnu/H-x86_64-pc-linux-gnu/bin/../lib/gcc/nios2-elf/4.9.1/../../../../../H-x86_64-pc-linux-gnu/nios2-elf/lib/libc.a(lib_a-impure.o)
 .data          0x000000000800f944       0x78 /opt/altera/15.0/nios2eds/bin/gnu/H-x86_64-pc-linux-gnu/bin/../lib/gcc/nios2-elf/4.9.1/../../../../../H-x86_64-pc-linux-gnu/nios2-elf/lib/libc.a(lib_a-locale.o)
 .data          0x000000000800f9bc        0x0 /opt/altera/15.0/nios2eds/bin/gnu/H-x86_64-pc-linux-gnu/bin/../lib/gcc/nios2-elf/4.9.1/../../../../../H-x86_64-pc-linux-gnu/nios2-elf/lib/libc.a(lib_a-makebuf.o)
 .data          0x000000000800f9bc      0x408 /opt/altera/15.0/nios2eds/bin/gnu/H-x86_64-pc-linux-gnu/bin/../lib/gcc/nios2-elf/4.9.1/../../../../../H-x86_64-pc-linux-gnu/nios2-elf/lib/libc.a(lib_a-mallocr.o)
                0x000000000800f9bc                __malloc_av_
 .data          0x000000000800fdc4        0x0 /opt/altera/15.0/nios2eds/bin/gnu/H-x86_64-pc-linux-gnu/bin/../lib/gcc/nios2-elf/4.9.1/../../../../../H-x86_64-pc-linux-gnu/nios2-elf/lib/libc.a(lib_a-memchr.o)
 .data          0x000000000800fdc4        0x0 /opt/altera/15.0/nios2eds/bin/gnu/H-x86_64-pc-linux-gnu/bin/../lib/gcc/nios2-elf/4.9.1/../../../../../H-x86_64-pc-linux-gnu/nios2-elf/lib/libc.a(lib_a-memcpy.o)
 .data          0x000000000800fdc4        0x0 /opt/altera/15.0/nios2eds/bin/gnu/H-x86_64-pc-linux-gnu/bin/../lib/gcc/nios2-elf/4.9.1/../../../../../H-x86_64-pc-linux-gnu/nios2-elf/lib/libc.a(lib_a-memmove.o)
 .data          0x000000000800fdc4        0x0 /opt/altera/15.0/nios2eds/bin/gnu/H-x86_64-pc-linux-gnu/bin/../lib/gcc/nios2-elf/4.9.1/../../../../../H-x86_64-pc-linux-gnu/nios2-elf/lib/libc.a(lib_a-memset.o)
 .data          0x000000000800fdc4        0x0 /opt/altera/15.0/nios2eds/bin/gnu/H-x86_64-pc-linux-gnu/bin/../lib/gcc/nios2-elf/4.9.1/../../../../../H-x86_64-pc-linux-gnu/nios2-elf/lib/libc.a(lib_a-mprec.o)
 .data          0x000000000800fdc4        0x0 /opt/altera/15.0/nios2eds/bin/gnu/H-x86_64-pc-linux-gnu/bin/../lib/gcc/nios2-elf/4.9.1/../../../../../H-x86_64-pc-linux-gnu/nios2-elf/lib/libc.a(lib_a-reallocr.o)
 .data          0x000000000800fdc4        0x0 /opt/altera/15.0/nios2eds/bin/gnu/H-x86_64-pc-linux-gnu/bin/../lib/gcc/nios2-elf/4.9.1/../../../../../H-x86_64-pc-linux-gnu/nios2-elf/lib/libc.a(lib_a-s_fpclassify.o)
 .data          0x000000000800fdc4        0x0 /opt/altera/15.0/nios2eds/bin/gnu/H-x86_64-pc-linux-gnu/bin/../lib/gcc/nios2-elf/4.9.1/../../../../../H-x86_64-pc-linux-gnu/nios2-elf/lib/libc.a(lib_a-sbrkr.o)
 .data          0x000000000800fdc4        0x0 /opt/altera/15.0/nios2eds/bin/gnu/H-x86_64-pc-linux-gnu/bin/../lib/gcc/nios2-elf/4.9.1/../../../../../H-x86_64-pc-linux-gnu/nios2-elf/lib/libc.a(lib_a-stdio.o)
 .data          0x000000000800fdc4        0x0 /opt/altera/15.0/nios2eds/bin/gnu/H-x86_64-pc-linux-gnu/bin/../lib/gcc/nios2-elf/4.9.1/../../../../../H-x86_64-pc-linux-gnu/nios2-elf/lib/libc.a(lib_a-strcmp.o)
 .data          0x000000000800fdc4        0x0 /opt/altera/15.0/nios2eds/bin/gnu/H-x86_64-pc-linux-gnu/bin/../lib/gcc/nios2-elf/4.9.1/../../../../../H-x86_64-pc-linux-gnu/nios2-elf/lib/libc.a(lib_a-vfiprintf.o)
 .data          0x000000000800fdc4        0x0 /opt/altera/15.0/nios2eds/bin/gnu/H-x86_64-pc-linux-gnu/bin/../lib/gcc/nios2-elf/4.9.1/../../../../../H-x86_64-pc-linux-gnu/nios2-elf/lib/libc.a(lib_a-writer.o)
 .data          0x000000000800fdc4        0x0 /opt/altera/15.0/nios2eds/bin/gnu/H-x86_64-pc-linux-gnu/bin/../lib/gcc/nios2-elf/4.9.1/../../../../../H-x86_64-pc-linux-gnu/nios2-elf/lib/libc.a(closer.o)
 .data          0x000000000800fdc4        0x0 /opt/altera/15.0/nios2eds/bin/gnu/H-x86_64-pc-linux-gnu/bin/../lib/gcc/nios2-elf/4.9.1/../../../../../H-x86_64-pc-linux-gnu/nios2-elf/lib/libc.a(lib_a-callocr.o)
 .data          0x000000000800fdc4        0x0 /opt/altera/15.0/nios2eds/bin/gnu/H-x86_64-pc-linux-gnu/bin/../lib/gcc/nios2-elf/4.9.1/../../../../../H-x86_64-pc-linux-gnu/nios2-elf/lib/libc.a(lib_a-fclose.o)
 .data          0x000000000800fdc4        0x0 /opt/altera/15.0/nios2eds/bin/gnu/H-x86_64-pc-linux-gnu/bin/../lib/gcc/nios2-elf/4.9.1/../../../../../H-x86_64-pc-linux-gnu/nios2-elf/lib/libc.a(lib_a-fputwc.o)
 .data          0x000000000800fdc4        0x0 /opt/altera/15.0/nios2eds/bin/gnu/H-x86_64-pc-linux-gnu/bin/../lib/gcc/nios2-elf/4.9.1/../../../../../H-x86_64-pc-linux-gnu/nios2-elf/lib/libc.a(lib_a-fstatr.o)
 .data          0x000000000800fdc4        0x0 /opt/altera/15.0/nios2eds/bin/gnu/H-x86_64-pc-linux-gnu/bin/../lib/gcc/nios2-elf/4.9.1/../../../../../H-x86_64-pc-linux-gnu/nios2-elf/lib/libc.a(lib_a-int_errno.o)
 .data          0x000000000800fdc4        0x0 /opt/altera/15.0/nios2eds/bin/gnu/H-x86_64-pc-linux-gnu/bin/../lib/gcc/nios2-elf/4.9.1/../../../../../H-x86_64-pc-linux-gnu/nios2-elf/lib/libc.a(lib_a-isattyr.o)
 .data          0x000000000800fdc4        0x0 /opt/altera/15.0/nios2eds/bin/gnu/H-x86_64-pc-linux-gnu/bin/../lib/gcc/nios2-elf/4.9.1/../../../../../H-x86_64-pc-linux-gnu/nios2-elf/lib/libc.a(lib_a-lseekr.o)
 .data          0x000000000800fdc4        0x0 /opt/altera/15.0/nios2eds/bin/gnu/H-x86_64-pc-linux-gnu/bin/../lib/gcc/nios2-elf/4.9.1/../../../../../H-x86_64-pc-linux-gnu/nios2-elf/lib/libc.a(lib_a-readr.o)
 .data          0x000000000800fdc4        0x0 /opt/altera/15.0/nios2eds/bin/gnu/H-x86_64-pc-linux-gnu/bin/../lib/gcc/nios2-elf/4.9.1/../../../../../H-x86_64-pc-linux-gnu/nios2-elf/lib/libc.a(lib_a-wbuf.o)
 .data          0x000000000800fdc4        0x0 /opt/altera/15.0/nios2eds/bin/gnu/H-x86_64-pc-linux-gnu/bin/../lib/gcc/nios2-elf/4.9.1/../../../../../H-x86_64-pc-linux-gnu/nios2-elf/lib/libc.a(lib_a-wcrtomb.o)
 .data          0x000000000800fdc4        0x0 /opt/altera/15.0/nios2eds/bin/gnu/H-x86_64-pc-linux-gnu/bin/../lib/gcc/nios2-elf/4.9.1/../../../../../H-x86_64-pc-linux-gnu/nios2-elf/lib/libc.a(lib_a-wctomb_r.o)
 .data          0x000000000800fdc4        0x0 /opt/altera/15.0/nios2eds/bin/gnu/H-x86_64-pc-linux-gnu/bin/../lib/gcc/nios2-elf/4.9.1/libgcc.a(_udivdi3.o)
 .data          0x000000000800fdc4        0x0 /opt/altera/15.0/nios2eds/bin/gnu/H-x86_64-pc-linux-gnu/bin/../lib/gcc/nios2-elf/4.9.1/libgcc.a(_umoddi3.o)
 .data          0x000000000800fdc4        0x0 /opt/altera/15.0/nios2eds/bin/gnu/H-x86_64-pc-linux-gnu/bin/../lib/gcc/nios2-elf/4.9.1/libgcc.a(lib2-divmod.o)
 .data          0x000000000800fdc4        0x0 /opt/altera/15.0/nios2eds/bin/gnu/H-x86_64-pc-linux-gnu/bin/../lib/gcc/nios2-elf/4.9.1/libgcc.a(adddf3.o)
 .data          0x000000000800fdc4        0x0 /opt/altera/15.0/nios2eds/bin/gnu/H-x86_64-pc-linux-gnu/bin/../lib/gcc/nios2-elf/4.9.1/libgcc.a(divdf3.o)
 .data          0x000000000800fdc4        0x0 /opt/altera/15.0/nios2eds/bin/gnu/H-x86_64-pc-linux-gnu/bin/../lib/gcc/nios2-elf/4.9.1/libgcc.a(eqdf2.o)
 .data          0x000000000800fdc4        0x0 /opt/altera/15.0/nios2eds/bin/gnu/H-x86_64-pc-linux-gnu/bin/../lib/gcc/nios2-elf/4.9.1/libgcc.a(gedf2.o)
 .data          0x000000000800fdc4        0x0 /opt/altera/15.0/nios2eds/bin/gnu/H-x86_64-pc-linux-gnu/bin/../lib/gcc/nios2-elf/4.9.1/libgcc.a(ledf2.o)
 .data          0x000000000800fdc4        0x0 /opt/altera/15.0/nios2eds/bin/gnu/H-x86_64-pc-linux-gnu/bin/../lib/gcc/nios2-elf/4.9.1/libgcc.a(muldf3.o)
 .data          0x000000000800fdc4        0x0 /opt/altera/15.0/nios2eds/bin/gnu/H-x86_64-pc-linux-gnu/bin/../lib/gcc/nios2-elf/4.9.1/libgcc.a(subdf3.o)
 .data          0x000000000800fdc4        0x0 /opt/altera/15.0/nios2eds/bin/gnu/H-x86_64-pc-linux-gnu/bin/../lib/gcc/nios2-elf/4.9.1/libgcc.a(fixdfsi.o)
 .data          0x000000000800fdc4        0x0 /opt/altera/15.0/nios2eds/bin/gnu/H-x86_64-pc-linux-gnu/bin/../lib/gcc/nios2-elf/4.9.1/libgcc.a(floatsidf.o)
 .data          0x000000000800fdc4        0x0 /opt/altera/15.0/nios2eds/bin/gnu/H-x86_64-pc-linux-gnu/bin/../lib/gcc/nios2-elf/4.9.1/libgcc.a(floatunsidf.o)
 .data          0x000000000800fdc4        0x0 /opt/altera/15.0/nios2eds/bin/gnu/H-x86_64-pc-linux-gnu/bin/../lib/gcc/nios2-elf/4.9.1/libgcc.a(_clz.o)
 .data          0x000000000800fdc4        0x0 /opt/altera/15.0/nios2eds/bin/gnu/H-x86_64-pc-linux-gnu/bin/../lib/gcc/nios2-elf/4.9.1/libgcc.a(_clzsi2.o)
 .data          0x000000000800fdc4        0x0 ../exfour_bsp//libhal_bsp.a(alt_close.o)
 .data          0x000000000800fdc4      0x1a8 ../exfour_bsp//libhal_bsp.a(alt_dev.o)
                0x000000000800fdc4                alt_dev_null
                0x000000000800fdec                alt_fd_list
 .data          0x000000000800ff6c        0x0 ../exfour_bsp//libhal_bsp.a(alt_errno.o)
 .data          0x000000000800ff6c        0x0 ../exfour_bsp//libhal_bsp.a(alt_fstat.o)
 .data          0x000000000800ff6c        0x0 ../exfour_bsp//libhal_bsp.a(alt_isatty.o)
 .data          0x000000000800ff6c        0x0 ../exfour_bsp//libhal_bsp.a(alt_load.o)
 .data          0x000000000800ff6c        0x0 ../exfour_bsp//libhal_bsp.a(alt_lseek.o)
 .data          0x000000000800ff6c        0x0 ../exfour_bsp//libhal_bsp.a(alt_main.o)
 .data          0x000000000800ff6c        0x0 ../exfour_bsp//libhal_bsp.a(alt_malloc_lock.o)
 .data          0x000000000800ff6c        0x0 ../exfour_bsp//libhal_bsp.a(alt_read.o)
 .data          0x000000000800ff6c        0x0 ../exfour_bsp//libhal_bsp.a(alt_release_fd.o)
 .data          0x000000000800ff6c        0x0 ../exfour_bsp//libhal_bsp.a(alt_sbrk.o)
 .data          0x000000000800ff6c        0x0 ../exfour_bsp//libhal_bsp.a(alt_write.o)
 .data          0x000000000800ff6c     0x1060 ../exfour_bsp//libhal_bsp.a(alt_sys_init.o)
 .data          0x0000000008010fcc        0x0 ../exfour_bsp//libhal_bsp.a(altera_avalon_jtag_uart_fd.o)
 .data          0x0000000008010fcc        0x0 ../exfour_bsp//libhal_bsp.a(altera_avalon_jtag_uart_init.o)
 .data          0x0000000008010fcc        0x0 ../exfour_bsp//libhal_bsp.a(altera_avalon_jtag_uart_ioctl.o)
 .data          0x0000000008010fcc        0x0 ../exfour_bsp//libhal_bsp.a(altera_avalon_jtag_uart_read.o)
 .data          0x0000000008010fcc        0x0 ../exfour_bsp//libhal_bsp.a(altera_avalon_jtag_uart_write.o)
 .data          0x0000000008010fcc        0x0 ../exfour_bsp//libhal_bsp.a(altera_avalon_timer_sc.o)
 .data          0x0000000008010fcc        0x0 ../exfour_bsp//libhal_bsp.a(alt_alarm_start.o)
 .data          0x0000000008010fcc        0x0 ../exfour_bsp//libhal_bsp.a(alt_dcache_flush_all.o)
 .data          0x0000000008010fcc        0x0 ../exfour_bsp//libhal_bsp.a(alt_dev_llist_insert.o)
 .data          0x0000000008010fcc        0x0 ../exfour_bsp//libhal_bsp.a(alt_do_ctors.o)
 .data          0x0000000008010fcc        0x0 ../exfour_bsp//libhal_bsp.a(alt_do_dtors.o)
 .data          0x0000000008010fcc        0x0 ../exfour_bsp//libhal_bsp.a(alt_icache_flush_all.o)
 .data          0x0000000008010fcc        0x0 ../exfour_bsp//libhal_bsp.a(alt_iic.o)
 .data          0x0000000008010fcc        0x0 ../exfour_bsp//libhal_bsp.a(alt_iic_isr_register.o)
 .data          0x0000000008010fcc        0x0 ../exfour_bsp//libhal_bsp.a(alt_io_redirect.o)
 .data          0x0000000008010fcc        0x0 ../exfour_bsp//libhal_bsp.a(alt_irq_entry.o)
 .data          0x0000000008010fcc        0x0 ../exfour_bsp//libhal_bsp.a(alt_irq_handler.o)
 .data          0x0000000008010fcc        0x0 ../exfour_bsp//libhal_bsp.a(alt_irq_vars.o)
 .data          0x0000000008010fcc        0x0 ../exfour_bsp//libhal_bsp.a(alt_open.o)
 .data          0x0000000008010fcc        0x0 ../exfour_bsp//libhal_bsp.a(alt_tick.o)
 .data          0x0000000008010fcc        0x0 ../exfour_bsp//libhal_bsp.a(altera_nios2_qsys_irq.o)
 .data          0x0000000008010fcc        0x0 ../exfour_bsp//libhal_bsp.a(alt_exception_entry.o)
 .data          0x0000000008010fcc        0x0 ../exfour_bsp//libhal_bsp.a(alt_find_dev.o)
 .data          0x0000000008010fcc        0x0 ../exfour_bsp//libhal_bsp.a(alt_find_file.o)
 .data          0x0000000008010fcc        0x0 ../exfour_bsp//libhal_bsp.a(alt_get_fd.o)
 .data          0x0000000008010fcc        0x0 ../exfour_bsp//libhal_bsp.a(alt_icache_flush.o)
 .data          0x0000000008010fcc        0x0 /opt/altera/15.0/nios2eds/bin/gnu/H-x86_64-pc-linux-gnu/bin/../lib/gcc/nios2-elf/4.9.1/../../../../../H-x86_64-pc-linux-gnu/nios2-elf/lib/libc.a(lib_a-atexit.o)
 .data          0x0000000008010fcc        0x0 /opt/altera/15.0/nios2eds/bin/gnu/H-x86_64-pc-linux-gnu/bin/../lib/gcc/nios2-elf/4.9.1/../../../../../H-x86_64-pc-linux-gnu/nios2-elf/lib/libc.a(lib_a-exit.o)
 .data          0x0000000008010fcc        0x0 /opt/altera/15.0/nios2eds/bin/gnu/H-x86_64-pc-linux-gnu/bin/../lib/gcc/nios2-elf/4.9.1/../../../../../H-x86_64-pc-linux-gnu/nios2-elf/lib/libc.a(lib_a-memcmp.o)
 .data          0x0000000008010fcc        0x0 /opt/altera/15.0/nios2eds/bin/gnu/H-x86_64-pc-linux-gnu/bin/../lib/gcc/nios2-elf/4.9.1/../../../../../H-x86_64-pc-linux-gnu/nios2-elf/lib/libc.a(lib_a-__atexit.o)
 .data          0x0000000008010fcc        0x0 /opt/altera/15.0/nios2eds/bin/gnu/H-x86_64-pc-linux-gnu/bin/../lib/gcc/nios2-elf/4.9.1/../../../../../H-x86_64-pc-linux-gnu/nios2-elf/lib/libc.a(lib_a-__call_atexit.o)
 .data          0x0000000008010fcc        0x0 ../exfour_bsp//libhal_bsp.a(alt_exit.o)
                0x0000000008018fcc                _gp = ABSOLUTE ((. + 0x8000))
                0x0000000008018fcc                PROVIDE (gp, _gp)
 *(.rwdata .rwdata.*)
 *(.sdata .sdata.* .gnu.linkonce.s.*)
 .sdata         0x0000000008010fcc        0x8 /opt/altera/15.0/nios2eds/bin/gnu/H-x86_64-pc-linux-gnu/bin/../lib/gcc/nios2-elf/4.9.1/../../../../../H-x86_64-pc-linux-gnu/nios2-elf/lib/libc.a(lib_a-impure.o)
                0x0000000008010fcc                _global_impure_ptr
                0x0000000008010fd0                _impure_ptr
 .sdata         0x0000000008010fd4        0x4 /opt/altera/15.0/nios2eds/bin/gnu/H-x86_64-pc-linux-gnu/bin/../lib/gcc/nios2-elf/4.9.1/../../../../../H-x86_64-pc-linux-gnu/nios2-elf/lib/libc.a(lib_a-locale.o)
                0x0000000008010fd4                __mb_cur_max
 .sdata         0x0000000008010fd8        0x8 /opt/altera/15.0/nios2eds/bin/gnu/H-x86_64-pc-linux-gnu/bin/../lib/gcc/nios2-elf/4.9.1/../../../../../H-x86_64-pc-linux-gnu/nios2-elf/lib/libc.a(lib_a-mallocr.o)
                0x0000000008010fd8                __malloc_sbrk_base
                0x0000000008010fdc                __malloc_trim_threshold
 .sdata         0x0000000008010fe0        0x4 /opt/altera/15.0/nios2eds/bin/gnu/H-x86_64-pc-linux-gnu/bin/../lib/gcc/nios2-elf/4.9.1/../../../../../H-x86_64-pc-linux-gnu/nios2-elf/lib/libc.a(lib_a-wctomb_r.o)
                0x0000000008010fe0                __wctomb
 .sdata         0x0000000008010fe4       0x14 ../exfour_bsp//libhal_bsp.a(alt_dev.o)
                0x0000000008010fe4                alt_fs_list
                0x0000000008010fec                alt_dev_list
                0x0000000008010ff4                alt_max_fd
 .sdata         0x0000000008010ff8        0x4 ../exfour_bsp//libhal_bsp.a(alt_errno.o)
                0x0000000008010ff8                alt_errno
 .sdata         0x0000000008010ffc        0x4 ../exfour_bsp//libhal_bsp.a(alt_sbrk.o)
 .sdata         0x0000000008011000        0x4 ../exfour_bsp//libhal_bsp.a(alt_irq_vars.o)
                0x0000000008011000                alt_priority_mask
 .sdata         0x0000000008011004        0x8 ../exfour_bsp//libhal_bsp.a(alt_tick.o)
                0x0000000008011004                alt_alarm_list
 *(.sdata2 .sdata2.* .gnu.linkonce.s2.*)
                0x000000000801100c                . = ALIGN (0x4)
                0x000000000801100c                _edata = ABSOLUTE (.)
                0x000000000801100c                PROVIDE (edata, ABSOLUTE (.))
                0x000000000801100c                PROVIDE (__ram_rwdata_end, ABSOLUTE (.))
                0x000000000801100c                PROVIDE (__flash_rwdata_start, LOADADDR (.rwdata))

.bss            0x0000000008012af8      0x15c
                0x0000000008012af8                __bss_start = ABSOLUTE (.)
                0x0000000008012af8                PROVIDE (__sbss_start, ABSOLUTE (.))
                0x0000000008012af8                PROVIDE (___sbss_start, ABSOLUTE (.))
 *(.dynsbss)
 *(.sbss .sbss.* .gnu.linkonce.sb.*)
 .sbss          0x0000000008012af8        0xc /opt/altera/15.0/nios2eds/bin/gnu/H-x86_64-pc-linux-gnu/bin/../lib/gcc/nios2-elf/4.9.1/../../../../../H-x86_64-pc-linux-gnu/nios2-elf/lib/libc.a(lib_a-locale.o)
                0x0000000008012af8                _PathLocale
                0x0000000008012afc                __mlocale_changed
                0x0000000008012b00                __nlocale_changed
 .sbss          0x0000000008012b04        0xc /opt/altera/15.0/nios2eds/bin/gnu/H-x86_64-pc-linux-gnu/bin/../lib/gcc/nios2-elf/4.9.1/../../../../../H-x86_64-pc-linux-gnu/nios2-elf/lib/libc.a(lib_a-mallocr.o)
                0x0000000008012b04                __malloc_max_total_mem
                0x0000000008012b08                __malloc_max_sbrked_mem
                0x0000000008012b0c                __malloc_top_pad
 .sbss          0x0000000008012b10        0x4 /opt/altera/15.0/nios2eds/bin/gnu/H-x86_64-pc-linux-gnu/bin/../lib/gcc/nios2-elf/4.9.1/../../../../../H-x86_64-pc-linux-gnu/nios2-elf/lib/libc.a(lib_a-int_errno.o)
                0x0000000008012b10                errno
 .sbss          0x0000000008012b14        0xc ../exfour_bsp//libhal_bsp.a(alt_main.o)
                0x0000000008012b14                alt_argc
                0x0000000008012b18                alt_argv
                0x0000000008012b1c                alt_envp
 .sbss          0x0000000008012b20        0x4 ../exfour_bsp//libhal_bsp.a(alt_irq_vars.o)
                0x0000000008012b20                alt_irq_active
 .sbss          0x0000000008012b24        0x8 ../exfour_bsp//libhal_bsp.a(alt_tick.o)
                0x0000000008012b24                _alt_tick_rate
                0x0000000008012b28                _alt_nticks
 *(.sbss2 .sbss2.* .gnu.linkonce.sb2.*)
 *(.scommon)
                0x0000000008012b2c                PROVIDE (__sbss_end, ABSOLUTE (.))
                0x0000000008012b2c                PROVIDE (___sbss_end, ABSOLUTE (.))
 *(.dynbss)
 *(.bss .bss.* .gnu.linkonce.b.*)
 .bss           0x0000000008012b2c        0x0 ../exfour_bsp//obj/HAL/src/crt0.o
 .bss           0x0000000008012b2c        0x0 obj/default/hello_world.o
 .bss           0x0000000008012b2c        0x0 /opt/altera/15.0/nios2eds/bin/gnu/H-x86_64-pc-linux-gnu/bin/../lib/gcc/nios2-elf/4.9.1/../../../../../H-x86_64-pc-linux-gnu/nios2-elf/lib/libc.a(lib_a-printf.o)
 .bss           0x0000000008012b2c        0x0 /opt/altera/15.0/nios2eds/bin/gnu/H-x86_64-pc-linux-gnu/bin/../lib/gcc/nios2-elf/4.9.1/../../../../../H-x86_64-pc-linux-gnu/nios2-elf/lib/libc.a(lib_a-puts.o)
 .bss           0x0000000008012b2c        0x0 /opt/altera/15.0/nios2eds/bin/gnu/H-x86_64-pc-linux-gnu/bin/../lib/gcc/nios2-elf/4.9.1/../../../../../H-x86_64-pc-linux-gnu/nios2-elf/lib/libc.a(lib_a-strlen.o)
 .bss           0x0000000008012b2c        0x0 /opt/altera/15.0/nios2eds/bin/gnu/H-x86_64-pc-linux-gnu/bin/../lib/gcc/nios2-elf/4.9.1/../../../../../H-x86_64-pc-linux-gnu/nios2-elf/lib/libc.a(lib_a-vfprintf.o)
 .bss           0x0000000008012b2c        0x0 /opt/altera/15.0/nios2eds/bin/gnu/H-x86_64-pc-linux-gnu/bin/../lib/gcc/nios2-elf/4.9.1/../../../../../H-x86_64-pc-linux-gnu/nios2-elf/lib/libc.a(lib_a-wsetup.o)
 .bss           0x0000000008012b2c        0x0 /opt/altera/15.0/nios2eds/bin/gnu/H-x86_64-pc-linux-gnu/bin/../lib/gcc/nios2-elf/4.9.1/../../../../../H-x86_64-pc-linux-gnu/nios2-elf/lib/libc.a(lib_a-dtoa.o)
 .bss           0x0000000008012b2c        0x0 /opt/altera/15.0/nios2eds/bin/gnu/H-x86_64-pc-linux-gnu/bin/../lib/gcc/nios2-elf/4.9.1/../../../../../H-x86_64-pc-linux-gnu/nios2-elf/lib/libc.a(lib_a-fflush.o)
 .bss           0x0000000008012b2c        0x0 /opt/altera/15.0/nios2eds/bin/gnu/H-x86_64-pc-linux-gnu/bin/../lib/gcc/nios2-elf/4.9.1/../../../../../H-x86_64-pc-linux-gnu/nios2-elf/lib/libc.a(lib_a-findfp.o)
 .bss           0x0000000008012b2c        0x0 /opt/altera/15.0/nios2eds/bin/gnu/H-x86_64-pc-linux-gnu/bin/../lib/gcc/nios2-elf/4.9.1/../../../../../H-x86_64-pc-linux-gnu/nios2-elf/lib/libc.a(lib_a-freer.o)
 .bss           0x0000000008012b2c        0x0 /opt/altera/15.0/nios2eds/bin/gnu/H-x86_64-pc-linux-gnu/bin/../lib/gcc/nios2-elf/4.9.1/../../../../../H-x86_64-pc-linux-gnu/nios2-elf/lib/libc.a(lib_a-fvwrite.o)
 .bss           0x0000000008012b2c        0x0 /opt/altera/15.0/nios2eds/bin/gnu/H-x86_64-pc-linux-gnu/bin/../lib/gcc/nios2-elf/4.9.1/../../../../../H-x86_64-pc-linux-gnu/nios2-elf/lib/libc.a(lib_a-fwalk.o)
 .bss           0x0000000008012b2c        0x0 /opt/altera/15.0/nios2eds/bin/gnu/H-x86_64-pc-linux-gnu/bin/../lib/gcc/nios2-elf/4.9.1/../../../../../H-x86_64-pc-linux-gnu/nios2-elf/lib/libc.a(lib_a-impure.o)
 .bss           0x0000000008012b2c        0x0 /opt/altera/15.0/nios2eds/bin/gnu/H-x86_64-pc-linux-gnu/bin/../lib/gcc/nios2-elf/4.9.1/../../../../../H-x86_64-pc-linux-gnu/nios2-elf/lib/libc.a(lib_a-locale.o)
 .bss           0x0000000008012b2c        0x0 /opt/altera/15.0/nios2eds/bin/gnu/H-x86_64-pc-linux-gnu/bin/../lib/gcc/nios2-elf/4.9.1/../../../../../H-x86_64-pc-linux-gnu/nios2-elf/lib/libc.a(lib_a-makebuf.o)
 .bss           0x0000000008012b2c       0x28 /opt/altera/15.0/nios2eds/bin/gnu/H-x86_64-pc-linux-gnu/bin/../lib/gcc/nios2-elf/4.9.1/../../../../../H-x86_64-pc-linux-gnu/nios2-elf/lib/libc.a(lib_a-mallocr.o)
                0x0000000008012b2c                __malloc_current_mallinfo
 .bss           0x0000000008012b54        0x0 /opt/altera/15.0/nios2eds/bin/gnu/H-x86_64-pc-linux-gnu/bin/../lib/gcc/nios2-elf/4.9.1/../../../../../H-x86_64-pc-linux-gnu/nios2-elf/lib/libc.a(lib_a-memchr.o)
 .bss           0x0000000008012b54        0x0 /opt/altera/15.0/nios2eds/bin/gnu/H-x86_64-pc-linux-gnu/bin/../lib/gcc/nios2-elf/4.9.1/../../../../../H-x86_64-pc-linux-gnu/nios2-elf/lib/libc.a(lib_a-memcpy.o)
 .bss           0x0000000008012b54        0x0 /opt/altera/15.0/nios2eds/bin/gnu/H-x86_64-pc-linux-gnu/bin/../lib/gcc/nios2-elf/4.9.1/../../../../../H-x86_64-pc-linux-gnu/nios2-elf/lib/libc.a(lib_a-memmove.o)
 .bss           0x0000000008012b54        0x0 /opt/altera/15.0/nios2eds/bin/gnu/H-x86_64-pc-linux-gnu/bin/../lib/gcc/nios2-elf/4.9.1/../../../../../H-x86_64-pc-linux-gnu/nios2-elf/lib/libc.a(lib_a-memset.o)
 .bss           0x0000000008012b54        0x0 /opt/altera/15.0/nios2eds/bin/gnu/H-x86_64-pc-linux-gnu/bin/../lib/gcc/nios2-elf/4.9.1/../../../../../H-x86_64-pc-linux-gnu/nios2-elf/lib/libc.a(lib_a-mprec.o)
 .bss           0x0000000008012b54        0x0 /opt/altera/15.0/nios2eds/bin/gnu/H-x86_64-pc-linux-gnu/bin/../lib/gcc/nios2-elf/4.9.1/../../../../../H-x86_64-pc-linux-gnu/nios2-elf/lib/libc.a(lib_a-reallocr.o)
 .bss           0x0000000008012b54        0x0 /opt/altera/15.0/nios2eds/bin/gnu/H-x86_64-pc-linux-gnu/bin/../lib/gcc/nios2-elf/4.9.1/../../../../../H-x86_64-pc-linux-gnu/nios2-elf/lib/libc.a(lib_a-s_fpclassify.o)
 .bss           0x0000000008012b54        0x0 /opt/altera/15.0/nios2eds/bin/gnu/H-x86_64-pc-linux-gnu/bin/../lib/gcc/nios2-elf/4.9.1/../../../../../H-x86_64-pc-linux-gnu/nios2-elf/lib/libc.a(lib_a-sbrkr.o)
 .bss           0x0000000008012b54        0x0 /opt/altera/15.0/nios2eds/bin/gnu/H-x86_64-pc-linux-gnu/bin/../lib/gcc/nios2-elf/4.9.1/../../../../../H-x86_64-pc-linux-gnu/nios2-elf/lib/libc.a(lib_a-stdio.o)
 .bss           0x0000000008012b54        0x0 /opt/altera/15.0/nios2eds/bin/gnu/H-x86_64-pc-linux-gnu/bin/../lib/gcc/nios2-elf/4.9.1/../../../../../H-x86_64-pc-linux-gnu/nios2-elf/lib/libc.a(lib_a-strcmp.o)
 .bss           0x0000000008012b54        0x0 /opt/altera/15.0/nios2eds/bin/gnu/H-x86_64-pc-linux-gnu/bin/../lib/gcc/nios2-elf/4.9.1/../../../../../H-x86_64-pc-linux-gnu/nios2-elf/lib/libc.a(lib_a-vfiprintf.o)
 .bss           0x0000000008012b54        0x0 /opt/altera/15.0/nios2eds/bin/gnu/H-x86_64-pc-linux-gnu/bin/../lib/gcc/nios2-elf/4.9.1/../../../../../H-x86_64-pc-linux-gnu/nios2-elf/lib/libc.a(lib_a-writer.o)
 .bss           0x0000000008012b54        0x0 /opt/altera/15.0/nios2eds/bin/gnu/H-x86_64-pc-linux-gnu/bin/../lib/gcc/nios2-elf/4.9.1/../../../../../H-x86_64-pc-linux-gnu/nios2-elf/lib/libc.a(closer.o)
 .bss           0x0000000008012b54        0x0 /opt/altera/15.0/nios2eds/bin/gnu/H-x86_64-pc-linux-gnu/bin/../lib/gcc/nios2-elf/4.9.1/../../../../../H-x86_64-pc-linux-gnu/nios2-elf/lib/libc.a(lib_a-callocr.o)
 .bss           0x0000000008012b54        0x0 /opt/altera/15.0/nios2eds/bin/gnu/H-x86_64-pc-linux-gnu/bin/../lib/gcc/nios2-elf/4.9.1/../../../../../H-x86_64-pc-linux-gnu/nios2-elf/lib/libc.a(lib_a-fclose.o)
 .bss           0x0000000008012b54        0x0 /opt/altera/15.0/nios2eds/bin/gnu/H-x86_64-pc-linux-gnu/bin/../lib/gcc/nios2-elf/4.9.1/../../../../../H-x86_64-pc-linux-gnu/nios2-elf/lib/libc.a(lib_a-fputwc.o)
 .bss           0x0000000008012b54        0x0 /opt/altera/15.0/nios2eds/bin/gnu/H-x86_64-pc-linux-gnu/bin/../lib/gcc/nios2-elf/4.9.1/../../../../../H-x86_64-pc-linux-gnu/nios2-elf/lib/libc.a(lib_a-fstatr.o)
 .bss           0x0000000008012b54        0x0 /opt/altera/15.0/nios2eds/bin/gnu/H-x86_64-pc-linux-gnu/bin/../lib/gcc/nios2-elf/4.9.1/../../../../../H-x86_64-pc-linux-gnu/nios2-elf/lib/libc.a(lib_a-int_errno.o)
 .bss           0x0000000008012b54        0x0 /opt/altera/15.0/nios2eds/bin/gnu/H-x86_64-pc-linux-gnu/bin/../lib/gcc/nios2-elf/4.9.1/../../../../../H-x86_64-pc-linux-gnu/nios2-elf/lib/libc.a(lib_a-isattyr.o)
 .bss           0x0000000008012b54        0x0 /opt/altera/15.0/nios2eds/bin/gnu/H-x86_64-pc-linux-gnu/bin/../lib/gcc/nios2-elf/4.9.1/../../../../../H-x86_64-pc-linux-gnu/nios2-elf/lib/libc.a(lib_a-lseekr.o)
 .bss           0x0000000008012b54        0x0 /opt/altera/15.0/nios2eds/bin/gnu/H-x86_64-pc-linux-gnu/bin/../lib/gcc/nios2-elf/4.9.1/../../../../../H-x86_64-pc-linux-gnu/nios2-elf/lib/libc.a(lib_a-readr.o)
 .bss           0x0000000008012b54        0x0 /opt/altera/15.0/nios2eds/bin/gnu/H-x86_64-pc-linux-gnu/bin/../lib/gcc/nios2-elf/4.9.1/../../../../../H-x86_64-pc-linux-gnu/nios2-elf/lib/libc.a(lib_a-wbuf.o)
 .bss           0x0000000008012b54        0x0 /opt/altera/15.0/nios2eds/bin/gnu/H-x86_64-pc-linux-gnu/bin/../lib/gcc/nios2-elf/4.9.1/../../../../../H-x86_64-pc-linux-gnu/nios2-elf/lib/libc.a(lib_a-wcrtomb.o)
 .bss           0x0000000008012b54        0x0 /opt/altera/15.0/nios2eds/bin/gnu/H-x86_64-pc-linux-gnu/bin/../lib/gcc/nios2-elf/4.9.1/../../../../../H-x86_64-pc-linux-gnu/nios2-elf/lib/libc.a(lib_a-wctomb_r.o)
 .bss           0x0000000008012b54        0x0 /opt/altera/15.0/nios2eds/bin/gnu/H-x86_64-pc-linux-gnu/bin/../lib/gcc/nios2-elf/4.9.1/libgcc.a(_udivdi3.o)
 .bss           0x0000000008012b54        0x0 /opt/altera/15.0/nios2eds/bin/gnu/H-x86_64-pc-linux-gnu/bin/../lib/gcc/nios2-elf/4.9.1/libgcc.a(_umoddi3.o)
 .bss           0x0000000008012b54        0x0 /opt/altera/15.0/nios2eds/bin/gnu/H-x86_64-pc-linux-gnu/bin/../lib/gcc/nios2-elf/4.9.1/libgcc.a(lib2-divmod.o)
 .bss           0x0000000008012b54        0x0 /opt/altera/15.0/nios2eds/bin/gnu/H-x86_64-pc-linux-gnu/bin/../lib/gcc/nios2-elf/4.9.1/libgcc.a(adddf3.o)
 .bss           0x0000000008012b54        0x0 /opt/altera/15.0/nios2eds/bin/gnu/H-x86_64-pc-linux-gnu/bin/../lib/gcc/nios2-elf/4.9.1/libgcc.a(divdf3.o)
 .bss           0x0000000008012b54        0x0 /opt/altera/15.0/nios2eds/bin/gnu/H-x86_64-pc-linux-gnu/bin/../lib/gcc/nios2-elf/4.9.1/libgcc.a(eqdf2.o)
 .bss           0x0000000008012b54        0x0 /opt/altera/15.0/nios2eds/bin/gnu/H-x86_64-pc-linux-gnu/bin/../lib/gcc/nios2-elf/4.9.1/libgcc.a(gedf2.o)
 .bss           0x0000000008012b54        0x0 /opt/altera/15.0/nios2eds/bin/gnu/H-x86_64-pc-linux-gnu/bin/../lib/gcc/nios2-elf/4.9.1/libgcc.a(ledf2.o)
 .bss           0x0000000008012b54        0x0 /opt/altera/15.0/nios2eds/bin/gnu/H-x86_64-pc-linux-gnu/bin/../lib/gcc/nios2-elf/4.9.1/libgcc.a(muldf3.o)
 .bss           0x0000000008012b54        0x0 /opt/altera/15.0/nios2eds/bin/gnu/H-x86_64-pc-linux-gnu/bin/../lib/gcc/nios2-elf/4.9.1/libgcc.a(subdf3.o)
 .bss           0x0000000008012b54        0x0 /opt/altera/15.0/nios2eds/bin/gnu/H-x86_64-pc-linux-gnu/bin/../lib/gcc/nios2-elf/4.9.1/libgcc.a(fixdfsi.o)
 .bss           0x0000000008012b54        0x0 /opt/altera/15.0/nios2eds/bin/gnu/H-x86_64-pc-linux-gnu/bin/../lib/gcc/nios2-elf/4.9.1/libgcc.a(floatsidf.o)
 .bss           0x0000000008012b54        0x0 /opt/altera/15.0/nios2eds/bin/gnu/H-x86_64-pc-linux-gnu/bin/../lib/gcc/nios2-elf/4.9.1/libgcc.a(floatunsidf.o)
 .bss           0x0000000008012b54        0x0 /opt/altera/15.0/nios2eds/bin/gnu/H-x86_64-pc-linux-gnu/bin/../lib/gcc/nios2-elf/4.9.1/libgcc.a(_clz.o)
 .bss           0x0000000008012b54        0x0 /opt/altera/15.0/nios2eds/bin/gnu/H-x86_64-pc-linux-gnu/bin/../lib/gcc/nios2-elf/4.9.1/libgcc.a(_clzsi2.o)
 .bss           0x0000000008012b54        0x0 ../exfour_bsp//libhal_bsp.a(alt_close.o)
 .bss           0x0000000008012b54        0x0 ../exfour_bsp//libhal_bsp.a(alt_dev.o)
 .bss           0x0000000008012b54        0x0 ../exfour_bsp//libhal_bsp.a(alt_errno.o)
 .bss           0x0000000008012b54        0x0 ../exfour_bsp//libhal_bsp.a(alt_fstat.o)
 .bss           0x0000000008012b54        0x0 ../exfour_bsp//libhal_bsp.a(alt_isatty.o)
 .bss           0x0000000008012b54        0x0 ../exfour_bsp//libhal_bsp.a(alt_load.o)
 .bss           0x0000000008012b54        0x0 ../exfour_bsp//libhal_bsp.a(alt_lseek.o)
 .bss           0x0000000008012b54        0x0 ../exfour_bsp//libhal_bsp.a(alt_main.o)
 .bss           0x0000000008012b54        0x0 ../exfour_bsp//libhal_bsp.a(alt_malloc_lock.o)
 .bss           0x0000000008012b54        0x0 ../exfour_bsp//libhal_bsp.a(alt_read.o)
 .bss           0x0000000008012b54        0x0 ../exfour_bsp//libhal_bsp.a(alt_release_fd.o)
 .bss           0x0000000008012b54        0x0 ../exfour_bsp//libhal_bsp.a(alt_sbrk.o)
 .bss           0x0000000008012b54        0x0 ../exfour_bsp//libhal_bsp.a(alt_write.o)
 .bss           0x0000000008012b54        0x0 ../exfour_bsp//libhal_bsp.a(alt_sys_init.o)
 .bss           0x0000000008012b54        0x0 ../exfour_bsp//libhal_bsp.a(altera_avalon_jtag_uart_fd.o)
 .bss           0x0000000008012b54        0x0 ../exfour_bsp//libhal_bsp.a(altera_avalon_jtag_uart_init.o)
 .bss           0x0000000008012b54        0x0 ../exfour_bsp//libhal_bsp.a(altera_avalon_jtag_uart_ioctl.o)
 .bss           0x0000000008012b54        0x0 ../exfour_bsp//libhal_bsp.a(altera_avalon_jtag_uart_read.o)
 .bss           0x0000000008012b54        0x0 ../exfour_bsp//libhal_bsp.a(altera_avalon_jtag_uart_write.o)
 .bss           0x0000000008012b54        0x0 ../exfour_bsp//libhal_bsp.a(altera_avalon_timer_sc.o)
 .bss           0x0000000008012b54        0x0 ../exfour_bsp//libhal_bsp.a(alt_alarm_start.o)
 .bss           0x0000000008012b54        0x0 ../exfour_bsp//libhal_bsp.a(alt_dcache_flush_all.o)
 .bss           0x0000000008012b54        0x0 ../exfour_bsp//libhal_bsp.a(alt_dev_llist_insert.o)
 .bss           0x0000000008012b54        0x0 ../exfour_bsp//libhal_bsp.a(alt_do_ctors.o)
 .bss           0x0000000008012b54        0x0 ../exfour_bsp//libhal_bsp.a(alt_do_dtors.o)
 .bss           0x0000000008012b54        0x0 ../exfour_bsp//libhal_bsp.a(alt_icache_flush_all.o)
 .bss           0x0000000008012b54        0x0 ../exfour_bsp//libhal_bsp.a(alt_iic.o)
 .bss           0x0000000008012b54        0x0 ../exfour_bsp//libhal_bsp.a(alt_iic_isr_register.o)
 .bss           0x0000000008012b54        0x0 ../exfour_bsp//libhal_bsp.a(alt_io_redirect.o)
 .bss           0x0000000008012b54        0x0 ../exfour_bsp//libhal_bsp.a(alt_irq_entry.o)
 .bss           0x0000000008012b54        0x0 ../exfour_bsp//libhal_bsp.a(alt_irq_handler.o)
 .bss           0x0000000008012b54        0x0 ../exfour_bsp//libhal_bsp.a(alt_irq_vars.o)
 .bss           0x0000000008012b54        0x0 ../exfour_bsp//libhal_bsp.a(alt_open.o)
 .bss           0x0000000008012b54        0x0 ../exfour_bsp//libhal_bsp.a(alt_tick.o)
 .bss           0x0000000008012b54        0x0 ../exfour_bsp//libhal_bsp.a(altera_nios2_qsys_irq.o)
 .bss           0x0000000008012b54        0x0 ../exfour_bsp//libhal_bsp.a(alt_exception_entry.o)
 .bss           0x0000000008012b54        0x0 ../exfour_bsp//libhal_bsp.a(alt_find_dev.o)
 .bss           0x0000000008012b54        0x0 ../exfour_bsp//libhal_bsp.a(alt_find_file.o)
 .bss           0x0000000008012b54        0x0 ../exfour_bsp//libhal_bsp.a(alt_get_fd.o)
 .bss           0x0000000008012b54        0x0 ../exfour_bsp//libhal_bsp.a(alt_icache_flush.o)
 .bss           0x0000000008012b54        0x0 /opt/altera/15.0/nios2eds/bin/gnu/H-x86_64-pc-linux-gnu/bin/../lib/gcc/nios2-elf/4.9.1/../../../../../H-x86_64-pc-linux-gnu/nios2-elf/lib/libc.a(lib_a-atexit.o)
 .bss           0x0000000008012b54        0x0 /opt/altera/15.0/nios2eds/bin/gnu/H-x86_64-pc-linux-gnu/bin/../lib/gcc/nios2-elf/4.9.1/../../../../../H-x86_64-pc-linux-gnu/nios2-elf/lib/libc.a(lib_a-exit.o)
 .bss           0x0000000008012b54        0x0 /opt/altera/15.0/nios2eds/bin/gnu/H-x86_64-pc-linux-gnu/bin/../lib/gcc/nios2-elf/4.9.1/../../../../../H-x86_64-pc-linux-gnu/nios2-elf/lib/libc.a(lib_a-memcmp.o)
 .bss           0x0000000008012b54        0x0 /opt/altera/15.0/nios2eds/bin/gnu/H-x86_64-pc-linux-gnu/bin/../lib/gcc/nios2-elf/4.9.1/../../../../../H-x86_64-pc-linux-gnu/nios2-elf/lib/libc.a(lib_a-__atexit.o)
 .bss           0x0000000008012b54        0x0 /opt/altera/15.0/nios2eds/bin/gnu/H-x86_64-pc-linux-gnu/bin/../lib/gcc/nios2-elf/4.9.1/../../../../../H-x86_64-pc-linux-gnu/nios2-elf/lib/libc.a(lib_a-__call_atexit.o)
 .bss           0x0000000008012b54        0x0 ../exfour_bsp//libhal_bsp.a(alt_exit.o)
 *(COMMON)
 COMMON         0x0000000008012b54      0x100 ../exfour_bsp//libhal_bsp.a(alt_irq_handler.o)
                0x0000000008012b54                alt_irq
                0x0000000008012c54                . = ALIGN (0x4)
                0x0000000008012c54                __bss_end = ABSOLUTE (.)

.sdram          0x0000000008012c54        0x0
                0x0000000008012c54                PROVIDE (_alt_partition_sdram_start, ABSOLUTE (.))
 *(.sdram .sdram. sdram.*)
                0x0000000008012c54                . = ALIGN (0x4)
                0x0000000008012c54                PROVIDE (_alt_partition_sdram_end, ABSOLUTE (.))
                0x0000000008012c54                _end = ABSOLUTE (.)
                0x0000000008012c54                end = ABSOLUTE (.)
                0x0000000008012c54                __alt_stack_base = ABSOLUTE (.)
                0x0000000008012c54                PROVIDE (_alt_partition_sdram_load_addr, LOADADDR (.sdram))

.stab
 *(.stab)

.stabstr
 *(.stabstr)

.stab.excl
 *(.stab.excl)

.stab.exclstr
 *(.stab.exclstr)

.stab.index
 *(.stab.index)

.stab.indexstr
 *(.stab.indexstr)

.comment        0x0000000000000000       0x23
 *(.comment)
 .comment       0x0000000000000000       0x23 obj/default/hello_world.o
                                         0x24 (size before relaxing)
 .comment       0x0000000000000000       0x24 /opt/altera/15.0/nios2eds/bin/gnu/H-x86_64-pc-linux-gnu/bin/../lib/gcc/nios2-elf/4.9.1/../../../../../H-x86_64-pc-linux-gnu/nios2-elf/lib/libc.a(lib_a-printf.o)
 .comment       0x0000000000000000       0x24 /opt/altera/15.0/nios2eds/bin/gnu/H-x86_64-pc-linux-gnu/bin/../lib/gcc/nios2-elf/4.9.1/../../../../../H-x86_64-pc-linux-gnu/nios2-elf/lib/libc.a(lib_a-puts.o)
 .comment       0x0000000000000000       0x24 /opt/altera/15.0/nios2eds/bin/gnu/H-x86_64-pc-linux-gnu/bin/../lib/gcc/nios2-elf/4.9.1/../../../../../H-x86_64-pc-linux-gnu/nios2-elf/lib/libc.a(lib_a-strlen.o)
 .comment       0x0000000000000000       0x24 /opt/altera/15.0/nios2eds/bin/gnu/H-x86_64-pc-linux-gnu/bin/../lib/gcc/nios2-elf/4.9.1/../../../../../H-x86_64-pc-linux-gnu/nios2-elf/lib/libc.a(lib_a-vfprintf.o)
 .comment       0x0000000000000000       0x24 /opt/altera/15.0/nios2eds/bin/gnu/H-x86_64-pc-linux-gnu/bin/../lib/gcc/nios2-elf/4.9.1/../../../../../H-x86_64-pc-linux-gnu/nios2-elf/lib/libc.a(lib_a-wsetup.o)
 .comment       0x0000000000000000       0x24 /opt/altera/15.0/nios2eds/bin/gnu/H-x86_64-pc-linux-gnu/bin/../lib/gcc/nios2-elf/4.9.1/../../../../../H-x86_64-pc-linux-gnu/nios2-elf/lib/libc.a(lib_a-dtoa.o)
 .comment       0x0000000000000000       0x24 /opt/altera/15.0/nios2eds/bin/gnu/H-x86_64-pc-linux-gnu/bin/../lib/gcc/nios2-elf/4.9.1/../../../../../H-x86_64-pc-linux-gnu/nios2-elf/lib/libc.a(lib_a-fflush.o)
 .comment       0x0000000000000000       0x24 /opt/altera/15.0/nios2eds/bin/gnu/H-x86_64-pc-linux-gnu/bin/../lib/gcc/nios2-elf/4.9.1/../../../../../H-x86_64-pc-linux-gnu/nios2-elf/lib/libc.a(lib_a-findfp.o)
 .comment       0x0000000000000000       0x24 /opt/altera/15.0/nios2eds/bin/gnu/H-x86_64-pc-linux-gnu/bin/../lib/gcc/nios2-elf/4.9.1/../../../../../H-x86_64-pc-linux-gnu/nios2-elf/lib/libc.a(lib_a-freer.o)
 .comment       0x0000000000000000       0x24 /opt/altera/15.0/nios2eds/bin/gnu/H-x86_64-pc-linux-gnu/bin/../lib/gcc/nios2-elf/4.9.1/../../../../../H-x86_64-pc-linux-gnu/nios2-elf/lib/libc.a(lib_a-fvwrite.o)
 .comment       0x0000000000000000       0x24 /opt/altera/15.0/nios2eds/bin/gnu/H-x86_64-pc-linux-gnu/bin/../lib/gcc/nios2-elf/4.9.1/../../../../../H-x86_64-pc-linux-gnu/nios2-elf/lib/libc.a(lib_a-fwalk.o)
 .comment       0x0000000000000000       0x24 /opt/altera/15.0/nios2eds/bin/gnu/H-x86_64-pc-linux-gnu/bin/../lib/gcc/nios2-elf/4.9.1/../../../../../H-x86_64-pc-linux-gnu/nios2-elf/lib/libc.a(lib_a-impure.o)
 .comment       0x0000000000000000       0x24 /opt/altera/15.0/nios2eds/bin/gnu/H-x86_64-pc-linux-gnu/bin/../lib/gcc/nios2-elf/4.9.1/../../../../../H-x86_64-pc-linux-gnu/nios2-elf/lib/libc.a(lib_a-locale.o)
 .comment       0x0000000000000000       0x24 /opt/altera/15.0/nios2eds/bin/gnu/H-x86_64-pc-linux-gnu/bin/../lib/gcc/nios2-elf/4.9.1/../../../../../H-x86_64-pc-linux-gnu/nios2-elf/lib/libc.a(lib_a-makebuf.o)
 .comment       0x0000000000000000       0x24 /opt/altera/15.0/nios2eds/bin/gnu/H-x86_64-pc-linux-gnu/bin/../lib/gcc/nios2-elf/4.9.1/../../../../../H-x86_64-pc-linux-gnu/nios2-elf/lib/libc.a(lib_a-mallocr.o)
 .comment       0x0000000000000000       0x24 /opt/altera/15.0/nios2eds/bin/gnu/H-x86_64-pc-linux-gnu/bin/../lib/gcc/nios2-elf/4.9.1/../../../../../H-x86_64-pc-linux-gnu/nios2-elf/lib/libc.a(lib_a-memchr.o)
 .comment       0x0000000000000000       0x24 /opt/altera/15.0/nios2eds/bin/gnu/H-x86_64-pc-linux-gnu/bin/../lib/gcc/nios2-elf/4.9.1/../../../../../H-x86_64-pc-linux-gnu/nios2-elf/lib/libc.a(lib_a-memcpy.o)
 .comment       0x0000000000000000       0x24 /opt/altera/15.0/nios2eds/bin/gnu/H-x86_64-pc-linux-gnu/bin/../lib/gcc/nios2-elf/4.9.1/../../../../../H-x86_64-pc-linux-gnu/nios2-elf/lib/libc.a(lib_a-memmove.o)
 .comment       0x0000000000000000       0x24 /opt/altera/15.0/nios2eds/bin/gnu/H-x86_64-pc-linux-gnu/bin/../lib/gcc/nios2-elf/4.9.1/../../../../../H-x86_64-pc-linux-gnu/nios2-elf/lib/libc.a(lib_a-memset.o)
 .comment       0x0000000000000000       0x24 /opt/altera/15.0/nios2eds/bin/gnu/H-x86_64-pc-linux-gnu/bin/../lib/gcc/nios2-elf/4.9.1/../../../../../H-x86_64-pc-linux-gnu/nios2-elf/lib/libc.a(lib_a-mprec.o)
 .comment       0x0000000000000000       0x24 /opt/altera/15.0/nios2eds/bin/gnu/H-x86_64-pc-linux-gnu/bin/../lib/gcc/nios2-elf/4.9.1/../../../../../H-x86_64-pc-linux-gnu/nios2-elf/lib/libc.a(lib_a-reallocr.o)
 .comment       0x0000000000000000       0x24 /opt/altera/15.0/nios2eds/bin/gnu/H-x86_64-pc-linux-gnu/bin/../lib/gcc/nios2-elf/4.9.1/../../../../../H-x86_64-pc-linux-gnu/nios2-elf/lib/libc.a(lib_a-s_fpclassify.o)
 .comment       0x0000000000000000       0x24 /opt/altera/15.0/nios2eds/bin/gnu/H-x86_64-pc-linux-gnu/bin/../lib/gcc/nios2-elf/4.9.1/../../../../../H-x86_64-pc-linux-gnu/nios2-elf/lib/libc.a(lib_a-sbrkr.o)
 .comment       0x0000000000000000       0x24 /opt/altera/15.0/nios2eds/bin/gnu/H-x86_64-pc-linux-gnu/bin/../lib/gcc/nios2-elf/4.9.1/../../../../../H-x86_64-pc-linux-gnu/nios2-elf/lib/libc.a(lib_a-stdio.o)
 .comment       0x0000000000000000       0x24 /opt/altera/15.0/nios2eds/bin/gnu/H-x86_64-pc-linux-gnu/bin/../lib/gcc/nios2-elf/4.9.1/../../../../../H-x86_64-pc-linux-gnu/nios2-elf/lib/libc.a(lib_a-strcmp.o)
 .comment       0x0000000000000000       0x24 /opt/altera/15.0/nios2eds/bin/gnu/H-x86_64-pc-linux-gnu/bin/../lib/gcc/nios2-elf/4.9.1/../../../../../H-x86_64-pc-linux-gnu/nios2-elf/lib/libc.a(lib_a-vfiprintf.o)
 .comment       0x0000000000000000       0x24 /opt/altera/15.0/nios2eds/bin/gnu/H-x86_64-pc-linux-gnu/bin/../lib/gcc/nios2-elf/4.9.1/../../../../../H-x86_64-pc-linux-gnu/nios2-elf/lib/libc.a(lib_a-writer.o)
 .comment       0x0000000000000000       0x24 /opt/altera/15.0/nios2eds/bin/gnu/H-x86_64-pc-linux-gnu/bin/../lib/gcc/nios2-elf/4.9.1/../../../../../H-x86_64-pc-linux-gnu/nios2-elf/lib/libc.a(closer.o)
 .comment       0x0000000000000000       0x24 /opt/altera/15.0/nios2eds/bin/gnu/H-x86_64-pc-linux-gnu/bin/../lib/gcc/nios2-elf/4.9.1/../../../../../H-x86_64-pc-linux-gnu/nios2-elf/lib/libc.a(lib_a-callocr.o)
 .comment       0x0000000000000000       0x24 /opt/altera/15.0/nios2eds/bin/gnu/H-x86_64-pc-linux-gnu/bin/../lib/gcc/nios2-elf/4.9.1/../../../../../H-x86_64-pc-linux-gnu/nios2-elf/lib/libc.a(lib_a-fclose.o)
 .comment       0x0000000000000000       0x24 /opt/altera/15.0/nios2eds/bin/gnu/H-x86_64-pc-linux-gnu/bin/../lib/gcc/nios2-elf/4.9.1/../../../../../H-x86_64-pc-linux-gnu/nios2-elf/lib/libc.a(lib_a-fputwc.o)
 .comment       0x0000000000000000       0x24 /opt/altera/15.0/nios2eds/bin/gnu/H-x86_64-pc-linux-gnu/bin/../lib/gcc/nios2-elf/4.9.1/../../../../../H-x86_64-pc-linux-gnu/nios2-elf/lib/libc.a(lib_a-fstatr.o)
 .comment       0x0000000000000000       0x24 /opt/altera/15.0/nios2eds/bin/gnu/H-x86_64-pc-linux-gnu/bin/../lib/gcc/nios2-elf/4.9.1/../../../../../H-x86_64-pc-linux-gnu/nios2-elf/lib/libc.a(lib_a-int_errno.o)
 .comment       0x0000000000000000       0x24 /opt/altera/15.0/nios2eds/bin/gnu/H-x86_64-pc-linux-gnu/bin/../lib/gcc/nios2-elf/4.9.1/../../../../../H-x86_64-pc-linux-gnu/nios2-elf/lib/libc.a(lib_a-isattyr.o)
 .comment       0x0000000000000000       0x24 /opt/altera/15.0/nios2eds/bin/gnu/H-x86_64-pc-linux-gnu/bin/../lib/gcc/nios2-elf/4.9.1/../../../../../H-x86_64-pc-linux-gnu/nios2-elf/lib/libc.a(lib_a-lseekr.o)
 .comment       0x0000000000000000       0x24 /opt/altera/15.0/nios2eds/bin/gnu/H-x86_64-pc-linux-gnu/bin/../lib/gcc/nios2-elf/4.9.1/../../../../../H-x86_64-pc-linux-gnu/nios2-elf/lib/libc.a(lib_a-readr.o)
 .comment       0x0000000000000000       0x24 /opt/altera/15.0/nios2eds/bin/gnu/H-x86_64-pc-linux-gnu/bin/../lib/gcc/nios2-elf/4.9.1/../../../../../H-x86_64-pc-linux-gnu/nios2-elf/lib/libc.a(lib_a-wbuf.o)
 .comment       0x0000000000000000       0x24 /opt/altera/15.0/nios2eds/bin/gnu/H-x86_64-pc-linux-gnu/bin/../lib/gcc/nios2-elf/4.9.1/../../../../../H-x86_64-pc-linux-gnu/nios2-elf/lib/libc.a(lib_a-wcrtomb.o)
 .comment       0x0000000000000000       0x24 /opt/altera/15.0/nios2eds/bin/gnu/H-x86_64-pc-linux-gnu/bin/../lib/gcc/nios2-elf/4.9.1/../../../../../H-x86_64-pc-linux-gnu/nios2-elf/lib/libc.a(lib_a-wctomb_r.o)
 .comment       0x0000000000000000       0x24 /opt/altera/15.0/nios2eds/bin/gnu/H-x86_64-pc-linux-gnu/bin/../lib/gcc/nios2-elf/4.9.1/libgcc.a(_udivdi3.o)
 .comment       0x0000000000000000       0x24 /opt/altera/15.0/nios2eds/bin/gnu/H-x86_64-pc-linux-gnu/bin/../lib/gcc/nios2-elf/4.9.1/libgcc.a(_umoddi3.o)
 .comment       0x0000000000000000       0x24 /opt/altera/15.0/nios2eds/bin/gnu/H-x86_64-pc-linux-gnu/bin/../lib/gcc/nios2-elf/4.9.1/libgcc.a(lib2-divmod.o)
 .comment       0x0000000000000000       0x24 /opt/altera/15.0/nios2eds/bin/gnu/H-x86_64-pc-linux-gnu/bin/../lib/gcc/nios2-elf/4.9.1/libgcc.a(adddf3.o)
 .comment       0x0000000000000000       0x24 /opt/altera/15.0/nios2eds/bin/gnu/H-x86_64-pc-linux-gnu/bin/../lib/gcc/nios2-elf/4.9.1/libgcc.a(divdf3.o)
 .comment       0x0000000000000000       0x24 /opt/altera/15.0/nios2eds/bin/gnu/H-x86_64-pc-linux-gnu/bin/../lib/gcc/nios2-elf/4.9.1/libgcc.a(eqdf2.o)
 .comment       0x0000000000000000       0x24 /opt/altera/15.0/nios2eds/bin/gnu/H-x86_64-pc-linux-gnu/bin/../lib/gcc/nios2-elf/4.9.1/libgcc.a(gedf2.o)
 .comment       0x0000000000000000       0x24 /opt/altera/15.0/nios2eds/bin/gnu/H-x86_64-pc-linux-gnu/bin/../lib/gcc/nios2-elf/4.9.1/libgcc.a(ledf2.o)
 .comment       0x0000000000000000       0x24 /opt/altera/15.0/nios2eds/bin/gnu/H-x86_64-pc-linux-gnu/bin/../lib/gcc/nios2-elf/4.9.1/libgcc.a(muldf3.o)
 .comment       0x0000000000000000       0x24 /opt/altera/15.0/nios2eds/bin/gnu/H-x86_64-pc-linux-gnu/bin/../lib/gcc/nios2-elf/4.9.1/libgcc.a(subdf3.o)
 .comment       0x0000000000000000       0x24 /opt/altera/15.0/nios2eds/bin/gnu/H-x86_64-pc-linux-gnu/bin/../lib/gcc/nios2-elf/4.9.1/libgcc.a(fixdfsi.o)
 .comment       0x0000000000000000       0x24 /opt/altera/15.0/nios2eds/bin/gnu/H-x86_64-pc-linux-gnu/bin/../lib/gcc/nios2-elf/4.9.1/libgcc.a(floatsidf.o)
 .comment       0x0000000000000000       0x24 /opt/altera/15.0/nios2eds/bin/gnu/H-x86_64-pc-linux-gnu/bin/../lib/gcc/nios2-elf/4.9.1/libgcc.a(floatunsidf.o)
 .comment       0x0000000000000000       0x24 /opt/altera/15.0/nios2eds/bin/gnu/H-x86_64-pc-linux-gnu/bin/../lib/gcc/nios2-elf/4.9.1/libgcc.a(_clz.o)
 .comment       0x0000000000000000       0x24 /opt/altera/15.0/nios2eds/bin/gnu/H-x86_64-pc-linux-gnu/bin/../lib/gcc/nios2-elf/4.9.1/libgcc.a(_clzsi2.o)
 .comment       0x0000000000000000       0x24 ../exfour_bsp//libhal_bsp.a(alt_close.o)
 .comment       0x0000000000000000       0x24 ../exfour_bsp//libhal_bsp.a(alt_dev.o)
 .comment       0x0000000000000000       0x24 ../exfour_bsp//libhal_bsp.a(alt_errno.o)
 .comment       0x0000000000000000       0x24 ../exfour_bsp//libhal_bsp.a(alt_fstat.o)
 .comment       0x0000000000000000       0x24 ../exfour_bsp//libhal_bsp.a(alt_isatty.o)
 .comment       0x0000000000000000       0x24 ../exfour_bsp//libhal_bsp.a(alt_load.o)
 .comment       0x0000000000000000       0x24 ../exfour_bsp//libhal_bsp.a(alt_lseek.o)
 .comment       0x0000000000000000       0x24 ../exfour_bsp//libhal_bsp.a(alt_main.o)
 .comment       0x0000000000000000       0x24 ../exfour_bsp//libhal_bsp.a(alt_malloc_lock.o)
 .comment       0x0000000000000000       0x24 ../exfour_bsp//libhal_bsp.a(alt_read.o)
 .comment       0x0000000000000000       0x24 ../exfour_bsp//libhal_bsp.a(alt_release_fd.o)
 .comment       0x0000000000000000       0x24 ../exfour_bsp//libhal_bsp.a(alt_sbrk.o)
 .comment       0x0000000000000000       0x24 ../exfour_bsp//libhal_bsp.a(alt_write.o)
 .comment       0x0000000000000000       0x24 ../exfour_bsp//libhal_bsp.a(alt_sys_init.o)
 .comment       0x0000000000000000       0x24 ../exfour_bsp//libhal_bsp.a(altera_avalon_jtag_uart_fd.o)
 .comment       0x0000000000000000       0x24 ../exfour_bsp//libhal_bsp.a(altera_avalon_jtag_uart_init.o)
 .comment       0x0000000000000000       0x24 ../exfour_bsp//libhal_bsp.a(altera_avalon_jtag_uart_ioctl.o)
 .comment       0x0000000000000000       0x24 ../exfour_bsp//libhal_bsp.a(altera_avalon_jtag_uart_read.o)
 .comment       0x0000000000000000       0x24 ../exfour_bsp//libhal_bsp.a(altera_avalon_jtag_uart_write.o)
 .comment       0x0000000000000000       0x24 ../exfour_bsp//libhal_bsp.a(altera_avalon_timer_sc.o)
 .comment       0x0000000000000000       0x24 ../exfour_bsp//libhal_bsp.a(alt_alarm_start.o)
 .comment       0x0000000000000000       0x24 ../exfour_bsp//libhal_bsp.a(alt_dcache_flush_all.o)
 .comment       0x0000000000000000       0x24 ../exfour_bsp//libhal_bsp.a(alt_dev_llist_insert.o)
 .comment       0x0000000000000000       0x24 ../exfour_bsp//libhal_bsp.a(alt_do_ctors.o)
 .comment       0x0000000000000000       0x24 ../exfour_bsp//libhal_bsp.a(alt_do_dtors.o)
 .comment       0x0000000000000000       0x24 ../exfour_bsp//libhal_bsp.a(alt_icache_flush_all.o)
 .comment       0x0000000000000000       0x24 ../exfour_bsp//libhal_bsp.a(alt_iic.o)
 .comment       0x0000000000000000       0x24 ../exfour_bsp//libhal_bsp.a(alt_iic_isr_register.o)
 .comment       0x0000000000000000       0x24 ../exfour_bsp//libhal_bsp.a(alt_io_redirect.o)
 .comment       0x0000000000000000       0x24 ../exfour_bsp//libhal_bsp.a(alt_irq_handler.o)
 .comment       0x0000000000000000       0x24 ../exfour_bsp//libhal_bsp.a(alt_irq_vars.o)
 .comment       0x0000000000000000       0x24 ../exfour_bsp//libhal_bsp.a(alt_open.o)
 .comment       0x0000000000000000       0x24 ../exfour_bsp//libhal_bsp.a(alt_tick.o)
 .comment       0x0000000000000000       0x24 ../exfour_bsp//libhal_bsp.a(altera_nios2_qsys_irq.o)
 .comment       0x0000000000000000       0x24 ../exfour_bsp//libhal_bsp.a(alt_find_dev.o)
 .comment       0x0000000000000000       0x24 ../exfour_bsp//libhal_bsp.a(alt_find_file.o)
 .comment       0x0000000000000000       0x24 ../exfour_bsp//libhal_bsp.a(alt_get_fd.o)
 .comment       0x0000000000000000       0x24 ../exfour_bsp//libhal_bsp.a(alt_icache_flush.o)
 .comment       0x0000000000000000       0x24 /opt/altera/15.0/nios2eds/bin/gnu/H-x86_64-pc-linux-gnu/bin/../lib/gcc/nios2-elf/4.9.1/../../../../../H-x86_64-pc-linux-gnu/nios2-elf/lib/libc.a(lib_a-atexit.o)
 .comment       0x0000000000000000       0x24 /opt/altera/15.0/nios2eds/bin/gnu/H-x86_64-pc-linux-gnu/bin/../lib/gcc/nios2-elf/4.9.1/../../../../../H-x86_64-pc-linux-gnu/nios2-elf/lib/libc.a(lib_a-exit.o)
 .comment       0x0000000000000000       0x24 /opt/altera/15.0/nios2eds/bin/gnu/H-x86_64-pc-linux-gnu/bin/../lib/gcc/nios2-elf/4.9.1/../../../../../H-x86_64-pc-linux-gnu/nios2-elf/lib/libc.a(lib_a-memcmp.o)
 .comment       0x0000000000000000       0x24 /opt/altera/15.0/nios2eds/bin/gnu/H-x86_64-pc-linux-gnu/bin/../lib/gcc/nios2-elf/4.9.1/../../../../../H-x86_64-pc-linux-gnu/nios2-elf/lib/libc.a(lib_a-__atexit.o)
 .comment       0x0000000000000000       0x24 /opt/altera/15.0/nios2eds/bin/gnu/H-x86_64-pc-linux-gnu/bin/../lib/gcc/nios2-elf/4.9.1/../../../../../H-x86_64-pc-linux-gnu/nios2-elf/lib/libc.a(lib_a-__call_atexit.o)
 .comment       0x0000000000000000       0x24 ../exfour_bsp//libhal_bsp.a(alt_exit.o)

.debug
 *(.debug)

.line
 *(.line)

.debug_srcinfo
 *(.debug_srcinfo)

.debug_sfnames
 *(.debug_sfnames)

.debug_aranges  0x0000000000000000      0xcc8
 *(.debug_aranges)
 .debug_aranges
                0x0000000000000000       0x28 ../exfour_bsp//obj/HAL/src/crt0.o
 .debug_aranges
                0x0000000000000028       0x20 obj/default/hello_world.o
 .debug_aranges
                0x0000000000000048       0x20 /opt/altera/15.0/nios2eds/bin/gnu/H-x86_64-pc-linux-gnu/bin/../lib/gcc/nios2-elf/4.9.1/../../../../../H-x86_64-pc-linux-gnu/nios2-elf/lib/libc.a(lib_a-printf.o)
 .debug_aranges
                0x0000000000000068       0x20 /opt/altera/15.0/nios2eds/bin/gnu/H-x86_64-pc-linux-gnu/bin/../lib/gcc/nios2-elf/4.9.1/../../../../../H-x86_64-pc-linux-gnu/nios2-elf/lib/libc.a(lib_a-puts.o)
 .debug_aranges
                0x0000000000000088       0x20 /opt/altera/15.0/nios2eds/bin/gnu/H-x86_64-pc-linux-gnu/bin/../lib/gcc/nios2-elf/4.9.1/../../../../../H-x86_64-pc-linux-gnu/nios2-elf/lib/libc.a(lib_a-strlen.o)
 .debug_aranges
                0x00000000000000a8       0x20 /opt/altera/15.0/nios2eds/bin/gnu/H-x86_64-pc-linux-gnu/bin/../lib/gcc/nios2-elf/4.9.1/../../../../../H-x86_64-pc-linux-gnu/nios2-elf/lib/libc.a(lib_a-vfprintf.o)
 .debug_aranges
                0x00000000000000c8       0x20 /opt/altera/15.0/nios2eds/bin/gnu/H-x86_64-pc-linux-gnu/bin/../lib/gcc/nios2-elf/4.9.1/../../../../../H-x86_64-pc-linux-gnu/nios2-elf/lib/libc.a(lib_a-wsetup.o)
 .debug_aranges
                0x00000000000000e8       0x20 /opt/altera/15.0/nios2eds/bin/gnu/H-x86_64-pc-linux-gnu/bin/../lib/gcc/nios2-elf/4.9.1/../../../../../H-x86_64-pc-linux-gnu/nios2-elf/lib/libc.a(lib_a-dtoa.o)
 .debug_aranges
                0x0000000000000108       0x20 /opt/altera/15.0/nios2eds/bin/gnu/H-x86_64-pc-linux-gnu/bin/../lib/gcc/nios2-elf/4.9.1/../../../../../H-x86_64-pc-linux-gnu/nios2-elf/lib/libc.a(lib_a-fflush.o)
 .debug_aranges
                0x0000000000000128       0x20 /opt/altera/15.0/nios2eds/bin/gnu/H-x86_64-pc-linux-gnu/bin/../lib/gcc/nios2-elf/4.9.1/../../../../../H-x86_64-pc-linux-gnu/nios2-elf/lib/libc.a(lib_a-findfp.o)
 .debug_aranges
                0x0000000000000148       0x20 /opt/altera/15.0/nios2eds/bin/gnu/H-x86_64-pc-linux-gnu/bin/../lib/gcc/nios2-elf/4.9.1/../../../../../H-x86_64-pc-linux-gnu/nios2-elf/lib/libc.a(lib_a-freer.o)
 .debug_aranges
                0x0000000000000168       0x20 /opt/altera/15.0/nios2eds/bin/gnu/H-x86_64-pc-linux-gnu/bin/../lib/gcc/nios2-elf/4.9.1/../../../../../H-x86_64-pc-linux-gnu/nios2-elf/lib/libc.a(lib_a-fvwrite.o)
 .debug_aranges
                0x0000000000000188       0x20 /opt/altera/15.0/nios2eds/bin/gnu/H-x86_64-pc-linux-gnu/bin/../lib/gcc/nios2-elf/4.9.1/../../../../../H-x86_64-pc-linux-gnu/nios2-elf/lib/libc.a(lib_a-fwalk.o)
 .debug_aranges
                0x00000000000001a8       0x18 /opt/altera/15.0/nios2eds/bin/gnu/H-x86_64-pc-linux-gnu/bin/../lib/gcc/nios2-elf/4.9.1/../../../../../H-x86_64-pc-linux-gnu/nios2-elf/lib/libc.a(lib_a-impure.o)
 .debug_aranges
                0x00000000000001c0       0x20 /opt/altera/15.0/nios2eds/bin/gnu/H-x86_64-pc-linux-gnu/bin/../lib/gcc/nios2-elf/4.9.1/../../../../../H-x86_64-pc-linux-gnu/nios2-elf/lib/libc.a(lib_a-locale.o)
 .debug_aranges
                0x00000000000001e0       0x20 /opt/altera/15.0/nios2eds/bin/gnu/H-x86_64-pc-linux-gnu/bin/../lib/gcc/nios2-elf/4.9.1/../../../../../H-x86_64-pc-linux-gnu/nios2-elf/lib/libc.a(lib_a-makebuf.o)
 .debug_aranges
                0x0000000000000200       0x20 /opt/altera/15.0/nios2eds/bin/gnu/H-x86_64-pc-linux-gnu/bin/../lib/gcc/nios2-elf/4.9.1/../../../../../H-x86_64-pc-linux-gnu/nios2-elf/lib/libc.a(lib_a-mallocr.o)
 .debug_aranges
                0x0000000000000220       0x20 /opt/altera/15.0/nios2eds/bin/gnu/H-x86_64-pc-linux-gnu/bin/../lib/gcc/nios2-elf/4.9.1/../../../../../H-x86_64-pc-linux-gnu/nios2-elf/lib/libc.a(lib_a-memchr.o)
 .debug_aranges
                0x0000000000000240       0x20 /opt/altera/15.0/nios2eds/bin/gnu/H-x86_64-pc-linux-gnu/bin/../lib/gcc/nios2-elf/4.9.1/../../../../../H-x86_64-pc-linux-gnu/nios2-elf/lib/libc.a(lib_a-memcpy.o)
 .debug_aranges
                0x0000000000000260       0x20 /opt/altera/15.0/nios2eds/bin/gnu/H-x86_64-pc-linux-gnu/bin/../lib/gcc/nios2-elf/4.9.1/../../../../../H-x86_64-pc-linux-gnu/nios2-elf/lib/libc.a(lib_a-memmove.o)
 .debug_aranges
                0x0000000000000280       0x20 /opt/altera/15.0/nios2eds/bin/gnu/H-x86_64-pc-linux-gnu/bin/../lib/gcc/nios2-elf/4.9.1/../../../../../H-x86_64-pc-linux-gnu/nios2-elf/lib/libc.a(lib_a-memset.o)
 .debug_aranges
                0x00000000000002a0       0x20 /opt/altera/15.0/nios2eds/bin/gnu/H-x86_64-pc-linux-gnu/bin/../lib/gcc/nios2-elf/4.9.1/../../../../../H-x86_64-pc-linux-gnu/nios2-elf/lib/libc.a(lib_a-mprec.o)
 .debug_aranges
                0x00000000000002c0       0x20 /opt/altera/15.0/nios2eds/bin/gnu/H-x86_64-pc-linux-gnu/bin/../lib/gcc/nios2-elf/4.9.1/../../../../../H-x86_64-pc-linux-gnu/nios2-elf/lib/libc.a(lib_a-reallocr.o)
 .debug_aranges
                0x00000000000002e0       0x20 /opt/altera/15.0/nios2eds/bin/gnu/H-x86_64-pc-linux-gnu/bin/../lib/gcc/nios2-elf/4.9.1/../../../../../H-x86_64-pc-linux-gnu/nios2-elf/lib/libc.a(lib_a-s_fpclassify.o)
 .debug_aranges