Archive member included to satisfy reference by file (symbol)

../exfour_bsp//libhal_bsp.a(alt_load.o)
                              ../exfour_bsp//obj/HAL/src/crt0.o (alt_load)
../exfour_bsp//libhal_bsp.a(alt_main.o)
                              ../exfour_bsp//obj/HAL/src/crt0.o (alt_main)
../exfour_bsp//libhal_bsp.a(alt_sys_init.o)
                              ../exfour_bsp//libhal_bsp.a(alt_main.o) (alt_irq_init)
../exfour_bsp//libhal_bsp.a(altera_avalon_jtag_uart_fd.o)
                              ../exfour_bsp//libhal_bsp.a(alt_sys_init.o) (altera_avalon_jtag_uart_read_fd)
../exfour_bsp//libhal_bsp.a(altera_avalon_jtag_uart_init.o)
                              ../exfour_bsp//libhal_bsp.a(alt_sys_init.o) (altera_avalon_jtag_uart_init)
../exfour_bsp//libhal_bsp.a(altera_avalon_jtag_uart_ioctl.o)
                              ../exfour_bsp//libhal_bsp.a(altera_avalon_jtag_uart_fd.o) (altera_avalon_jtag_uart_ioctl)
../exfour_bsp//libhal_bsp.a(altera_avalon_jtag_uart_read.o)
                              ../exfour_bsp//libhal_bsp.a(altera_avalon_jtag_uart_fd.o) (altera_avalon_jtag_uart_read)
../exfour_bsp//libhal_bsp.a(altera_avalon_jtag_uart_write.o)
                              ../exfour_bsp//libhal_bsp.a(altera_avalon_jtag_uart_fd.o) (altera_avalon_jtag_uart_write)
../exfour_bsp//libhal_bsp.a(altera_avalon_timer_sc.o)
                              ../exfour_bsp//libhal_bsp.a(alt_sys_init.o) (alt_avalon_timer_sc_init)
../exfour_bsp//libhal_bsp.a(alt_alarm_start.o)
                              ../exfour_bsp//libhal_bsp.a(altera_avalon_jtag_uart_init.o) (alt_alarm_start)
../exfour_bsp//libhal_bsp.a(alt_close.o)
                              ../exfour_bsp//libhal_bsp.a(alt_main.o) (close)
../exfour_bsp//libhal_bsp.a(alt_dcache_flush_all.o)
                              ../exfour_bsp//libhal_bsp.a(alt_load.o) (alt_dcache_flush_all)
../exfour_bsp//libhal_bsp.a(alt_dev.o)
                              ../exfour_bsp//libhal_bsp.a(alt_sys_init.o) (alt_dev_list)
../exfour_bsp//libhal_bsp.a(alt_dev_llist_insert.o)
                              ../exfour_bsp//libhal_bsp.a(alt_sys_init.o) (alt_dev_llist_insert)
../exfour_bsp//libhal_bsp.a(alt_do_ctors.o)
                              ../exfour_bsp//libhal_bsp.a(alt_main.o) (_do_ctors)
../exfour_bsp//libhal_bsp.a(alt_do_dtors.o)
                              ../exfour_bsp//libhal_bsp.a(alt_main.o) (_do_dtors)
../exfour_bsp//libhal_bsp.a(alt_errno.o)
                              ../exfour_bsp//libhal_bsp.a(alt_close.o) (alt_errno)
../exfour_bsp//libhal_bsp.a(alt_icache_flush_all.o)
                              ../exfour_bsp//libhal_bsp.a(alt_load.o) (alt_icache_flush_all)
../exfour_bsp//libhal_bsp.a(alt_iic.o)
                              ../exfour_bsp//libhal_bsp.a(altera_avalon_jtag_uart_init.o) (alt_ic_isr_register)
../exfour_bsp//libhal_bsp.a(alt_iic_isr_register.o)
                              ../exfour_bsp//libhal_bsp.a(alt_iic.o) (alt_iic_isr_register)
../exfour_bsp//libhal_bsp.a(alt_io_redirect.o)
                              ../exfour_bsp//libhal_bsp.a(alt_main.o) (alt_io_redirect)
../exfour_bsp//libhal_bsp.a(alt_irq_entry.o)
                              ../exfour_bsp//libhal_bsp.a(alt_iic_isr_register.o) (alt_irq_entry)
../exfour_bsp//libhal_bsp.a(alt_irq_handler.o)
                              ../exfour_bsp//libhal_bsp.a(alt_iic_isr_register.o) (alt_irq)
../exfour_bsp//libhal_bsp.a(alt_irq_vars.o)
                              ../exfour_bsp//libhal_bsp.a(alt_iic.o) (alt_irq_active)
../exfour_bsp//libhal_bsp.a(alt_open.o)
                              ../exfour_bsp//libhal_bsp.a(alt_io_redirect.o) (open)
../exfour_bsp//libhal_bsp.a(alt_release_fd.o)
                              ../exfour_bsp//libhal_bsp.a(alt_close.o) (alt_release_fd)
../exfour_bsp//libhal_bsp.a(alt_tick.o)
                              ../exfour_bsp//libhal_bsp.a(altera_avalon_jtag_uart_init.o) (_alt_tick_rate)
../exfour_bsp//libhal_bsp.a(altera_nios2_qsys_irq.o)
                              ../exfour_bsp//libhal_bsp.a(alt_sys_init.o) (altera_nios2_qsys_irq_init)
../exfour_bsp//libhal_bsp.a(alt_exception_entry.o)
                              ../exfour_bsp//libhal_bsp.a(alt_irq_entry.o) (alt_exception)
../exfour_bsp//libhal_bsp.a(alt_find_dev.o)
                              ../exfour_bsp//libhal_bsp.a(alt_open.o) (alt_find_dev)
../exfour_bsp//libhal_bsp.a(alt_find_file.o)
                              ../exfour_bsp//libhal_bsp.a(alt_open.o) (alt_find_file)
../exfour_bsp//libhal_bsp.a(alt_get_fd.o)
                              ../exfour_bsp//libhal_bsp.a(alt_open.o) (alt_get_fd)
../exfour_bsp//libhal_bsp.a(alt_icache_flush.o)
                              ../exfour_bsp//libhal_bsp.a(alt_icache_flush_all.o) (alt_icache_flush)
/opt/altera/15.0/nios2eds/bin/gnu/H-x86_64-pc-linux-gnu/bin/../lib/gcc/nios2-elf/4.9.1/../../../../../H-x86_64-pc-linux-gnu/nios2-elf/lib/libc.a(lib_a-atexit.o)
                              ../exfour_bsp//libhal_bsp.a(alt_main.o) (atexit)
/opt/altera/15.0/nios2eds/bin/gnu/H-x86_64-pc-linux-gnu/bin/../lib/gcc/nios2-elf/4.9.1/../../../../../H-x86_64-pc-linux-gnu/nios2-elf/lib/libc.a(lib_a-exit.o)
                              ../exfour_bsp//libhal_bsp.a(alt_main.o) (exit)
/opt/altera/15.0/nios2eds/bin/gnu/H-x86_64-pc-linux-gnu/bin/../lib/gcc/nios2-elf/4.9.1/../../../../../H-x86_64-pc-linux-gnu/nios2-elf/lib/libc.a(lib_a-impure.o)
                              /opt/altera/15.0/nios2eds/bin/gnu/H-x86_64-pc-linux-gnu/bin/../lib/gcc/nios2-elf/4.9.1/../../../../../H-x86_64-pc-linux-gnu/nios2-elf/lib/libc.a(lib_a-exit.o) (_global_impure_ptr)
/opt/altera/15.0/nios2eds/bin/gnu/H-x86_64-pc-linux-gnu/bin/../lib/gcc/nios2-elf/4.9.1/../../../../../H-x86_64-pc-linux-gnu/nios2-elf/lib/libc.a(lib_a-int_errno.o)
                              ../exfour_bsp//libhal_bsp.a(alt_close.o) (errno)
/opt/altera/15.0/nios2eds/bin/gnu/H-x86_64-pc-linux-gnu/bin/../lib/gcc/nios2-elf/4.9.1/../../../../../H-x86_64-pc-linux-gnu/nios2-elf/lib/libc.a(lib_a-memcmp.o)
                              ../exfour_bsp//libhal_bsp.a(alt_find_dev.o) (memcmp)
/opt/altera/15.0/nios2eds/bin/gnu/H-x86_64-pc-linux-gnu/bin/../lib/gcc/nios2-elf/4.9.1/../../../../../H-x86_64-pc-linux-gnu/nios2-elf/lib/libc.a(lib_a-memcpy.o)
                              ../exfour_bsp//libhal_bsp.a(altera_avalon_jtag_uart_read.o) (memcpy)
/opt/altera/15.0/nios2eds/bin/gnu/H-x86_64-pc-linux-gnu/bin/../lib/gcc/nios2-elf/4.9.1/../../../../../H-x86_64-pc-linux-gnu/nios2-elf/lib/libc.a(lib_a-strlen.o)
                              ../exfour_bsp//libhal_bsp.a(alt_find_dev.o) (strlen)
/opt/altera/15.0/nios2eds/bin/gnu/H-x86_64-pc-linux-gnu/bin/../lib/gcc/nios2-elf/4.9.1/../../../../../H-x86_64-pc-linux-gnu/nios2-elf/lib/libc.a(lib_a-__atexit.o)
                              /opt/altera/15.0/nios2eds/bin/gnu/H-x86_64-pc-linux-gnu/bin/../lib/gcc/nios2-elf/4.9.1/../../../../../H-x86_64-pc-linux-gnu/nios2-elf/lib/libc.a(lib_a-atexit.o) (__register_exitproc)
/opt/altera/15.0/nios2eds/bin/gnu/H-x86_64-pc-linux-gnu/bin/../lib/gcc/nios2-elf/4.9.1/../../../../../H-x86_64-pc-linux-gnu/nios2-elf/lib/libc.a(lib_a-__call_atexit.o)
                              /opt/altera/15.0/nios2eds/bin/gnu/H-x86_64-pc-linux-gnu/bin/../lib/gcc/nios2-elf/4.9.1/../../../../../H-x86_64-pc-linux-gnu/nios2-elf/lib/libc.a(lib_a-exit.o) (__call_exitprocs)
../exfour_bsp//libhal_bsp.a(alt_exit.o)
                              /opt/altera/15.0/nios2eds/bin/gnu/H-x86_64-pc-linux-gnu/bin/../lib/gcc/nios2-elf/4.9.1/../../../../../H-x86_64-pc-linux-gnu/nios2-elf/lib/libc.a(lib_a-exit.o) (_exit)

Allocating common symbols
Common symbol       size              file

alt_irq             0x100             ../exfour_bsp//libhal_bsp.a(alt_irq_handler.o)
errno               0x4               /opt/altera/15.0/nios2eds/bin/gnu/H-x86_64-pc-linux-gnu/bin/../lib/gcc/nios2-elf/4.9.1/../../../../../H-x86_64-pc-linux-gnu/nios2-elf/lib/libc.a(lib_a-int_errno.o)

Memory Configuration

Name             Origin             Length             Attributes
reset            0x0000000008000000 0x0000000000000020
sdram            0x0000000008000020 0x0000000003ffffe0
*default*        0x0000000000000000 0xffffffffffffffff

Linker script and memory map

LOAD ../exfour_bsp//obj/HAL/src/crt0.o
LOAD /opt/altera/15.0/nios2eds/bin/gnu/H-x86_64-pc-linux-gnu/bin/../lib/gcc/nios2-elf/4.9.1/../../../../../H-x86_64-pc-linux-gnu/nios2-elf/lib/libstdc++.a
LOAD /opt/altera/15.0/nios2eds/bin/gnu/H-x86_64-pc-linux-gnu/bin/../lib/gcc/nios2-elf/4.9.1/../../../../../H-x86_64-pc-linux-gnu/nios2-elf/lib/libm.a
LOAD /opt/altera/15.0/nios2eds/bin/gnu/H-x86_64-pc-linux-gnu/bin/../lib/gcc/nios2-elf/4.9.1/libgcc.a
START GROUP
LOAD /opt/altera/15.0/nios2eds/bin/gnu/H-x86_64-pc-linux-gnu/bin/../lib/gcc/nios2-elf/4.9.1/../../../../../H-x86_64-pc-linux-gnu/nios2-elf/lib/libc.a
LOAD /opt/altera/15.0/nios2eds/bin/gnu/H-x86_64-pc-linux-gnu/bin/../lib/gcc/nios2-elf/4.9.1/libgcc.a
LOAD ../exfour_bsp//libhal_bsp.a
LOAD /opt/altera/15.0/nios2eds/bin/gnu/H-x86_64-pc-linux-gnu/bin/../lib/gcc/nios2-elf/4.9.1/../../../../../H-x86_64-pc-linux-gnu/nios2-elf/lib/libm.a
END GROUP
LOAD /opt/altera/15.0/nios2eds/bin/gnu/H-x86_64-pc-linux-gnu/bin/../lib/gcc/nios2-elf/4.9.1/libgcc.a
                0x0000000008000000                __alt_mem_sdram = 0x8000000

.entry          0x0000000008000000       0x20
 *(.entry)
 .entry         0x0000000008000000       0x20 ../exfour_bsp//obj/HAL/src/crt0.o
                0x0000000008000000                __reset

.exceptions     0x0000000008000020      0x19c
                0x0000000008000020                PROVIDE (__ram_exceptions_start, ABSOLUTE (.))
                0x0000000008000020                . = ALIGN (0x20)
 *(.irq)
 *(.exceptions.entry.label)
 .exceptions.entry.label
                0x0000000008000020        0x0 ../exfour_bsp//libhal_bsp.a(alt_irq_entry.o)
                0x0000000008000020                alt_irq_entry
 .exceptions.entry.label
                0x0000000008000020        0x0 ../exfour_bsp//libhal_bsp.a(alt_exception_entry.o)
                0x0000000008000020                alt_exception
 *(.exceptions.entry.user)
 *(.exceptions.entry.ecc_fatal)
 *(.exceptions.entry)
 .exceptions.entry
                0x0000000008000020       0x54 ../exfour_bsp//libhal_bsp.a(alt_exception_entry.o)
 *(.exceptions.irqtest.user)
 *(.exceptions.irqtest)
 .exceptions.irqtest
                0x0000000008000074       0x10 ../exfour_bsp//libhal_bsp.a(alt_irq_entry.o)
 *(.exceptions.irqhandler.user)
 *(.exceptions.irqhandler)
 .exceptions.irqhandler
                0x0000000008000084        0x4 ../exfour_bsp//libhal_bsp.a(alt_irq_entry.o)
 *(.exceptions.irqreturn.user)
 *(.exceptions.irqreturn)
 .exceptions.irqreturn
                0x0000000008000088        0x4 ../exfour_bsp//libhal_bsp.a(alt_irq_entry.o)
 *(.exceptions.notirq.label)
 .exceptions.notirq.label
                0x000000000800008c        0x0 ../exfour_bsp//libhal_bsp.a(alt_irq_entry.o)
 *(.exceptions.notirq.user)
 *(.exceptions.notirq)
 .exceptions.notirq
                0x000000000800008c        0x8 ../exfour_bsp//libhal_bsp.a(alt_exception_entry.o)
 *(.exceptions.soft.user)
 *(.exceptions.soft)
 *(.exceptions.unknown.user)
 *(.exceptions.unknown)
 .exceptions.unknown
                0x0000000008000094        0x4 ../exfour_bsp//libhal_bsp.a(alt_exception_entry.o)
 *(.exceptions.exit.label)
 .exceptions.exit.label
                0x0000000008000098        0x0 ../exfour_bsp//libhal_bsp.a(alt_irq_entry.o)
 .exceptions.exit.label
                0x0000000008000098        0x0 ../exfour_bsp//libhal_bsp.a(alt_exception_entry.o)
 *(.exceptions.exit.user)
 *(.exceptions.exit)
 .exceptions.exit
                0x0000000008000098       0x54 ../exfour_bsp//libhal_bsp.a(alt_exception_entry.o)
 *(.exceptions)
 .exceptions    0x00000000080000ec       0xd0 ../exfour_bsp//libhal_bsp.a(alt_irq_handler.o)
                0x00000000080000ec                alt_irq_handler
                0x00000000080001bc                PROVIDE (__ram_exceptions_end, ABSOLUTE (.))
                0x0000000008000020                PROVIDE (__flash_exceptions_start, LOADADDR (.exceptions))

.text           0x00000000080001bc     0x2318
                0x00000000080001bc                PROVIDE (stext, ABSOLUTE (.))
 *(.interp)
 *(.hash)
 *(.dynsym)
 *(.dynstr)
 *(.gnu.version)
 *(.gnu.version_d)
 *(.gnu.version_r)
 *(.rel.init)
 *(.rela.init)
 *(.rel.text .rel.text.* .rel.gnu.linkonce.t.*)
 *(.rela.text .rela.text.* .rela.gnu.linkonce.t.*)
 *(.rel.fini)
 *(.rela.fini)
 *(.rel.rodata .rel.rodata.* .rel.gnu.linkonce.r.*)
 *(.rela.rodata .rela.rodata.* .rela.gnu.linkonce.r.*)
 *(.rel.data .rel.data.* .rel.gnu.linkonce.d.*)
 *(.rela.data .rela.data.* .rela.gnu.linkonce.d.*)
 *(.rel.tdata .rel.tdata.* .rel.gnu.linkonce.td.*)
 *(.rela.tdata .rela.tdata.* .rela.gnu.linkonce.td.*)
 *(.rel.tbss .rel.tbss.* .rel.gnu.linkonce.tb.*)
 *(.rela.tbss .rela.tbss.* .rela.gnu.linkonce.tb.*)
 *(.rel.ctors)
 *(.rela.ctors)
 *(.rel.dtors)
 *(.rela.dtors)
 *(.rel.got)
 *(.rela.got)
 *(.rel.sdata .rel.sdata.* .rel.gnu.linkonce.s.*)
 *(.rela.sdata .rela.sdata.* .rela.gnu.linkonce.s.*)
 *(.rel.sbss .rel.sbss.* .rel.gnu.linkonce.sb.*)
 *(.rela.sbss .rela.sbss.* .rela.gnu.linkonce.sb.*)
 *(.rel.sdata2 .rel.sdata2.* .rel.gnu.linkonce.s2.*)
 *(.rela.sdata2 .rela.sdata2.* .rela.gnu.linkonce.s2.*)
 *(.rel.sbss2 .rel.sbss2.* .rel.gnu.linkonce.sb2.*)
 *(.rela.sbss2 .rela.sbss2.* .rela.gnu.linkonce.sb2.*)
 *(.rel.bss .rel.bss.* .rel.gnu.linkonce.b.*)
 *(.rela.bss .rela.bss.* .rela.gnu.linkonce.b.*)
 *(.rel.plt)
 *(.rela.plt)
 *(.rel.dyn)
 *(.init)
 *(.plt)
 *(.text .stub .text.* .gnu.linkonce.t.*)
 .text          0x00000000080001bc       0x3c ../exfour_bsp//obj/HAL/src/crt0.o
                0x00000000080001bc                _start
 .text          0x00000000080001f8       0xe4 ../exfour_bsp//libhal_bsp.a(alt_load.o)
                0x000000000800025c                alt_load
 .text          0x00000000080002dc       0x78 ../exfour_bsp//libhal_bsp.a(alt_main.o)
                0x00000000080002dc                alt_main
 .text          0x0000000008000354       0xc4 ../exfour_bsp//libhal_bsp.a(alt_sys_init.o)
                0x000000000800038c                alt_irq_init
                0x00000000080003c0                alt_sys_init
 .text          0x0000000008000418      0x164 ../exfour_bsp//libhal_bsp.a(altera_avalon_jtag_uart_fd.o)
                0x0000000008000418                altera_avalon_jtag_uart_read_fd
                0x0000000008000478                altera_avalon_jtag_uart_write_fd
                0x00000000080004d8                altera_avalon_jtag_uart_close_fd
                0x0000000008000528                altera_avalon_jtag_uart_ioctl_fd
 .text          0x000000000800057c      0x3d8 ../exfour_bsp//libhal_bsp.a(altera_avalon_jtag_uart_init.o)
                0x000000000800057c                altera_avalon_jtag_uart_init
                0x00000000080008ec                altera_avalon_jtag_uart_close
 .text          0x0000000008000954       0xec ../exfour_bsp//libhal_bsp.a(altera_avalon_jtag_uart_ioctl.o)
                0x0000000008000954                altera_avalon_jtag_uart_ioctl
 .text          0x0000000008000a40      0x20c ../exfour_bsp//libhal_bsp.a(altera_avalon_jtag_uart_read.o)
                0x0000000008000a40                altera_avalon_jtag_uart_read
 .text          0x0000000008000c4c      0x218 ../exfour_bsp//libhal_bsp.a(altera_avalon_jtag_uart_write.o)
                0x0000000008000c4c                altera_avalon_jtag_uart_write
 .text          0x0000000008000e64       0xfc ../exfour_bsp//libhal_bsp.a(altera_avalon_timer_sc.o)
                0x0000000008000ed8                alt_avalon_timer_sc_init
 .text          0x0000000008000f60      0x140 ../exfour_bsp//libhal_bsp.a(alt_alarm_start.o)
                0x0000000008000f60                alt_alarm_start
 .text          0x00000000080010a0      0x120 ../exfour_bsp//libhal_bsp.a(alt_close.o)
                0x00000000080010f0                close
 .text          0x00000000080011c0       0x1c ../exfour_bsp//libhal_bsp.a(alt_dcache_flush_all.o)
                0x00000000080011c0                alt_dcache_flush_all
 .text          0x00000000080011dc       0x2c ../exfour_bsp//libhal_bsp.a(alt_dev.o)
 .text          0x0000000008001208       0xf4 ../exfour_bsp//libhal_bsp.a(alt_dev_llist_insert.o)
                0x0000000008001258                alt_dev_llist_insert
 .text          0x00000000080012fc       0x5c ../exfour_bsp//libhal_bsp.a(alt_do_ctors.o)
                0x00000000080012fc                _do_ctors
 .text          0x0000000008001358       0x5c ../exfour_bsp//libhal_bsp.a(alt_do_dtors.o)
                0x0000000008001358                _do_dtors
 .text          0x00000000080013b4        0x0 ../exfour_bsp//libhal_bsp.a(alt_errno.o)
 .text          0x00000000080013b4       0x30 ../exfour_bsp//libhal_bsp.a(alt_icache_flush_all.o)
                0x00000000080013b4                alt_icache_flush_all
 .text          0x00000000080013e4      0x1e0 ../exfour_bsp//libhal_bsp.a(alt_iic.o)
                0x00000000080013e4                alt_ic_isr_register
                0x0000000008001434                alt_ic_irq_enable
                0x00000000080014d4                alt_ic_irq_disable
                0x0000000008001578                alt_ic_irq_enabled
 .text          0x00000000080015c4       0xf0 ../exfour_bsp//libhal_bsp.a(alt_iic_isr_register.o)
                0x00000000080015c4                alt_iic_isr_register
 .text          0x00000000080016b4      0x138 ../exfour_bsp//libhal_bsp.a(alt_io_redirect.o)
                0x0000000008001774                alt_io_redirect
 .text          0x00000000080017ec        0x0 ../exfour_bsp//libhal_bsp.a(alt_irq_entry.o)
 .text          0x00000000080017ec        0x0 ../exfour_bsp//libhal_bsp.a(alt_irq_handler.o)
 .text          0x00000000080017ec        0x0 ../exfour_bsp//libhal_bsp.a(alt_irq_vars.o)
 .text          0x00000000080017ec      0x274 ../exfour_bsp//libhal_bsp.a(alt_open.o)
                0x0000000008001908                open
 .text          0x0000000008001a60       0x60 ../exfour_bsp//libhal_bsp.a(alt_release_fd.o)
                0x0000000008001a60                alt_release_fd
 .text          0x0000000008001ac0      0x19c ../exfour_bsp//libhal_bsp.a(alt_tick.o)
                0x0000000008001ac0                alt_alarm_stop
                0x0000000008001b58                alt_tick
 .text          0x0000000008001c5c       0x20 ../exfour_bsp//libhal_bsp.a(altera_nios2_qsys_irq.o)
                0x0000000008001c5c                altera_nios2_qsys_irq_init
 .text          0x0000000008001c7c        0x0 ../exfour_bsp//libhal_bsp.a(alt_exception_entry.o)
 .text          0x0000000008001c7c       0x90 ../exfour_bsp//libhal_bsp.a(alt_find_dev.o)
                0x0000000008001c7c                alt_find_dev
 .text          0x0000000008001d0c      0x114 ../exfour_bsp//libhal_bsp.a(alt_find_file.o)
                0x0000000008001d0c                alt_find_file
 .text          0x0000000008001e20       0xb4 ../exfour_bsp//libhal_bsp.a(alt_get_fd.o)
                0x0000000008001e20                alt_get_fd
 .text          0x0000000008001ed4       0x8c ../exfour_bsp//libhal_bsp.a(alt_icache_flush.o)
                0x0000000008001ed4                alt_icache_flush
 .text          0x0000000008001f60       0x14 /opt/altera/15.0/nios2eds/bin/gnu/H-x86_64-pc-linux-gnu/bin/../lib/gcc/nios2-elf/4.9.1/../../../../../H-x86_64-pc-linux-gnu/nios2-elf/lib/libc.a(lib_a-atexit.o)
                0x0000000008001f60                atexit
 .text          0x0000000008001f74       0x38 /opt/altera/15.0/nios2eds/bin/gnu/H-x86_64-pc-linux-gnu/bin/../lib/gcc/nios2-elf/4.9.1/../../../../../H-x86_64-pc-linux-gnu/nios2-elf/lib/libc.a(lib_a-exit.o)
                0x0000000008001f74                exit
 .text          0x0000000008001fac        0x0 /opt/altera/15.0/nios2eds/bin/gnu/H-x86_64-pc-linux-gnu/bin/../lib/gcc/nios2-elf/4.9.1/../../../../../H-x86_64-pc-linux-gnu/nios2-elf/lib/libc.a(lib_a-impure.o)
 .text          0x0000000008001fac        0x0 /opt/altera/15.0/nios2eds/bin/gnu/H-x86_64-pc-linux-gnu/bin/../lib/gcc/nios2-elf/4.9.1/../../../../../H-x86_64-pc-linux-gnu/nios2-elf/lib/libc.a(lib_a-int_errno.o)
 .text          0x0000000008001fac       0x7c /opt/altera/15.0/nios2eds/bin/gnu/H-x86_64-pc-linux-gnu/bin/../lib/gcc/nios2-elf/4.9.1/../../../../../H-x86_64-pc-linux-gnu/nios2-elf/lib/libc.a(lib_a-memcmp.o)
                0x0000000008001fac                memcmp
 .text          0x0000000008002028      0x138 /opt/altera/15.0/nios2eds/bin/gnu/H-x86_64-pc-linux-gnu/bin/../lib/gcc/nios2-elf/4.9.1/../../../../../H-x86_64-pc-linux-gnu/nios2-elf/lib/libc.a(lib_a-memcpy.o)
                0x0000000008002028                memcpy
 .text          0x0000000008002160       0x98 /opt/altera/15.0/nios2eds/bin/gnu/H-x86_64-pc-linux-gnu/bin/../lib/gcc/nios2-elf/4.9.1/../../../../../H-x86_64-pc-linux-gnu/nios2-elf/lib/libc.a(lib_a-strlen.o)
                0x0000000008002160                strlen
 .text          0x00000000080021f8      0x114 /opt/altera/15.0/nios2eds/bin/gnu/H-x86_64-pc-linux-gnu/bin/../lib/gcc/nios2-elf/4.9.1/../../../../../H-x86_64-pc-linux-gnu/nios2-elf/lib/libc.a(lib_a-__atexit.o)
                0x00000000080021f8                __register_exitproc
 .text          0x000000000800230c      0x194 /opt/altera/15.0/nios2eds/bin/gnu/H-x86_64-pc-linux-gnu/bin/../lib/gcc/nios2-elf/4.9.1/../../../../../H-x86_64-pc-linux-gnu/nios2-elf/lib/libc.a(lib_a-__call_atexit.o)
                0x000000000800230c                __call_exitprocs
 .text          0x00000000080024a0       0x34 ../exfour_bsp//libhal_bsp.a(alt_exit.o)
                0x00000000080024a0                _exit
 *(.gnu.warning.*)
 *(.fini)
                0x00000000080024d4                PROVIDE (__etext, ABSOLUTE (.))
                0x00000000080024d4                PROVIDE (_etext, ABSOLUTE (.))
                0x00000000080024d4                PROVIDE (etext, ABSOLUTE (.))
 *(.eh_frame_hdr)
                0x00000000080024d4                . = ALIGN (0x4)
                0x00000000080024d4                PROVIDE (__preinit_array_start, ABSOLUTE (.))
 *(.preinit_array)
                0x00000000080024d4                PROVIDE (__preinit_array_end, ABSOLUTE (.))
                0x00000000080024d4                PROVIDE (__init_array_start, ABSOLUTE (.))
 *(.init_array)
                0x00000000080024d4                PROVIDE (__init_array_end, ABSOLUTE (.))
                0x00000000080024d4                PROVIDE (__fini_array_start, ABSOLUTE (.))
 *(.fini_array)
                0x00000000080024d4                PROVIDE (__fini_array_end, ABSOLUTE (.))
 *(.eh_frame)
 *(.gcc_except_table .gcc_except_table.*)
 *(.dynamic)
                0x00000000080024d4                PROVIDE (__CTOR_LIST__, ABSOLUTE (.))
 *(.ctors)
 *(SORT(.ctors.*))
                0x00000000080024d4                PROVIDE (__CTOR_END__, ABSOLUTE (.))
                0x00000000080024d4                PROVIDE (__DTOR_LIST__, ABSOLUTE (.))
 *(.dtors)
 *(SORT(.dtors.*))
                0x00000000080024d4                PROVIDE (__DTOR_END__, ABSOLUTE (.))
 *(.jcr)
                0x00000000080024d4                . = ALIGN (0x4)

.rodata         0x00000000080024d4       0x38
                0x00000000080024d4                PROVIDE (__ram_rodata_start, ABSOLUTE (.))
                0x00000000080024d4                . = ALIGN (0x4)
 *(.rodata .rodata.* .gnu.linkonce.r.*)
 .rodata        0x00000000080024d4       0x14 ../exfour_bsp//libhal_bsp.a(alt_main.o)
 .rodata        0x00000000080024e8       0x14 ../exfour_bsp//libhal_bsp.a(alt_sys_init.o)
 .rodata        0x00000000080024fc        0xc ../exfour_bsp//libhal_bsp.a(alt_dev.o)
 .rodata.str1.4
                0x0000000008002508        0x4 /opt/altera/15.0/nios2eds/bin/gnu/H-x86_64-pc-linux-gnu/bin/../lib/gcc/nios2-elf/4.9.1/../../../../../H-x86_64-pc-linux-gnu/nios2-elf/lib/libc.a(lib_a-impure.o)
 *(.rodata1)
                0x000000000800250c                . = ALIGN (0x4)
                0x000000000800250c                PROVIDE (__ram_rodata_end, ABSOLUTE (.))
                0x00000000080024d4                PROVIDE (__flash_rodata_start, LOADADDR (.rodata))

.rwdata         0x000000000800250c     0x1658 load address 0x0000000008003b64
                0x000000000800250c                PROVIDE (__ram_rwdata_start, ABSOLUTE (.))
                0x000000000800250c                . = ALIGN (0x4)
 *(.got.plt)
 *(.got)
 *(.data1)
 *(.data .data.* .gnu.linkonce.d.*)
 .data          0x000000000800250c        0x0 ../exfour_bsp//obj/HAL/src/crt0.o
 .data          0x000000000800250c        0x0 ../exfour_bsp//libhal_bsp.a(alt_load.o)
 .data          0x000000000800250c        0x0 ../exfour_bsp//libhal_bsp.a(alt_main.o)
 .data          0x000000000800250c     0x1060 ../exfour_bsp//libhal_bsp.a(alt_sys_init.o)
 .data          0x000000000800356c        0x0 ../exfour_bsp//libhal_bsp.a(altera_avalon_jtag_uart_fd.o)
 .data          0x000000000800356c        0x0 ../exfour_bsp//libhal_bsp.a(altera_avalon_jtag_uart_init.o)
 .data          0x000000000800356c        0x0 ../exfour_bsp//libhal_bsp.a(altera_avalon_jtag_uart_ioctl.o)
 .data          0x000000000800356c        0x0 ../exfour_bsp//libhal_bsp.a(altera_avalon_jtag_uart_read.o)
 .data          0x000000000800356c        0x0 ../exfour_bsp//libhal_bsp.a(altera_avalon_jtag_uart_write.o)
 .data          0x000000000800356c        0x0 ../exfour_bsp//libhal_bsp.a(altera_avalon_timer_sc.o)
 .data          0x000000000800356c        0x0 ../exfour_bsp//libhal_bsp.a(alt_alarm_start.o)
 .data          0x000000000800356c        0x0 ../exfour_bsp//libhal_bsp.a(alt_close.o)
 .data          0x000000000800356c        0x0 ../exfour_bsp//libhal_bsp.a(alt_dcache_flush_all.o)
 .data          0x000000000800356c      0x1a8 ../exfour_bsp//libhal_bsp.a(alt_dev.o)
                0x000000000800356c                alt_dev_null
                0x0000000008003594                alt_fd_list
 .data          0x0000000008003714        0x0 ../exfour_bsp//libhal_bsp.a(alt_dev_llist_insert.o)
 .data          0x0000000008003714        0x0 ../exfour_bsp//libhal_bsp.a(alt_do_ctors.o)
 .data          0x0000000008003714        0x0 ../exfour_bsp//libhal_bsp.a(alt_do_dtors.o)
 .data          0x0000000008003714        0x0 ../exfour_bsp//libhal_bsp.a(alt_errno.o)
 .data          0x0000000008003714        0x0 ../exfour_bsp//libhal_bsp.a(alt_icache_flush_all.o)
 .data          0x0000000008003714        0x0 ../exfour_bsp//libhal_bsp.a(alt_iic.o)
 .data          0x0000000008003714        0x0 ../exfour_bsp//libhal_bsp.a(alt_iic_isr_register.o)
 .data          0x0000000008003714        0x0 ../exfour_bsp//libhal_bsp.a(alt_io_redirect.o)
 .data          0x0000000008003714        0x0 ../exfour_bsp//libhal_bsp.a(alt_irq_entry.o)
 .data          0x0000000008003714        0x0 ../exfour_bsp//libhal_bsp.a(alt_irq_handler.o)
 .data          0x0000000008003714        0x0 ../exfour_bsp//libhal_bsp.a(alt_irq_vars.o)
 .data          0x0000000008003714        0x0 ../exfour_bsp//libhal_bsp.a(alt_open.o)
 .data          0x0000000008003714        0x0 ../exfour_bsp//libhal_bsp.a(alt_release_fd.o)
 .data          0x0000000008003714        0x0 ../exfour_bsp//libhal_bsp.a(alt_tick.o)
 .data          0x0000000008003714        0x0 ../exfour_bsp//libhal_bsp.a(altera_nios2_qsys_irq.o)
 .data          0x0000000008003714        0x0 ../exfour_bsp//libhal_bsp.a(alt_exception_entry.o)
 .data          0x0000000008003714        0x0 ../exfour_bsp//libhal_bsp.a(alt_find_dev.o)
 .data          0x0000000008003714        0x0 ../exfour_bsp//libhal_bsp.a(alt_find_file.o)
 .data          0x0000000008003714        0x0 ../exfour_bsp//libhal_bsp.a(alt_get_fd.o)
 .data          0x0000000008003714        0x0 ../exfour_bsp//libhal_bsp.a(alt_icache_flush.o)
 .data          0x0000000008003714        0x0 /opt/altera/15.0/nios2eds/bin/gnu/H-x86_64-pc-linux-gnu/bin/../lib/gcc/nios2-elf/4.9.1/../../../../../H-x86_64-pc-linux-gnu/nios2-elf/lib/libc.a(lib_a-atexit.o)
 .data          0x0000000008003714        0x0 /opt/altera/15.0/nios2eds/bin/gnu/H-x86_64-pc-linux-gnu/bin/../lib/gcc/nios2-elf/4.9.1/../../../../../H-x86_64-pc-linux-gnu/nios2-elf/lib/libc.a(lib_a-exit.o)
 .data          0x0000000008003714      0x424 /opt/altera/15.0/nios2eds/bin/gnu/H-x86_64-pc-linux-gnu/bin/../lib/gcc/nios2-elf/4.9.1/../../../../../H-x86_64-pc-linux-gnu/nios2-elf/lib/libc.a(lib_a-impure.o)
 .data          0x0000000008003b38        0x0 /opt/altera/15.0/nios2eds/bin/gnu/H-x86_64-pc-linux-gnu/bin/../lib/gcc/nios2-elf/4.9.1/../../../../../H-x86_64-pc-linux-gnu/nios2-elf/lib/libc.a(lib_a-int_errno.o)
 .data          0x0000000008003b38        0x0 /opt/altera/15.0/nios2eds/bin/gnu/H-x86_64-pc-linux-gnu/bin/../lib/gcc/nios2-elf/4.9.1/../../../../../H-x86_64-pc-linux-gnu/nios2-elf/lib/libc.a(lib_a-memcmp.o)
 .data          0x0000000008003b38        0x0 /opt/altera/15.0/nios2eds/bin/gnu/H-x86_64-pc-linux-gnu/bin/../lib/gcc/nios2-elf/4.9.1/../../../../../H-x86_64-pc-linux-gnu/nios2-elf/lib/libc.a(lib_a-memcpy.o)
 .data          0x0000000008003b38        0x0 /opt/altera/15.0/nios2eds/bin/gnu/H-x86_64-pc-linux-gnu/bin/../lib/gcc/nios2-elf/4.9.1/../../../../../H-x86_64-pc-linux-gnu/nios2-elf/lib/libc.a(lib_a-strlen.o)
 .data          0x0000000008003b38        0x0 /opt/altera/15.0/nios2eds/bin/gnu/H-x86_64-pc-linux-gnu/bin/../lib/gcc/nios2-elf/4.9.1/../../../../../H-x86_64-pc-linux-gnu/nios2-elf/lib/libc.a(lib_a-__atexit.o)
 .data          0x0000000008003b38        0x0 /opt/altera/15.0/nios2eds/bin/gnu/H-x86_64-pc-linux-gnu/bin/../lib/gcc/nios2-elf/4.9.1/../../../../../H-x86_64-pc-linux-gnu/nios2-elf/lib/libc.a(lib_a-__call_atexit.o)
 .data          0x0000000008003b38        0x0 ../exfour_bsp//libhal_bsp.a(alt_exit.o)
                0x000000000800bb38                _gp = ABSOLUTE ((. + 0x8000))
                0x000000000800bb38                PROVIDE (gp, _gp)
 *(.rwdata .rwdata.*)
 *(.sdata .sdata.* .gnu.linkonce.s.*)
 .sdata         0x0000000008003b38       0x14 ../exfour_bsp//libhal_bsp.a(alt_dev.o)
                0x0000000008003b38                alt_fs_list
                0x0000000008003b40                alt_dev_list
                0x0000000008003b48                alt_max_fd
 .sdata         0x0000000008003b4c        0x4 ../exfour_bsp//libhal_bsp.a(alt_errno.o)
                0x0000000008003b4c                alt_errno
 .sdata         0x0000000008003b50        0x4 ../exfour_bsp//libhal_bsp.a(alt_irq_vars.o)
                0x0000000008003b50                alt_priority_mask
 .sdata         0x0000000008003b54        0x8 ../exfour_bsp//libhal_bsp.a(alt_tick.o)
                0x0000000008003b54                alt_alarm_list
 .sdata         0x0000000008003b5c        0x8 /opt/altera/15.0/nios2eds/bin/gnu/H-x86_64-pc-linux-gnu/bin/../lib/gcc/nios2-elf/4.9.1/../../../../../H-x86_64-pc-linux-gnu/nios2-elf/lib/libc.a(lib_a-impure.o)
                0x0000000008003b5c                _global_impure_ptr
                0x0000000008003b60                _impure_ptr
 *(.sdata2 .sdata2.* .gnu.linkonce.s2.*)
                0x0000000008003b64                . = ALIGN (0x4)
                0x0000000008003b64                _edata = ABSOLUTE (.)
                0x0000000008003b64                PROVIDE (edata, ABSOLUTE (.))
                0x0000000008003b64                PROVIDE (__ram_rwdata_end, ABSOLUTE (.))
                0x0000000008003b64                PROVIDE (__flash_rwdata_start, LOADADDR (.rwdata))

.bss            0x00000000080051bc      0x11c
                0x00000000080051bc                __bss_start = ABSOLUTE (.)
                0x00000000080051bc                PROVIDE (__sbss_start, ABSOLUTE (.))
                0x00000000080051bc                PROVIDE (___sbss_start, ABSOLUTE (.))
 *(.dynsbss)
 *(.sbss .sbss.* .gnu.linkonce.sb.*)
 .sbss          0x00000000080051bc        0xc ../exfour_bsp//libhal_bsp.a(alt_main.o)
                0x00000000080051bc                alt_argc
                0x00000000080051c0                alt_argv
                0x00000000080051c4                alt_envp
 .sbss          0x00000000080051c8        0x4 ../exfour_bsp//libhal_bsp.a(alt_irq_vars.o)
                0x00000000080051c8                alt_irq_active
 .sbss          0x00000000080051cc        0x8 ../exfour_bsp//libhal_bsp.a(alt_tick.o)
                0x00000000080051cc                _alt_tick_rate
                0x00000000080051d0                _alt_nticks
 .sbss          0x00000000080051d4        0x4 /opt/altera/15.0/nios2eds/bin/gnu/H-x86_64-pc-linux-gnu/bin/../lib/gcc/nios2-elf/4.9.1/../../../../../H-x86_64-pc-linux-gnu/nios2-elf/lib/libc.a(lib_a-int_errno.o)
                0x00000000080051d4                errno
 *(.sbss2 .sbss2.* .gnu.linkonce.sb2.*)
 *(.scommon)
                0x00000000080051d8                PROVIDE (__sbss_end, ABSOLUTE (.))
                0x00000000080051d8                PROVIDE (___sbss_end, ABSOLUTE (.))
 *(.dynbss)
 *(.bss .bss.* .gnu.linkonce.b.*)
 .bss           0x00000000080051d8        0x0 ../exfour_bsp//obj/HAL/src/crt0.o
 .bss           0x00000000080051d8        0x0 ../exfour_bsp//libhal_bsp.a(alt_load.o)
 .bss           0x00000000080051d8        0x0 ../exfour_bsp//libhal_bsp.a(alt_main.o)
 .bss           0x00000000080051d8        0x0 ../exfour_bsp//libhal_bsp.a(alt_sys_init.o)
 .bss           0x00000000080051d8        0x0 ../exfour_bsp//libhal_bsp.a(altera_avalon_jtag_uart_fd.o)
 .bss           0x00000000080051d8        0x0 ../exfour_bsp//libhal_bsp.a(altera_avalon_jtag_uart_init.o)
 .bss           0x00000000080051d8        0x0 ../exfour_bsp//libhal_bsp.a(altera_avalon_jtag_uart_ioctl.o)
 .bss           0x00000000080051d8        0x0 ../exfour_bsp//libhal_bsp.a(altera_avalon_jtag_uart_read.o)
 .bss           0x00000000080051d8        0x0 ../exfour_bsp//libhal_bsp.a(altera_avalon_jtag_uart_write.o)
 .bss           0x00000000080051d8        0x0 ../exfour_bsp//libhal_bsp.a(altera_avalon_timer_sc.o)
 .bss           0x00000000080051d8        0x0 ../exfour_bsp//libhal_bsp.a(alt_alarm_start.o)
 .bss           0x00000000080051d8        0x0 ../exfour_bsp//libhal_bsp.a(alt_close.o)
 .bss           0x00000000080051d8        0x0 ../exfour_bsp//libhal_bsp.a(alt_dcache_flush_all.o)
 .bss           0x00000000080051d8        0x0 ../exfour_bsp//libhal_bsp.a(alt_dev.o)
 .bss           0x00000000080051d8        0x0 ../exfour_bsp//libhal_bsp.a(alt_dev_llist_insert.o)
 .bss           0x00000000080051d8        0x0 ../exfour_bsp//libhal_bsp.a(alt_do_ctors.o)
 .bss           0x00000000080051d8        0x0 ../exfour_bsp//libhal_bsp.a(alt_do_dtors.o)
 .bss           0x00000000080051d8        0x0 ../exfour_bsp//libhal_bsp.a(alt_errno.o)
 .bss           0x00000000080051d8        0x0 ../exfour_bsp//libhal_bsp.a(alt_icache_flush_all.o)
 .bss           0x00000000080051d8        0x0 ../exfour_bsp//libhal_bsp.a(alt_iic.o)
 .bss           0x00000000080051d8        0x0 ../exfour_bsp//libhal_bsp.a(alt_iic_isr_register.o)
 .bss           0x00000000080051d8        0x0 ../exfour_bsp//libhal_bsp.a(alt_io_redirect.o)
 .bss           0x00000000080051d8        0x0 ../exfour_bsp//libhal_bsp.a(alt_irq_entry.o)
 .bss           0x00000000080051d8        0x0 ../exfour_bsp//libhal_bsp.a(alt_irq_handler.o)
 .bss           0x00000000080051d8        0x0 ../exfour_bsp//libhal_bsp.a(alt_irq_vars.o)
 .bss           0x00000000080051d8        0x0 ../exfour_bsp//libhal_bsp.a(alt_open.o)
 .bss           0x00000000080051d8        0x0 ../exfour_bsp//libhal_bsp.a(alt_release_fd.o)
 .bss           0x00000000080051d8        0x0 ../exfour_bsp//libhal_bsp.a(alt_tick.o)
 .bss           0x00000000080051d8        0x0 ../exfour_bsp//libhal_bsp.a(altera_nios2_qsys_irq.o)
 .bss           0x00000000080051d8        0x0 ../exfour_bsp//libhal_bsp.a(alt_exception_entry.o)
 .bss           0x00000000080051d8        0x0 ../exfour_bsp//libhal_bsp.a(alt_find_dev.o)
 .bss           0x00000000080051d8        0x0 ../exfour_bsp//libhal_bsp.a(alt_find_file.o)
 .bss           0x00000000080051d8        0x0 ../exfour_bsp//libhal_bsp.a(alt_get_fd.o)
 .bss           0x00000000080051d8        0x0 ../exfour_bsp//libhal_bsp.a(alt_icache_flush.o)
 .bss           0x00000000080051d8        0x0 /opt/altera/15.0/nios2eds/bin/gnu/H-x86_64-pc-linux-gnu/bin/../lib/gcc/nios2-elf/4.9.1/../../../../../H-x86_64-pc-linux-gnu/nios2-elf/lib/libc.a(lib_a-atexit.o)
 .bss           0x00000000080051d8        0x0 /opt/altera/15.0/nios2eds/bin/gnu/H-x86_64-pc-linux-gnu/bin/../lib/gcc/nios2-elf/4.9.1/../../../../../H-x86_64-pc-linux-gnu/nios2-elf/lib/libc.a(lib_a-exit.o)
 .bss           0x00000000080051d8        0x0 /opt/altera/15.0/nios2eds/bin/gnu/H-x86_64-pc-linux-gnu/bin/../lib/gcc/nios2-elf/4.9.1/../../../../../H-x86_64-pc-linux-gnu/nios2-elf/lib/libc.a(lib_a-impure.o)
 .bss           0x00000000080051d8        0x0 /opt/altera/15.0/nios2eds/bin/gnu/H-x86_64-pc-linux-gnu/bin/../lib/gcc/nios2-elf/4.9.1/../../../../../H-x86_64-pc-linux-gnu/nios2-elf/lib/libc.a(lib_a-int_errno.o)
 .bss           0x00000000080051d8        0x0 /opt/altera/15.0/nios2eds/bin/gnu/H-x86_64-pc-linux-gnu/bin/../lib/gcc/nios2-elf/4.9.1/../../../../../H-x86_64-pc-linux-gnu/nios2-elf/lib/libc.a(lib_a-memcmp.o)
 .bss           0x00000000080051d8        0x0 /opt/altera/15.0/nios2eds/bin/gnu/H-x86_64-pc-linux-gnu/bin/../lib/gcc/nios2-elf/4.9.1/../../../../../H-x86_64-pc-linux-gnu/nios2-elf/lib/libc.a(lib_a-memcpy.o)
 .bss           0x00000000080051d8        0x0 /opt/altera/15.0/nios2eds/bin/gnu/H-x86_64-pc-linux-gnu/bin/../lib/gcc/nios2-elf/4.9.1/../../../../../H-x86_64-pc-linux-gnu/nios2-elf/lib/libc.a(lib_a-strlen.o)
 .bss           0x00000000080051d8        0x0 /opt/altera/15.0/nios2eds/bin/gnu/H-x86_64-pc-linux-gnu/bin/../lib/gcc/nios2-elf/4.9.1/../../../../../H-x86_64-pc-linux-gnu/nios2-elf/lib/libc.a(lib_a-__atexit.o)
 .bss           0x00000000080051d8        0x0 /opt/altera/15.0/nios2eds/bin/gnu/H-x86_64-pc-linux-gnu/bin/../lib/gcc/nios2-elf/4.9.1/../../../../../H-x86_64-pc-linux-gnu/nios2-elf/lib/libc.a(lib_a-__call_atexit.o)
 .bss           0x00000000080051d8        0x0 ../exfour_bsp//libhal_bsp.a(alt_exit.o)
 *(COMMON)
 COMMON         0x00000000080051d8      0x100 ../exfour_bsp//libhal_bsp.a(alt_irq_handler.o)
                0x00000000080051d8                alt_irq
                0x00000000080052d8                . = ALIGN (0x4)
                0x00000000080052d8                __bss_end = ABSOLUTE (.)

.sdram          0x00000000080052d8        0x0
                0x00000000080052d8                PROVIDE (_alt_partition_sdram_start, ABSOLUTE (.))
 *(.sdram .sdram. sdram.*)
                0x00000000080052d8                . = ALIGN (0x4)
                0x00000000080052d8                PROVIDE (_alt_partition_sdram_end, ABSOLUTE (.))
                0x00000000080052d8                _end = ABSOLUTE (.)
                0x00000000080052d8                end = ABSOLUTE (.)
                0x00000000080052d8                __alt_stack_base = ABSOLUTE (.)
                0x00000000080052d8                PROVIDE (_alt_partition_sdram_load_addr, LOADADDR (.sdram))

.stab
 *(.stab)

.stabstr
 *(.stabstr)

.stab.excl
 *(.stab.excl)

.stab.exclstr
 *(.stab.exclstr)

.stab.index
 *(.stab.index)

.stab.indexstr
 *(.stab.indexstr)

.comment        0x0000000000000000       0x23
 *(.comment)
 .comment       0x0000000000000000       0x23 ../exfour_bsp//libhal_bsp.a(alt_load.o)
                                         0x24 (size before relaxing)
 .comment       0x0000000000000000       0x24 ../exfour_bsp//libhal_bsp.a(alt_main.o)
 .comment       0x0000000000000000       0x24 ../exfour_bsp//libhal_bsp.a(alt_sys_init.o)
 .comment       0x0000000000000000       0x24 ../exfour_bsp//libhal_bsp.a(altera_avalon_jtag_uart_fd.o)
 .comment       0x0000000000000000       0x24 ../exfour_bsp//libhal_bsp.a(altera_avalon_jtag_uart_init.o)
 .comment       0x0000000000000000       0x24 ../exfour_bsp//libhal_bsp.a(altera_avalon_jtag_uart_ioctl.o)
 .comment       0x0000000000000000       0x24 ../exfour_bsp//libhal_bsp.a(altera_avalon_jtag_uart_read.o)
 .comment       0x0000000000000000       0x24 ../exfour_bsp//libhal_bsp.a(altera_avalon_jtag_uart_write.o)
 .comment       0x0000000000000000       0x24 ../exfour_bsp//libhal_bsp.a(altera_avalon_timer_sc.o)
 .comment       0x0000000000000000       0x24 ../exfour_bsp//libhal_bsp.a(alt_alarm_start.o)
 .comment       0x0000000000000000       0x24 ../exfour_bsp//libhal_bsp.a(alt_close.o)
 .comment       0x0000000000000000       0x24 ../exfour_bsp//libhal_bsp.a(alt_dcache_flush_all.o)
 .comment       0x0000000000000000       0x24 ../exfour_bsp//libhal_bsp.a(alt_dev.o)
 .comment       0x0000000000000000       0x24 ../exfour_bsp//libhal_bsp.a(alt_dev_llist_insert.o)
 .comment       0x0000000000000000       0x24 ../exfour_bsp//libhal_bsp.a(alt_do_ctors.o)
 .comment       0x0000000000000000       0x24 ../exfour_bsp//libhal_bsp.a(alt_do_dtors.o)
 .comment       0x0000000000000000       0x24 ../exfour_bsp//libhal_bsp.a(alt_errno.o)
 .comment       0x0000000000000000       0x24 ../exfour_bsp//libhal_bsp.a(alt_icache_flush_all.o)
 .comment       0x0000000000000000       0x24 ../exfour_bsp//libhal_bsp.a(alt_iic.o)
 .comment       0x0000000000000000       0x24 ../exfour_bsp//libhal_bsp.a(alt_iic_isr_register.o)
 .comment       0x0000000000000000       0x24 ../exfour_bsp//libhal_bsp.a(alt_io_redirect.o)
 .comment       0x0000000000000000       0x24 ../exfour_bsp//libhal_bsp.a(alt_irq_handler.o)
 .comment       0x0000000000000000       0x24 ../exfour_bsp//libhal_bsp.a(alt_irq_vars.o)
 .comment       0x0000000000000000       0x24 ../exfour_bsp//libhal_bsp.a(alt_open.o)
 .comment       0x0000000000000000       0x24 ../exfour_bsp//libhal_bsp.a(alt_release_fd.o)
 .comment       0x0000000000000000       0x24 ../exfour_bsp//libhal_bsp.a(alt_tick.o)
 .comment       0x0000000000000000       0x24 ../exfour_bsp//libhal_bsp.a(altera_nios2_qsys_irq.o)
 .comment       0x0000000000000000       0x24 ../exfour_bsp//libhal_bsp.a(alt_find_dev.o)
 .comment       0x0000000000000000       0x24 ../exfour_bsp//libhal_bsp.a(alt_find_file.o)
 .comment       0x0000000000000000       0x24 ../exfour_bsp//libhal_bsp.a(alt_get_fd.o)
 .comment       0x0000000000000000       0x24 ../exfour_bsp//libhal_bsp.a(alt_icache_flush.o)
 .comment       0x0000000000000000       0x24 /opt/altera/15.0/nios2eds/bin/gnu/H-x86_64-pc-linux-gnu/bin/../lib/gcc/nios2-elf/4.9.1/../../../../../H-x86_64-pc-linux-gnu/nios2-elf/lib/libc.a(lib_a-atexit.o)
 .comment       0x0000000000000000       0x24 /opt/altera/15.0/nios2eds/bin/gnu/H-x86_64-pc-linux-gnu/bin/../lib/gcc/nios2-elf/4.9.1/../../../../../H-x86_64-pc-linux-gnu/nios2-elf/lib/libc.a(lib_a-exit.o)
 .comment       0x0000000000000000       0x24 /opt/altera/15.0/nios2eds/bin/gnu/H-x86_64-pc-linux-gnu/bin/../lib/gcc/nios2-elf/4.9.1/../../../../../H-x86_64-pc-linux-gnu/nios2-elf/lib/libc.a(lib_a-impure.o)
 .comment       0x0000000000000000       0x24 /opt/altera/15.0/nios2eds/bin/gnu/H-x86_64-pc-linux-gnu/bin/../lib/gcc/nios2-elf/4.9.1/../../../../../H-x86_64-pc-linux-gnu/nios2-elf/lib/libc.a(lib_a-int_errno.o)
 .comment       0x0000000000000000       0x24 /opt/altera/15.0/nios2eds/bin/gnu/H-x86_64-pc-linux-gnu/bin/../lib/gcc/nios2-elf/4.9.1/../../../../../H-x86_64-pc-linux-gnu/nios2-elf/lib/libc.a(lib_a-memcmp.o)
 .comment       0x0000000000000000       0x24 /opt/altera/15.0/nios2eds/bin/gnu/H-x86_64-pc-linux-gnu/bin/../lib/gcc/nios2-elf/4.9.1/../../../../../H-x86_64-pc-linux-gnu/nios2-elf/lib/libc.a(lib_a-memcpy.o)
 .comment       0x0000000000000000       0x24 /opt/altera/15.0/nios2eds/bin/gnu/H-x86_64-pc-linux-gnu/bin/../lib/gcc/nios2-elf/4.9.1/../../../../../H-x86_64-pc-linux-gnu/nios2-elf/lib/libc.a(lib_a-strlen.o)
 .comment       0x0000000000000000       0x24 /opt/altera/15.0/nios2eds/bin/gnu/H-x86_64-pc-linux-gnu/bin/../lib/gcc/nios2-elf/4.9.1/../../../../../H-x86_64-pc-linux-gnu/nios2-elf/lib/libc.a(lib_a-__atexit.o)
 .comment       0x0000000000000000       0x24 /opt/altera/15.0/nios2eds/bin/gnu/H-x86_64-pc-linux-gnu/bin/../lib/gcc/nios2-elf/4.9.1/../../../../../H-x86_64-pc-linux-gnu/nios2-elf/lib/libc.a(lib_a-__call_atexit.o)
 .comment       0x0000000000000000       0x24 ../exfour_bsp//libhal_bsp.a(alt_exit.o)

.debug
 *(.debug)

.line
 *(.line)

.debug_srcinfo
 *(.debug_srcinfo)

.debug_sfnames
 *(.debug_sfnames)

.debug_aranges  0x0000000000000000      0x590
 *(.debug_aranges)
 .debug_aranges
                0x0000000000000000       0x28 ../exfour_bsp//obj/HAL/src/crt0.o
 .debug_aranges
                0x0000000000000028       0x20 ../exfour_bsp//libhal_bsp.a(alt_load.o)
 .debug_aranges
                0x0000000000000048       0x20 ../exfour_bsp//libhal_bsp.a(alt_main.o)
 .debug_aranges
                0x0000000000000068       0x20 ../exfour_bsp//libhal_bsp.a(alt_sys_init.o)
 .debug_aranges
                0x0000000000000088       0x20 ../exfour_bsp//libhal_bsp.a(altera_avalon_jtag_uart_fd.o)
 .debug_aranges
                0x00000000000000a8       0x20 ../exfour_bsp//libhal_bsp.a(altera_avalon_jtag_uart_init.o)
 .debug_aranges
                0x00000000000000c8       0x20 ../exfour_bsp//libhal_bsp.a(altera_avalon_jtag_uart_ioctl.o)
 .debug_aranges
                0x00000000000000e8       0x20 ../exfour_bsp//libhal_bsp.a(altera_avalon_jtag_uart_read.o)
 .debug_aranges
                0x0000000000000108       0x20 ../exfour_bsp//libhal_bsp.a(altera_avalon_jtag_uart_write.o)
 .debug_aranges
                0x0000000000000128       0x20 ../exfour_bsp//libhal_bsp.a(altera_avalon_timer_sc.o)
 .debug_aranges
                0x0000000000000148       0x20 ../exfour_bsp//libhal_bsp.a(alt_alarm_start.o)
 .debug_aranges
                0x0000000000000168       0x20 ../exfour_bsp//libhal_bsp.a(alt_close.o)
 .debug_aranges
                0x0000000000000188       0x20 ../exfour_bsp//libhal_bsp.a(alt_dcache_flush_all.o)
 .debug_aranges
                0x00000000000001a8       0x20 ../exfour_bsp//libhal_bsp.a(alt_dev.o)
 .debug_aranges
                0x00000000000001c8       0x20 ../exfour_bsp//libhal_bsp.a(alt_dev_llist_insert.o)
 .debug_aranges
                0x00000000000001e8       0x20 ../exfour_bsp//libhal_bsp.a(alt_do_ctors.o)
 .debug_aranges
                0x0000000000000208       0x20 ../exfour_bsp//libhal_bsp.a(alt_do_dtors.o)
 .debug_aranges
                0x0000000000000228       0x18 ../exfour_bsp//libhal_bsp.a(alt_errno.o)
 .debug_aranges
                0x0000000000000240       0x20 ../exfour_bsp//libhal_bsp.a(alt_icache_flush_all.o)
 .debug_aranges
                0x0000000000000260       0x20 ../exfour_bsp//libhal_bsp.a(alt_iic.o)
 .debug_aranges
                0x0000000000000280       0x20 ../exfour_bsp//libhal_bsp.a(alt_iic_isr_register.o)
 .debug_aranges
                0x00000000000002a0       0x20 ../exfour_bsp//libhal_bsp.a(alt_io_redirect.o)
 .debug_aranges
                0x00000000000002c0       0x30 ../exfour_bsp//libhal_bsp.a(alt_irq_entry.o)
 .debug_aranges
                0x00000000000002f0       0x20 ../exfour_bsp//libhal_bsp.a(alt_irq_handler.o)
 .debug_aranges
                0x0000000000000310       0x18 ../exfour_bsp//libhal_bsp.a(alt_irq_vars.o)
 .debug_aranges
                0x0000000000000328       0x20 ../exfour_bsp//libhal_bsp.a(alt_open.o)
 .debug_aranges
                0x0000000000000348       0x20 ../exfour_bsp//libhal_bsp.a(alt_release_fd.o)
 .debug_aranges
                0x0000000000000368       0x20 ../exfour_bsp//libhal_bsp.a(alt_tick.o)
 .debug_aranges
                0x0000000000000388       0x20 ../exfour_bsp//libhal_bsp.a(altera_nios2_qsys_irq.o)
 .debug_aranges
                0x00000000000003a8       0x38 ../exfour_bsp//libhal_bsp.a(alt_exception_entry.o)
 .debug_aranges
                0x00000000000003e0       0x20 ../exfour_bsp//libhal_bsp.a(alt_find_dev.o)
 .debug_aranges
                0x0000000000000400       0x20 ../exfour_bsp//libhal_bsp.a(alt_find_file.o)
 .debug_aranges
                0x0000000000000420       0x20 ../exfour_bsp//libhal_bsp.a(alt_get_fd.o)
 .debug_aranges
                0x0000000000000440       0x20 ../exfour_bsp//libhal_bsp.a(alt_icache_flush.o)
 .debug_aranges
                0x0000000000000460       0x20 /opt/altera/15.0/nios2eds/bin/gnu/H-x86_64-pc-linux-gnu/bin/../lib/gcc/nios2-elf/4.9.1/../../../../../H-x86_64-pc-linux-gnu/nios2-elf/lib/libc.a(lib_a-atexit.o)
 .debug_aranges
                0x0000000000000480       0x20 /opt/altera/15.0/nios2eds/bin/gnu/H-x86_64-pc-linux-gnu/bin/../lib/gcc/nios2-elf/4.9.1/../../../../../H-x86_64-pc-linux-gnu/nios2-elf/lib/libc.a(lib_a-exit.o)
 .debug_aranges
                0x00000000000004a0       0x18 /opt/altera/15.0/nios2eds/bin/gnu/H-x86_64-pc-linux-gnu/bin/../lib/gcc/nios2-elf/4.9.1/../../../../../H-x86_64-pc-linux-gnu/nios2-elf/lib/libc.a(lib_a-impure.o)
 .debug_aranges
                0x00000000000004b8       0x18 /opt/altera/15.0/nios2eds/bin/gnu/H-x86_64-pc-linux-gnu/bin/../lib/gcc/nios2-elf/4.9.1/../../../../../H-x86_64-pc-linux-gnu/nios2-elf/lib/libc.a(lib_a-int_errno.o)
 .debug_aranges
                0x00000000000004d0       0x20 /opt/altera/15.0/nios2eds/bin/gnu/H-x86_64-pc-linux-gnu/bin/../lib/gcc/nios2-elf/4.9.1/../../../../../H-x86_64-pc-linux-gnu/nios2-elf/lib/libc.a(lib_a-memcmp.o)
 .debug_aranges
                0x00000000000004f0       0x20 /opt/altera/15.0/nios2eds/bin/gnu/H-x86_64-pc-linux-gnu/bin/../lib/gcc/nios2-elf/4.9.1/../../../../../H-x86_64-pc-linux-gnu/nios2-elf/lib/libc.a(lib_a-memcpy.o)
 .debug_aranges
                0x0000000000000510       0x20 /opt/altera/15.0/nios2eds/bin/gnu/H-x86_64-pc-linux-gnu/bin/../lib/gcc/nios2-elf/4.9.1/../../../../../H-x86_64-pc-linux-gnu/nios2-elf/lib/libc.a(lib_a-strlen.o)
 .debug_aranges
                0x0000000000000530       0x20 /opt/altera/15.0/nios2eds/bin/gnu/H-x86_64-pc-linux-gnu/bin/../lib/gcc/nios2-elf/4.9.1/../../../../../H-x86_64-pc-linux-gnu/nios2-elf/lib/libc.a(lib_a-__atexit.o)
 .debug_aranges
                0x0000000000000550       0x20 /opt/altera/15.0/nios2eds/bin/gnu/H-x86_64-pc-linux-gnu/bin/../lib/gcc/nios2-elf/4.9.1/../../../../../H-x86_64-pc-linux-gnu/nios2-elf/lib/libc.a(lib_a-__call_atexit.o)
 .debug_aranges
                0x0000000000000570       0x20 ../exfour_bsp//libhal_bsp.a(alt_exit.o)

.debug_pubnames
 *(.debug_pubnames)

.debug_info     0x0000000000000000     0x73fc
 *(.debug_info .gnu.linkonce.wi.*)
 .debug_info    0x0000000000000000       0x81 ../exfour_bsp//obj/HAL/src/crt0.o
 .debug_info    0x0000000000000081      0x13e ../exfour_bsp//libhal_bsp.a(alt_load.o)
 .debug_info    0x00000000000001bf      0x12a ../exfour_bsp//libhal_bsp.a(alt_main.o)
 .debug_info    0x00000000000002e9      0x4d2 ../exfour_bsp//libhal_bsp.a(alt_sys_init.o)
 .debug_info    0x00000000000007bb      0x527 ../exfour_bsp//libhal_bsp.a(altera_avalon_jtag_uart_fd.o)
 .debug_info    0x0000000000000ce2      0x3a1 ../exfour_bsp//libhal_bsp.a(altera_avalon_jtag_uart_init.o)
 .debug_info    0x0000000000001083      0x279 ../exfour_bsp//libhal_bsp.a(altera_avalon_jtag_uart_ioctl.o)
 .debug_info    0x00000000000012fc      0x342 ../exfour_bsp//libhal_bsp.a(altera_avalon_jtag_uart_read.o)
 .debug_info    0x000000000000163e      0x339 ../exfour_bsp//libhal_bsp.a(altera_avalon_jtag_uart_write.o)
 .debug_info    0x0000000000001977      0x21f ../exfour_bsp//libhal_bsp.a(altera_avalon_timer_sc.o)
 .debug_info    0x0000000000001b96      0x2c5 ../exfour_bsp//libhal_bsp.a(alt_alarm_start.o)
 .debug_info    0x0000000000001e5b      0x31a ../exfour_bsp//libhal_bsp.a(alt_close.o)
 .debug_info    0x0000000000002175       0x8b ../exfour_bsp//libhal_bsp.a(alt_dcache_flush_all.o)
 .debug_info    0x0000000000002200      0x495 ../exfour_bsp//libhal_bsp.a(alt_dev.o)
 .debug_info    0x0000000000002695      0x1a2 ../exfour_bsp//libhal_bsp.a(alt_dev_llist_insert.o)
 .debug_info    0x0000000000002837       0x83 ../exfour_bsp//libhal_bsp.a(alt_do_ctors.o)
 .debug_info    0x00000000000028ba       0x83 ../exfour_bsp//libhal_bsp.a(alt_do_dtors.o)
 .debug_info    0x000000000000293d       0x9f ../exfour_bsp//libhal_bsp.a(alt_errno.o)
 .debug_info    0x00000000000029dc       0x8b ../exfour_bsp//libhal_bsp.a(alt_icache_flush_all.o)
 .debug_info    0x0000000000002a67      0x349 ../exfour_bsp//libhal_bsp.a(alt_iic.o)
 .debug_info    0x0000000000002db0      0x1e8 ../exfour_bsp//libhal_bsp.a(alt_iic_isr_register.o)
 .debug_info    0x0000000000002f98      0x49e ../exfour_bsp//libhal_bsp.a(alt_io_redirect.o)
 .debug_info    0x0000000000003436       0x8a ../exfour_bsp//libhal_bsp.a(alt_irq_entry.o)
 .debug_info    0x00000000000034c0      0x180 ../exfour_bsp//libhal_bsp.a(alt_irq_handler.o)
 .debug_info    0x0000000000003640       0x88 ../exfour_bsp//libhal_bsp.a(alt_irq_vars.o)
 .debug_info    0x00000000000036c8      0x3b4 ../exfour_bsp//libhal_bsp.a(alt_open.o)
 .debug_info    0x0000000000003a7c      0x2b0 ../exfour_bsp//libhal_bsp.a(alt_release_fd.o)
 .debug_info    0x0000000000003d2c      0x292 ../exfour_bsp//libhal_bsp.a(alt_tick.o)
 .debug_info    0x0000000000003fbe       0x8b ../exfour_bsp//libhal_bsp.a(altera_nios2_qsys_irq.o)
 .debug_info    0x0000000000004049       0x90 ../exfour_bsp//libhal_bsp.a(alt_exception_entry.o)
 .debug_info    0x00000000000040d9      0x2e2 ../exfour_bsp//libhal_bsp.a(alt_find_dev.o)
 .debug_info    0x00000000000043bb      0x2df ../exfour_bsp//libhal_bsp.a(alt_find_file.o)
 .debug_info    0x000000000000469a      0x309 ../exfour_bsp//libhal_bsp.a(alt_get_fd.o)
 .debug_info    0x00000000000049a3       0xd5 ../exfour_bsp//libhal_bsp.a(alt_icache_flush.o)
 .debug_info    0x0000000000004a78      0x10a /opt/altera/15.0/nios2eds/bin/gnu/H-x86_64-pc-linux-gnu/bin/../lib/gcc/nios2-elf/4.9.1/../../../../../H-x86_64-pc-linux-gnu/nios2-elf/lib/libc.a(lib_a-atexit.o)
 .debug_info    0x0000000000004b82      0x8df /opt/altera/15.0/nios2eds/bin/gnu/H-x86_64-pc-linux-gnu/bin/../lib/gcc/nios2-elf/4.9.1/../../../../../H-x86_64-pc-linux-gnu/nios2-elf/lib/libc.a(lib_a-exit.o)
 .debug_info    0x0000000000005461      0x88f /opt/altera/15.0/nios2eds/bin/gnu/H-x86_64-pc-linux-gnu/bin/../lib/gcc/nios2-elf/4.9.1/../../../../../H-x86_64-pc-linux-gnu/nios2-elf/lib/libc.a(lib_a-impure.o)
 .debug_info    0x0000000000005cf0       0x83 /opt/altera/15.0/nios2eds/bin/gnu/H-x86_64-pc-linux-gnu/bin/../lib/gcc/nios2-elf/4.9.1/../../../../../H-x86_64-pc-linux-gnu/nios2-elf/lib/libc.a(lib_a-int_errno.o)
 .debug_info    0x0000000000005d73      0x113 /opt/altera/15.0/nios2eds/bin/gnu/H-x86_64-pc-linux-gnu/bin/../lib/gcc/nios2-elf/4.9.1/../../../../../H-x86_64-pc-linux-gnu/nios2-elf/lib/libc.a(lib_a-memcmp.o)
 .debug_info    0x0000000000005e86      0x133 /opt/altera/15.0/nios2eds/bin/gnu/H-x86_64-pc-linux-gnu/bin/../lib/gcc/nios2-elf/4.9.1/../../../../../H-x86_64-pc-linux-gnu/nios2-elf/lib/libc.a(lib_a-memcpy.o)
 .debug_info    0x0000000000005fb9       0xdb /opt/altera/15.0/nios2eds/bin/gnu/H-x86_64-pc-linux-gnu/bin/../lib/gcc/nios2-elf/4.9.1/../../../../../H-x86_64-pc-linux-gnu/nios2-elf/lib/libc.a(lib_a-strlen.o)
 .debug_info    0x0000000000006094      0x93b /opt/altera/15.0/nios2eds/bin/gnu/H-x86_64-pc-linux-gnu/bin/../lib/gcc/nios2-elf/4.9.1/../../../../../H-x86_64-pc-linux-gnu/nios2-elf/lib/libc.a(lib_a-__atexit.o)
 .debug_info    0x00000000000069cf      0x948 /opt/altera/15.0/nios2eds/bin/gnu/H-x86_64-pc-linux-gnu/bin/../lib/gcc/nios2-elf/4.9.1/../../../../../H-x86_64-pc-linux-gnu/nios2-elf/lib/libc.a(lib_a-__call_atexit.o)
 .debug_info    0x0000000000007317       0xe5 ../exfour_bsp//libhal_bsp.a(alt_exit.o)

.debug_abbrev   0x0000000000000000     0x291d
 *(.debug_abbrev)
 .debug_abbrev  0x0000000000000000       0x12 ../exfour_bsp//obj/HAL/src/crt0.o
 .debug_abbrev  0x0000000000000012       0x9f ../exfour_bsp//libhal_bsp.a(alt_load.o)
 .debug_abbrev  0x00000000000000b1       0xba ../exfour_bsp//libhal_bsp.a(alt_main.o)
 .debug_abbrev  0x000000000000016b      0x187 ../exfour_bsp//libhal_bsp.a(alt_sys_init.o)
 .debug_abbrev  0x00000000000002f2      0x127 ../exfour_bsp//libhal_bsp.a(altera_avalon_jtag_uart_fd.o)
 .debug_abbrev  0x0000000000000419      0x197 ../exfour_bsp//libhal_bsp.a(altera_avalon_jtag_uart_init.o)
 .debug_abbrev  0x00000000000005b0      0x111 ../exfour_bsp//libhal_bsp.a(altera_avalon_jtag_uart_ioctl.o)
 .debug_abbrev  0x00000000000006c1      0x1ac ../exfour_bsp//libhal_bsp.a(altera_avalon_jtag_uart_read.o)
 .debug_abbrev  0x000000000000086d      0x1a8 ../exfour_bsp//libhal_bsp.a(altera_avalon_jtag_uart_write.o)
 .debug_abbrev  0x0000000000000a15      0x155 ../exfour_bsp//libhal_bsp.a(altera_avalon_timer_sc.o)
 .debug_abbrev  0x0000000000000b6a      0x162 ../exfour_bsp//libhal_bsp.a(alt_alarm_start.o)
 .debug_abbrev  0x0000000000000ccc      0x11f ../exfour_bsp//libhal_bsp.a(alt_close.o)
 .debug_abbrev  0x0000000000000deb       0x42 ../exfour_bsp//libhal_bsp.a(alt_dcache_flush_all.o)
 .debug_abbrev  0x0000000000000e2d       0xd9 ../exfour_bsp//libhal_bsp.a(alt_dev.o)
 .debug_abbrev  0x0000000000000f06      0x114 ../exfour_bsp//libhal_bsp.a(alt_dev_llist_insert.o)
 .debug_abbrev  0x000000000000101a       0x79 ../exfour_bsp//libhal_bsp.a(alt_do_ctors.o)
 .debug_abbrev  0x0000000000001093       0x79 ../exfour_bsp//libhal_bsp.a(alt_do_dtors.o)
 .debug_abbrev  0x000000000000110c       0x5a ../exfour_bsp//libhal_bsp.a(alt_errno.o)
 .debug_abbrev  0x0000000000001166       0x42 ../exfour_bsp//libhal_bsp.a(alt_icache_flush_all.o)
 .debug_abbrev  0x00000000000011a8      0x163 ../exfour_bsp//libhal_bsp.a(alt_iic.o)
 .debug_abbrev  0x000000000000130b      0x169 ../exfour_bsp//libhal_bsp.a(alt_iic_isr_register.o)
 .debug_abbrev  0x0000000000001474      0x114 ../exfour_bsp//libhal_bsp.a(alt_io_redirect.o)
 .debug_abbrev  0x0000000000001588       0x12 ../exfour_bsp//libhal_bsp.a(alt_irq_entry.o)
 .debug_abbrev  0x000000000000159a      0x122 ../exfour_bsp//libhal_bsp.a(alt_irq_handler.o)
 .debug_abbrev  0x00000000000016bc       0x40 ../exfour_bsp//libhal_bsp.a(alt_irq_vars.o)
 .debug_abbrev  0x00000000000016fc      0x148 ../exfour_bsp//libhal_bsp.a(alt_open.o)
 .debug_abbrev  0x0000000000001844       0xde ../exfour_bsp//libhal_bsp.a(alt_release_fd.o)
 .debug_abbrev  0x0000000000001922      0x15a ../exfour_bsp//libhal_bsp.a(alt_tick.o)
 .debug_abbrev  0x0000000000001a7c       0x42 ../exfour_bsp//libhal_bsp.a(altera_nios2_qsys_irq.o)
 .debug_abbrev  0x0000000000001abe       0x12 ../exfour_bsp//libhal_bsp.a(alt_exception_entry.o)
 .debug_abbrev  0x0000000000001ad0       0xf0 ../exfour_bsp//libhal_bsp.a(alt_find_dev.o)
 .debug_abbrev  0x0000000000001bc0       0xf0 ../exfour_bsp//libhal_bsp.a(alt_find_file.o)
 .debug_abbrev  0x0000000000001cb0      0x10d ../exfour_bsp//libhal_bsp.a(alt_get_fd.o)
 .debug_abbrev  0x0000000000001dbd       0x8c ../exfour_bsp//libhal_bsp.a(alt_icache_flush.o)
 .debug_abbrev  0x0000000000001e49       0xb8 /opt/altera/15.0/nios2eds/bin/gnu/H-x86_64-pc-linux-gnu/bin/../lib/gcc/nios2-elf/4.9.1/../../../../../H-x86_64-pc-linux-gnu/nios2-elf/lib/libc.a(lib_a-atexit.o)
 .debug_abbrev  0x0000000000001f01      0x1e6 /opt/altera/15.0/nios2eds/bin/gnu/H-x86_64-pc-linux-gnu/bin/../lib/gcc/nios2-elf/4.9.1/../../../../../H-x86_64-pc-linux-gnu/nios2-elf/lib/libc.a(lib_a-exit.o)
 .debug_abbrev  0x00000000000020e7      0x180 /opt/altera/15.0/nios2eds/bin/gnu/H-x86_64-pc-linux-gnu/bin/../lib/gcc/nios2-elf/4.9.1/../../../../../H-x86_64-pc-linux-gnu/nios2-elf/lib/libc.a(lib_a-impure.o)
 .debug_abbrev  0x0000000000002267       0x37 /opt/altera/15.0/nios2eds/bin/gnu/H-x86_64-pc-linux-gnu/bin/../lib/gcc/nios2-elf/4.9.1/../../../../../H-x86_64-pc-linux-gnu/nios2-elf/lib/libc.a(lib_a-int_errno.o)
 .debug_abbrev  0x000000000000229e       0x7f /opt/altera/15.0/nios2eds/bin/gnu/H-x86_64-pc-linux-gnu/bin/../lib/gcc/nios2-elf/4.9.1/../../../../../H-x86_64-pc-linux-gnu/nios2-elf/lib/libc.a(lib_a-memcmp.o)
 .debug_abbrev  0x000000000000231d       0x9c /opt/altera/15.0/nios2eds/bin/gnu/H-x86_64-pc-linux-gnu/bin/../lib/gcc/nios2-elf/4.9.1/../../../../../H-x86_64-pc-linux-gnu/nios2-elf/lib/libc.a(lib_a-memcpy.o)
 .debug_abbrev  0x00000000000023b9       0x90 /opt/altera/15.0/nios2eds/bin/gnu/H-x86_64-pc-linux-gnu/bin/../lib/gcc/nios2-elf/4.9.1/../../../../../H-x86_64-pc-linux-gnu/nios2-elf/lib/libc.a(lib_a-strlen.o)
 .debug_abbrev  0x0000000000002449      0x21e /opt/altera/15.0/nios2eds/bin/gnu/H-x86_64-pc-linux-gnu/bin/../lib/gcc/nios2-elf/4.9.1/../../../../../H-x86_64-pc-linux-gnu/nios2-elf/lib/libc.a(lib_a-__atexit.o)
 .debug_abbrev  0x0000000000002667      0x210 /opt/altera/15.0/nios2eds/bin/gnu/H-x86_64-pc-linux-gnu/bin/../lib/gcc/nios2-elf/4.9.1/../../../../../H-x86_64-pc-linux-gnu/nios2-elf/lib/libc.a(lib_a-__call_atexit.o)
 .debug_abbrev  0x0000000000002877       0xa6 ../exfour_bsp//libhal_bsp.a(alt_exit.o)

.debug_line     0x0000000000000000     0x294e
 *(.debug_line)
 .debug_line    0x0000000000000000       0x6c ../exfour_bsp//obj/HAL/src/crt0.o
 .debug_line    0x000000000000006c       0x8d ../exfour_bsp//libhal_bsp.a(alt_load.o)
 .debug_line    0x00000000000000f9       0xa4 ../exfour_bsp//libhal_bsp.a(alt_main.o)
 .debug_line    0x000000000000019d      0x151 ../exfour_bsp//libhal_bsp.a(alt_sys_init.o)
 .debug_line    0x00000000000002ee      0x12f ../exfour_bsp//libhal_bsp.a(altera_avalon_jtag_uart_fd.o)
 .debug_line    0x000000000000041d      0x180 ../exfour_bsp//libhal_bsp.a(altera_avalon_jtag_uart_init.o)
 .debug_line    0x000000000000059d      0x12e ../exfour_bsp//libhal_bsp.a(altera_avalon_jtag_uart_ioctl.o)
 .debug_line    0x00000000000006cb      0x16a ../exfour_bsp//libhal_bsp.a(altera_avalon_jtag_uart_read.o)
 .debug_line    0x0000000000000835      0x16a ../exfour_bsp//libhal_bsp.a(altera_avalon_jtag_uart_write.o)
 .debug_line    0x000000000000099f       0xfd ../exfour_bsp//libhal_bsp.a(altera_avalon_timer_sc.o)
 .debug_line    0x0000000000000a9c       0xfa ../exfour_bsp//libhal_bsp.a(alt_alarm_start.o)
 .debug_line    0x0000000000000b96      0x165 ../exfour_bsp//libhal_bsp.a(alt_close.o)
 .debug_line    0x0000000000000cfb       0x51 ../exfour_bsp//libhal_bsp.a(alt_dcache_flush_all.o)
 .debug_line    0x0000000000000d4c       0xf7 ../exfour_bsp//libhal_bsp.a(alt_dev.o)
 .debug_line    0x0000000000000e43       0xd0 ../exfour_bsp//libhal_bsp.a(alt_dev_llist_insert.o)
 .debug_line    0x0000000000000f13       0x59 ../exfour_bsp//libhal_bsp.a(alt_do_ctors.o)
 .debug_line    0x0000000000000f6c       0x59 ../exfour_bsp//libhal_bsp.a(alt_do_dtors.o)
 .debug_line    0x0000000000000fc5       0x51 ../exfour_bsp//libhal_bsp.a(alt_errno.o)
 .debug_line    0x0000000000001016       0x50 ../exfour_bsp//libhal_bsp.a(alt_icache_flush_all.o)
 .debug_line    0x0000000000001066       0xef ../exfour_bsp//libhal_bsp.a(alt_iic.o)
 .debug_line    0x0000000000001155       0xdb ../exfour_bsp//libhal_bsp.a(alt_iic_isr_register.o)
 .debug_line    0x0000000000001230      0x132 ../exfour_bsp//libhal_bsp.a(alt_io_redirect.o)
 .debug_line    0x0000000000001362       0x6b ../exfour_bsp//libhal_bsp.a(alt_irq_entry.o)
 .debug_line    0x00000000000013cd       0xaa ../exfour_bsp//libhal_bsp.a(alt_irq_handler.o)
 .debug_line    0x0000000000001477       0x50 ../exfour_bsp//libhal_bsp.a(alt_irq_vars.o)
 .debug_line    0x00000000000014c7      0x12a ../exfour_bsp//libhal_bsp.a(alt_open.o)
 .debug_line    0x00000000000015f1       0xae ../exfour_bsp//libhal_bsp.a(alt_release_fd.o)
 .debug_line    0x000000000000169f       0xfe ../exfour_bsp//libhal_bsp.a(alt_tick.o)
 .debug_line    0x000000000000179d       0x51 ../exfour_bsp//libhal_bsp.a(altera_nios2_qsys_irq.o)
 .debug_line    0x00000000000017ee       0xab ../exfour_bsp//libhal_bsp.a(alt_exception_entry.o)
 .debug_line    0x0000000000001899       0xb5 ../exfour_bsp//libhal_bsp.a(alt_find_dev.o)
 .debug_line    0x000000000000194e       0xd1 ../exfour_bsp//libhal_bsp.a(alt_find_file.o)
 .debug_line    0x0000000000001a1f       0xd5 ../exfour_bsp//libhal_bsp.a(alt_get_fd.o)
 .debug_line    0x0000000000001af4       0x81 ../exfour_bsp//libhal_bsp.a(alt_icache_flush.o)
 .debug_line    0x0000000000001b75       0xe6 /opt/altera/15.0/nios2eds/bin/gnu/H-x86_64-pc-linux-gnu/bin/../lib/gcc/nios2-elf/4.9.1/../../../../../H-x86_64-pc-linux-gnu/nios2-elf/lib/libc.a(lib_a-atexit.o)
 .debug_line    0x0000000000001c5b      0x1fa /opt/altera/15.0/nios2eds/bin/gnu/H-x86_64-pc-linux-gnu/bin/../lib/gcc/nios2-elf/4.9.1/../../../../../H-x86_64-pc-linux-gnu/nios2-elf/lib/libc.a(lib_a-exit.o)
 .debug_line    0x0000000000001e55      0x15f /opt/altera/15.0/nios2eds/bin/gnu/H-x86_64-pc-linux-gnu/bin/../lib/gcc/nios2-elf/4.9.1/../../../../../H-x86_64-pc-linux-gnu/nios2-elf/lib/libc.a(lib_a-impure.o)
 .debug_line    0x0000000000001fb4       0x5d /opt/altera/15.0/nios2eds/bin/gnu/H-x86_64-pc-linux-gnu/bin/../lib/gcc/nios2-elf/4.9.1/../../../../../H-x86_64-pc-linux-gnu/nios2-elf/lib/libc.a(lib_a-int_errno.o)
 .debug_line    0x0000000000002011      0x175 /opt/altera/15.0/nios2eds/bin/gnu/H-x86_64-pc-linux-gnu/bin/../lib/gcc/nios2-elf/4.9.1/../../../../../H-x86_64-pc-linux-gnu/nios2-elf/lib/libc.a(lib_a-memcmp.o)
 .debug_line    0x0000000000002186      0x184 /opt/altera/15.0/nios2eds/bin/gnu/H-x86_64-pc-linux-gnu/bin/../lib/gcc/nios2-elf/4.9.1/../../../../../H-x86_64-pc-linux-gnu/nios2-elf/lib/libc.a(lib_a-memcpy.o)
 .debug_line    0x000000000000230a      0x16e /opt/altera/15.0/nios2eds/bin/gnu/H-x86_64-pc-linux-gnu/bin/../lib/gcc/nios2-elf/4.9.1/../../../../../H-x86_64-pc-linux-gnu/nios2-elf/lib/libc.a(lib_a-strlen.o)
 .debug_line    0x0000000000002478      0x224 /opt/altera/15.0/nios2eds/bin/gnu/H-x86_64-pc-linux-gnu/bin/../lib/gcc/nios2-elf/4.9.1/../../../../../H-x86_64-pc-linux-gnu/nios2-elf/lib/libc.a(lib_a-__atexit.o)
 .debug_line    0x000000000000269c      0x241 /opt/altera/15.0/nios2eds/bin/gnu/H-x86_64-pc-linux-gnu/bin/../lib/gcc/nios2-elf/4.9.1/../../../../../H-x86_64-pc-linux-gnu/nios2-elf/lib/libc.a(lib_a-__call_atexit.o)
 .debug_line    0x00000000000028dd       0x71 ../exfour_bsp//libhal_bsp.a(alt_exit.o)

.debug_frame    0x0000000000000000      0xa70
 *(.debug_frame)
 .debug_frame   0x0000000000000000       0x5c ../exfour_bsp//libhal_bsp.a(alt_load.o)
 .debug_frame   0x000000000000005c       0x2c ../exfour_bsp//libhal_bsp.a(alt_main.o)
 .debug_frame   0x0000000000000088       0x88 ../exfour_bsp//libhal_bsp.a(alt_sys_init.o)
 .debug_frame   0x0000000000000110       0xb0 ../exfour_bsp//libhal_bsp.a(altera_avalon_jtag_uart_fd.o)
 .debug_frame   0x00000000000001c0       0xa4 ../exfour_bsp//libhal_bsp.a(altera_avalon_jtag_uart_init.o)
 .debug_frame   0x0000000000000264       0x34 ../exfour_bsp//libhal_bsp.a(altera_avalon_jtag_uart_ioctl.o)
 .debug_frame   0x0000000000000298       0x38 ../exfour_bsp//libhal_bsp.a(altera_avalon_jtag_uart_read.o)
 .debug_frame   0x00000000000002d0       0x38 ../exfour_bsp//libhal_bsp.a(altera_avalon_jtag_uart_write.o)
 .debug_frame   0x0000000000000308       0x60 ../exfour_bsp//libhal_bsp.a(altera_avalon_timer_sc.o)
 .debug_frame   0x0000000000000368       0x34 ../exfour_bsp//libhal_bsp.a(alt_alarm_start.o)
 .debug_frame   0x000000000000039c       0x60 ../exfour_bsp//libhal_bsp.a(alt_close.o)
 .debug_frame   0x00000000000003fc       0x34 ../exfour_bsp//libhal_bsp.a(alt_dcache_flush_all.o)
 .debug_frame   0x0000000000000430       0x34 ../exfour_bsp//libhal_bsp.a(alt_dev.o)
 .debug_frame   0x0000000000000464       0x60 ../exfour_bsp//libhal_bsp.a(alt_dev_llist_insert.o)
 .debug_frame   0x00000000000004c4       0x38 ../exfour_bsp//libhal_bsp.a(alt_do_ctors.o)
 .debug_frame   0x00000000000004fc       0x38 ../exfour_bsp//libhal_bsp.a(alt_do_dtors.o)
 .debug_frame   0x0000000000000534       0x38 ../exfour_bsp//libhal_bsp.a(alt_icache_flush_all.o)
 .debug_frame   0x000000000000056c       0xa4 ../exfour_bsp//libhal_bsp.a(alt_iic.o)
 .debug_frame   0x0000000000000610       0x38 ../exfour_bsp//libhal_bsp.a(alt_iic_isr_register.o)
 .debug_frame   0x0000000000000648       0x60 ../exfour_bsp//libhal_bsp.a(alt_io_redirect.o)
 .debug_frame   0x00000000000006a8       0x38 ../exfour_bsp//libhal_bsp.a(alt_irq_handler.o)
 .debug_frame   0x00000000000006e0       0x84 ../exfour_bsp//libhal_bsp.a(alt_open.o)
 .debug_frame   0x0000000000000764       0x34 ../exfour_bsp//libhal_bsp.a(alt_release_fd.o)
 .debug_frame   0x0000000000000798       0x5c ../exfour_bsp//libhal_bsp.a(alt_tick.o)
 .debug_frame   0x00000000000007f4       0x34 ../exfour_bsp//libhal_bsp.a(altera_nios2_qsys_irq.o)
 .debug_frame   0x0000000000000828       0x38 ../exfour_bsp//libhal_bsp.a(alt_find_dev.o)
 .debug_frame   0x0000000000000860       0x38 ../exfour_bsp//libhal_bsp.a(alt_find_file.o)
 .debug_frame   0x0000000000000898       0x34 ../exfour_bsp//libhal_bsp.a(alt_get_fd.o)
 .debug_frame   0x00000000000008cc       0x34 ../exfour_bsp//libhal_bsp.a(alt_icache_flush.o)
 .debug_frame   0x0000000000000900       0x20 /opt/altera/15.0/nios2eds/bin/gnu/H-x86_64-pc-linux-gnu/bin/../lib/gcc/nios2-elf/4.9.1/../../../../../H-x86_64-pc-linux-gnu/nios2-elf/lib/libc.a(lib_a-atexit.o)
 .debug_frame   0x0000000000000920       0x28 /opt/altera/15.0/nios2eds/bin/gnu/H-x86_64-pc-linux-gnu/bin/../lib/gcc/nios2-elf/4.9.1/../../../../../H-x86_64-pc-linux-gnu/nios2-elf/lib/libc.a(lib_a-exit.o)
 .debug_frame   0x0000000000000948       0x20 /opt/altera/15.0/nios2eds/bin/gnu/H-x86_64-pc-linux-gnu/bin/../lib/gcc/nios2-elf/4.9.1/../../../../../H-x86_64-pc-linux-gnu/nios2-elf/lib/libc.a(lib_a-memcmp.o)
 .debug_frame   0x0000000000000968       0x30 /opt/altera/15.0/nios2eds/bin/gnu/H-x86_64-pc-linux-gnu/bin/../lib/gcc/nios2-elf/4.9.1/../../../../../H-x86_64-pc-linux-gnu/nios2-elf/lib/libc.a(lib_a-memcpy.o)
 .debug_frame   0x0000000000000998       0x20 /opt/altera/15.0/nios2eds/bin/gnu/H-x86_64-pc-linux-gnu/bin/../lib/gcc/nios2-elf/4.9.1/../../../../../H-x86_64-pc-linux-gnu/nios2-elf/lib/libc.a(lib_a-strlen.o)
 .debug_frame   0x00000000000009b8       0x38 /opt/altera/15.0/nios2eds/bin/gnu/H-x86_64-pc-linux-gnu/bin/../lib/gcc/nios2-elf/4.9.1/../../../../../H-x86_64-pc-linux-gnu/nios2-elf/lib/libc.a(lib_a-__atexit.o)
 .debug_frame   0x00000000000009f0       0x54 /opt/altera/15.0/nios2eds/bin/gnu/H-x86_64-pc-linux-gnu/bin/../lib/gcc/nios2-elf/4.9.1/../../../../../H-x86_64-pc-linux-gnu/nios2-elf/lib/libc.a(lib_a-__call_atexit.o)
 .debug_frame   0x0000000000000a44       0x2c ../exfour_bsp//libhal_bsp.a(alt_exit.o)

.debug_str      0x0000000000000000     0x159c
 *(.debug_str)
 .debug_str     0x0000000000000000      0x1c9 ../exfour_bsp//libhal_bsp.a(alt_load.o)
                                        0x202 (size before relaxing)
 .debug_str     0x00000000000001c9       0x70 ../exfour_bsp//libhal_bsp.a(alt_main.o)
                                        0x18d (size before relaxing)
 .debug_str     0x0000000000000239      0x1da ../exfour_bsp//libhal_bsp.a(alt_sys_init.o)
                                        0x380 (size before relaxing)
 .debug_str     0x0000000000000413       0xb9 ../exfour_bsp//libhal_bsp.a(altera_avalon_jtag_uart_fd.o)
                                        0x394 (size before relaxing)
 .debug_str     0x00000000000004cc       0xd1 ../exfour_bsp//libhal_bsp.a(altera_avalon_jtag_uart_init.o)
                                        0x328 (size before relaxing)
 .debug_str     0x000000000000059d       0x4a ../exfour_bsp//libhal_bsp.a(altera_avalon_jtag_uart_ioctl.o)
                                        0x283 (size before relaxing)
 .debug_str     0x00000000000005e7       0x7f ../exfour_bsp//libhal_bsp.a(altera_avalon_jtag_uart_read.o)
                                        0x2d8 (size before relaxing)
 .debug_str     0x0000000000000666       0x4a ../exfour_bsp//libhal_bsp.a(altera_avalon_jtag_uart_write.o)
                                        0x2d9 (size before relaxing)
 .debug_str     0x00000000000006b0       0x6d ../exfour_bsp//libhal_bsp.a(altera_avalon_timer_sc.o)
                                        0x23b (size before relaxing)
 .debug_str     0x000000000000071d       0x5f ../exfour_bsp//libhal_bsp.a(alt_alarm_start.o)
                                        0x26e (size before relaxing)
 .debug_str     0x000000000000077c       0x44 ../exfour_bsp//libhal_bsp.a(alt_close.o)
                                        0x1fb (size before relaxing)
 .debug_str     0x00000000000007c0       0x34 ../exfour_bsp//libhal_bsp.a(alt_dcache_flush_all.o)
                                        0x145 (size before relaxing)
 .debug_str     0x00000000000007f4      0x120 ../exfour_bsp//libhal_bsp.a(alt_dev.o)
                                        0x2f5 (size before relaxing)
 .debug_str     0x0000000000000914       0x34 ../exfour_bsp//libhal_bsp.a(alt_dev_llist_insert.o)
                                        0x1bc (size before relaxing)
 .debug_str     0x0000000000000948       0x48 ../exfour_bsp//libhal_bsp.a(alt_do_ctors.o)
                                         0xcc (size before relaxing)
 .debug_str     0x0000000000000990       0x4c ../exfour_bsp//libhal_bsp.a(alt_do_dtors.o)
                                         0xcb (size before relaxing)
 .debug_str     0x00000000000009dc       0x14 ../exfour_bsp//libhal_bsp.a(alt_errno.o)
                                        0x135 (size before relaxing)
 .debug_str     0x00000000000009f0       0x34 ../exfour_bsp//libhal_bsp.a(alt_icache_flush_all.o)
                                        0x145 (size before relaxing)
 .debug_str     0x0000000000000a24       0xc4 ../exfour_bsp//libhal_bsp.a(alt_iic.o)
                                        0x22e (size before relaxing)
 .debug_str     0x0000000000000ae8       0x4c ../exfour_bsp//libhal_bsp.a(alt_iic_isr_register.o)
                                        0x1d8 (size before relaxing)
 .debug_str     0x0000000000000b34       0x56 ../exfour_bsp//libhal_bsp.a(alt_io_redirect.o)
                                        0x306 (size before relaxing)
 .debug_str     0x0000000000000b8a       0x3a ../exfour_bsp//libhal_bsp.a(alt_irq_handler.o)
                                        0x187 (size before relaxing)
 .debug_str     0x0000000000000bc4       0x17 ../exfour_bsp//libhal_bsp.a(alt_irq_vars.o)
                                        0x136 (size before relaxing)
 .debug_str     0x0000000000000bdb       0x2f ../exfour_bsp//libhal_bsp.a(alt_open.o)
                                        0x23b (size before relaxing)
 .debug_str     0x0000000000000c0a       0x28 ../exfour_bsp//libhal_bsp.a(alt_release_fd.o)
                                        0x1cf (size before relaxing)
 .debug_str     0x0000000000000c32       0x4a ../exfour_bsp//libhal_bsp.a(alt_tick.o)
                                        0x242 (size before relaxing)
 .debug_str     0x0000000000000c7c       0x3b ../exfour_bsp//libhal_bsp.a(altera_nios2_qsys_irq.o)
                                        0x14c (size before relaxing)
 .debug_str     0x0000000000000cb7       0x24 ../exfour_bsp//libhal_bsp.a(alt_find_dev.o)
                                        0x1dc (size before relaxing)
 .debug_str     0x0000000000000cdb       0x26 ../exfour_bsp//libhal_bsp.a(alt_find_file.o)
                                        0x1ea (size before relaxing)
 .debug_str     0x0000000000000d01       0x30 ../exfour_bsp//libhal_bsp.a(alt_get_fd.o)
                                        0x20c (size before relaxing)
 .debug_str     0x0000000000000d31       0x2c ../exfour_bsp//libhal_bsp.a(alt_icache_flush.o)
                                        0x14b (size before relaxing)
 .debug_str     0x0000000000000d5d      0x133 /opt/altera/15.0/nios2eds/bin/gnu/H-x86_64-pc-linux-gnu/bin/../lib/gcc/nios2-elf/4.9.1/../../../../../H-x86_64-pc-linux-gnu/nios2-elf/lib/libc.a(lib_a-atexit.o)
                                        0x1cc (size before relaxing)
 .debug_str     0x0000000000000e90      0x3b5 /opt/altera/15.0/nios2eds/bin/gnu/H-x86_64-pc-linux-gnu/bin/../lib/gcc/nios2-elf/4.9.1/../../../../../H-x86_64-pc-linux-gnu/nios2-elf/lib/libc.a(lib_a-exit.o)
                                        0x562 (size before relaxing)
 .debug_str     0x0000000000001245       0xca /opt/altera/15.0/nios2eds/bin/gnu/H-x86_64-pc-linux-gnu/bin/../lib/gcc/nios2-elf/4.9.1/../../../../../H-x86_64-pc-linux-gnu/nios2-elf/lib/libc.a(lib_a-impure.o)
                                        0x559 (size before relaxing)
 .debug_str     0x000000000000130f       0x3d /opt/altera/15.0/nios2eds/bin/gnu/H-x86_64-pc-linux-gnu/bin/../lib/gcc/nios2-elf/4.9.1/../../../../../H-x86_64-pc-linux-gnu/nios2-elf/lib/libc.a(lib_a-int_errno.o)
                                        0x188 (size before relaxing)
 .debug_str     0x000000000000134c       0xce /opt/altera/15.0/nios2eds/bin/gnu/H-x86_64-pc-linux-gnu/bin/../lib/gcc/nios2-elf/4.9.1/../../../../../H-x86_64-pc-linux-gnu/nios2-elf/lib/libc.a(lib_a-memcmp.o)
                                        0x18f (size before relaxing)
 .debug_str     0x000000000000141a       0x69 /opt/altera/15.0/nios2eds/bin/gnu/H-x86_64-pc-linux-gnu/bin/../lib/gcc/nios2-elf/4.9.1/../../../../../H-x86_64-pc-linux-gnu/nios2-elf/lib/libc.a(lib_a-memcpy.o)
                                        0x1b6 (size before relaxing)
 .debug_str     0x0000000000001483       0x4f /opt/altera/15.0/nios2eds/bin/gnu/H-x86_64-pc-linux-gnu/bin/../lib/gcc/nios2-elf/4.9.1/../../../../../H-x86_64-pc-linux-gnu/nios2-elf/lib/libc.a(lib_a-strlen.o)
                                        0x1a2 (size before relaxing)
 .debug_str     0x00000000000014d2       0x4b /opt/altera/15.0/nios2eds/bin/gnu/H-x86_64-pc-linux-gnu/bin/../lib/gcc/nios2-elf/4.9.1/../../../../../H-x86_64-pc-linux-gnu/nios2-elf/lib/libc.a(lib_a-__atexit.o)
                                        0x5af (size before relaxing)
 .debug_str     0x000000000000151d       0x55 /opt/altera/15.0/nios2eds/bin/gnu/H-x86_64-pc-linux-gnu/bin/../lib/gcc/nios2-elf/4.9.1/../../../../../H-x86_64-pc-linux-gnu/nios2-elf/lib/libc.a(lib_a-__call_atexit.o)
                                        0x578 (size before relaxing)
 .debug_str     0x0000000000001572       0x2a ../exfour_bsp//libhal_bsp.a(alt_exit.o)
                                        0x141 (size before relaxing)

.debug_loc      0x0000000000000000      0x784
 *(.debug_loc)
 .debug_loc     0x0000000000000000       0x2c /opt/altera/15.0/nios2eds/bin/gnu/H-x86_64-pc-linux-gnu/bin/../lib/gcc/nios2-elf/4.9.1/../../../../../H-x86_64-pc-linux-gnu/nios2-elf/lib/libc.a(lib_a-atexit.o)
 .debug_loc     0x000000000000002c       0x1e /opt/altera/15.0/nios2eds/bin/gnu/H-x86_64-pc-linux-gnu/bin/../lib/gcc/nios2-elf/4.9.1/../../../../../H-x86_64-pc-linux-gnu/nios2-elf/lib/libc.a(lib_a-exit.o)
 .debug_loc     0x000000000000004a      0x126 /opt/altera/15.0/nios2eds/bin/gnu/H-x86_64-pc-linux-gnu/bin/../lib/gcc/nios2-elf/4.9.1/../../../../../H-x86_64-pc-linux-gnu/nios2-elf/lib/libc.a(lib_a-memcmp.o)
 .debug_loc     0x0000000000000170      0x2a2 /opt/altera/15.0/nios2eds/bin/gnu/H-x86_64-pc-linux-gnu/bin/../lib/gcc/nios2-elf/4.9.1/../../../../../H-x86_64-pc-linux-gnu/nios2-elf/lib/libc.a(lib_a-memcpy.o)
 .debug_loc     0x0000000000000412       0x47 /opt/altera/15.0/nios2eds/bin/gnu/H-x86_64-pc-linux-gnu/bin/../lib/gcc/nios2-elf/4.9.1/../../../../../H-x86_64-pc-linux-gnu/nios2-elf/lib/libc.a(lib_a-strlen.o)
 .debug_loc     0x0000000000000459      0x185 /opt/altera/15.0/nios2eds/bin/gnu/H-x86_64-pc-linux-gnu/bin/../lib/gcc/nios2-elf/4.9.1/../../../../../H-x86_64-pc-linux-gnu/nios2-elf/lib/libc.a(lib_a-__atexit.o)
 .debug_loc     0x00000000000005de      0x1a6 /opt/altera/15.0/nios2eds/bin/gnu/H-x86_64-pc-linux-gnu/bin/../lib/gcc/nios2-elf/4.9.1/../../../../../H-x86_64-pc-linux-gnu/nios2-elf/lib/libc.a(lib_a-__call_atexit.o)

.debug_macinfo
 *(.debug_macinfo)

.debug_weaknames
 *(.debug_weaknames)

.debug_funcnames
 *(.debug_funcnames)

.debug_typenames
 *(.debug_typenames)

.debug_varnames
 *(.debug_varnames)

.debug_alt_sim_info
                0x0000000000000000       0x20
 *(.debug_alt_sim_info)
 .debug_alt_sim_info
                0x0000000000000000       0x20 ../exfour_bsp//obj/HAL/src/crt0.o
                0x000000000c000000                __alt_data_end = 0xc000000
                0x000000000c000000                PROVIDE (__alt_stack_pointer, __alt_data_end)
                0x00000000080052d8                PROVIDE (__alt_stack_limit, __alt_stack_base)
                0x00000000080052d8                PROVIDE (__alt_heap_start, end)
                0x000000000c000000                PROVIDE (__alt_heap_limit, 0xc000000)
OUTPUT(exfour.elf elf32-littlenios2)

.debug_ranges   0x0000000000000000       0xa0
 .debug_ranges  0x0000000000000000       0x20 ../exfour_bsp//obj/HAL/src/crt0.o
 .debug_ranges  0x0000000000000020       0x28 ../exfour_bsp//libhal_bsp.a(alt_irq_entry.o)
 .debug_ranges  0x0000000000000048       0x10 ../exfour_bsp//libhal_bsp.a(alt_irq_handler.o)
 .debug_ranges  0x0000000000000058       0x30 ../exfour_bsp//libhal_bsp.a(alt_exception_entry.o)
 .debug_ranges  0x0000000000000088       0x18 /opt/altera/15.0/nios2eds/bin/gnu/H-x86_64-pc-linux-gnu/bin/../lib/gcc/nios2-elf/4.9.1/../../../../../H-x86_64-pc-linux-gnu/nios2-elf/lib/libc.a(lib_a-__call_atexit.o)
